05-09 14:55:57.924  1613  1613 D AudioFlinger: isLowRamDevice:false totalMemory:1567629312 mClientSharedHeapSize:4194304
05-09 14:55:57.925  1843  1843 I SystemServer: StartDockObserver
05-09 14:55:57.925  1843  1843 I SystemServiceManager: Starting com.android.server.DockObserver
05-09 14:55:57.925  1843  1843 W DockObserver: This kernel does not have dock station support
05-09 14:55:57.926  1843  1843 I SystemServer: StartWiredAccessoryManager
05-09 14:55:57.926  1843  1843 W WiredAccessoryManager: This kernel does not have usb audio support
05-09 14:55:57.926  1843  1843 W WiredAccessoryManager: This kernel does not have HDMI audio support
05-09 14:55:57.926  1843  1843 I SystemServer: StartMidiManager
05-09 14:55:57.926  1843  1843 I SystemServiceManager: Starting com.android.server.midi.MidiService$Lifecycle
05-09 14:55:57.944  1843  1843 I SystemServer: StartUsbService
05-09 14:55:57.944  1843  1843 I SystemServiceManager: Starting com.android.server.usb.UsbService$Lifecycle
05-09 14:55:57.969  1843  1843 E UsbDeviceManager: failed to write to /sys/class/android_usb/android0/f_rndis/ethaddr
05-09 14:55:57.971  1540  1540 W hwservicemanager: getTransport: Cannot find entry android.hardware.usb.gadget@1.0::IUsbGadget/default in either framework or device manifest.
05-09 14:55:58.055  1843  1843 I UsbDeviceManager: USB GADGET HAL not present in the device
05-09 14:55:58.055  1843  1843 I UsbDeviceManager: java.util.NoSuchElementException
05-09 14:55:58.055  1843  1843 I UsbDeviceManager: 	at android.os.HwBinder.getService(Native Method)
05-09 14:55:58.055  1843  1843 I UsbDeviceManager: 	at android.hardware.usb.gadget.V1_0.IUsbGadget.getService(IUsbGadget.java:40)
05-09 14:55:58.055  1843  1843 I UsbDeviceManager: 	at android.hardware.usb.gadget.V1_0.IUsbGadget.getService(IUsbGadget.java:44)
05-09 14:55:58.055  1843  1843 I UsbDeviceManager: 	at com.android.server.usb.UsbDeviceManager.<init>(UsbDeviceManager.java:267)
05-09 14:55:58.055  1843  1843 I UsbDeviceManager: 	at com.android.server.usb.UsbService.<init>(UsbService.java:139)
05-09 14:55:58.055  1843  1843 I UsbDeviceManager: 	at com.android.server.usb.UsbService$Lifecycle.onStart(UsbService.java:73)
05-09 14:55:58.055  1843  1843 I UsbDeviceManager: 	at com.android.server.SystemServiceManager.startService(SystemServiceManager.java:126)
05-09 14:55:58.055  1843  1843 I UsbDeviceManager: 	at com.android.server.SystemServiceManager.startService(SystemServiceManager.java:113)
05-09 14:55:58.055  1843  1843 I UsbDeviceManager: 	at com.android.server.SystemServiceManager.startService(SystemServiceManager.java:72)
05-09 14:55:58.055  1843  1843 I UsbDeviceManager: 	at com.android.server.SystemServer.startOtherServices(SystemServer.java:1299)
05-09 14:55:58.055  1843  1843 I UsbDeviceManager: 	at com.android.server.SystemServer.run(SystemServer.java:431)
05-09 14:55:58.055  1843  1843 I UsbDeviceManager: 	at com.android.server.SystemServer.main(SystemServer.java:294)
05-09 14:55:58.055  1843  1843 I UsbDeviceManager: 	at java.lang.reflect.Method.invoke(Native Method)
05-09 14:55:58.055  1843  1843 I UsbDeviceManager: 	at com.android.internal.os.RuntimeInit$MethodAndArgsCaller.run(RuntimeInit.java:493)
05-09 14:55:58.055  1843  1843 I UsbDeviceManager: 	at com.android.internal.os.ZygoteInit.main(ZygoteInit.java:838)
05-09 14:55:58.055  1843  1843 E UsbDeviceManager: Failed to open control for mtp
05-09 14:55:58.080  1540  1540 W hwservicemanager: getTransport: Cannot find entry android.hardware.usb@1.0::IUsb/default in either framework or device manifest.
05-09 14:55:58.055  1843  1843 E UsbDeviceManager: Failed to open control for mtp
05-09 14:55:58.081  1843  1843 E UsbPortManager: connectToProxy: usb hal service not found. Did the service fail to start?
05-09 14:55:58.081  1843  1843 E UsbPortManager: java.util.NoSuchElementException
05-09 14:55:58.081  1843  1843 E UsbPortManager: 	at android.os.HwBinder.getService(Native Method)
05-09 14:55:58.081  1843  1843 E UsbPortManager: 	at android.os.HwBinder.getService(HwBinder.java:91)
05-09 14:55:58.081  1843  1843 E UsbPortManager: 	at android.hardware.usb.V1_0.IUsb.getService(IUsb.java:48)
05-09 14:55:58.081  1843  1843 E UsbPortManager: 	at android.hardware.usb.V1_0.IUsb.getService(IUsb.java:52)
05-09 14:55:58.081  1843  1843 E UsbPortManager: 	at com.android.server.usb.UsbPortManager.connectToProxy(UsbPortManager.java:531)
05-09 14:55:58.081  1843  1843 E UsbPortManager: 	at com.android.server.usb.UsbPortManager.<init>(UsbPortManager.java:137)
05-09 14:55:58.081  1843  1843 E UsbPortManager: 	at com.android.server.usb.UsbService.<init>(UsbService.java:142)
05-09 14:55:58.081  1843  1843 E UsbPortManager: 	at com.android.server.usb.UsbService$Lifecycle.onStart(UsbService.java:73)
05-09 14:55:58.081  1843  1843 E UsbPortManager: 	at com.android.server.SystemServiceManager.startService(SystemServiceManager.java:126)
05-09 14:55:58.081  1843  1843 E UsbPortManager: 	at com.android.server.SystemServiceManager.startService(SystemServiceManager.java:113)
05-09 14:55:58.081  1843  1843 E UsbPortManager: 	at com.android.server.SystemServiceManager.startService(SystemServiceManager.java:72)
05-09 14:55:58.081  1843  1843 E UsbPortManager: 	at com.android.server.SystemServer.startOtherServices(SystemServer.java:1299)
05-09 14:55:58.081  1843  1843 E UsbPortManager: 	at com.android.server.SystemServer.run(SystemServer.java:431)
05-09 14:55:58.081  1843  1843 E UsbPortManager: 	at com.android.server.SystemServer.main(SystemServer.java:294)
05-09 14:55:58.081  1843  1843 E UsbPortManager: 	at java.lang.reflect.Method.invoke(Native Method)
05-09 14:55:58.081  1843  1843 E UsbPortManager: 	at com.android.internal.os.RuntimeInit$MethodAndArgsCaller.run(RuntimeInit.java:493)
05-09 14:55:58.081  1843  1843 E UsbPortManager: 	at com.android.internal.os.ZygoteInit.main(ZygoteInit.java:838)
05-09 14:55:58.084  1843  1843 W SystemServiceManager: Service com.android.server.usb.UsbService$Lifecycle took 140 ms in onStart
05-09 14:55:58.084  1843  1843 I SystemServer: StartSerialService
05-09 14:55:58.084  1843  1843 I SystemServer: StartHardwarePropertiesManagerService
05-09 14:55:58.085  1540  1540 W hwservicemanager: getTransport: Cannot find entry android.hardware.thermal@1.0::IThermal/default in either framework or device manifest.
05-09 14:55:58.086  1843  1843 I SystemServer: StartTwilightService
05-09 14:55:58.086  1843  1843 I SystemServiceManager: Starting com.android.server.twilight.TwilightService
05-09 14:55:58.086  1843  1843 I SystemServer: StartJobScheduler
05-09 14:55:58.086  1843  1843 I SystemServiceManager: Starting com.android.server.job.JobSchedulerService
05-09 14:55:58.088  1843  1850 I chatty  : uid=1000(system) FinalizerDaemon expire 2 lines
05-09 14:55:58.101  1843  1843 D JobStore: Start tag: job-info
05-09 14:55:58.108  1843  1843 I JobStore: Read 45 jobs
05-09 14:55:58.115  1843  1843 I SystemServer: StartSoundTrigger
05-09 14:55:58.115  1843  1843 I SystemServiceManager: Starting com.android.server.soundtrigger.SoundTriggerService
05-09 14:55:58.116  1843  1843 I SystemServer: StartTrustManager
05-09 14:55:58.116  1843  1843 I SystemServiceManager: Starting com.android.server.trust.TrustManagerService
05-09 14:55:58.117  1843  1843 I SystemServer: StartBackupManager
05-09 14:55:58.117  1843  1843 I SystemServiceManager: Starting com.android.server.backup.BackupManagerService$Lifecycle
05-09 14:55:58.128  1843  1843 I SystemServer: StartAppWidgerService
05-09 14:55:58.128  1843  1843 I SystemServiceManager: Starting com.android.server.appwidget.AppWidgetService
05-09 14:55:58.154  1843  1843 I SystemServer: StartVoiceRecognitionManager
05-09 14:55:58.154  1843  1843 I SystemServiceManager: Starting com.android.server.voiceinteraction.VoiceInteractionManagerService
05-09 14:55:58.156  1843  1843 I SystemServer: StartGestureLauncher
05-09 14:55:58.156  1843  1843 I SystemServiceManager: Starting com.android.server.GestureLauncherService
05-09 14:55:58.156  1843  1843 I SystemServer: StartSensorNotification
05-09 14:55:58.156  1843  1843 I SystemServiceManager: Starting com.android.server.SensorNotificationService
05-09 14:55:58.156  1843  1843 I SystemServer: StartContextHubSystemService
05-09 14:55:58.156  1843  1843 I SystemServiceManager: Starting com.android.server.ContextHubSystemService
05-09 14:55:58.157  1843  1843 I SystemServer: StartDiskStatsService
05-09 14:55:58.159  1843  1843 I SystemServer: StartNetworkTimeUpdateService
05-09 14:55:58.160  1843  1843 I SystemServer: StartCommonTimeManagementService
05-09 14:55:58.161  1843  1843 I SystemServer: CertBlacklister
05-09 14:55:58.161  1843  1843 I SystemServer: StartEmergencyAffordanceService
05-09 14:55:58.161  1843  1843 I SystemServiceManager: Starting com.android.server.emergency.EmergencyAffordanceService
05-09 14:55:58.161  1843  1843 I SystemServer: StartDreamManager
05-09 14:55:58.161  1843  1843 I SystemServiceManager: Starting com.android.server.dreams.DreamManagerService
05-09 14:55:58.162  1843  1843 I SystemServer: AddGraphicsStatsService
05-09 14:55:58.163  1843  1843 I SystemServer: StartPrintManager
05-09 14:55:58.164  1843  1843 I SystemServiceManager: Starting com.android.server.print.PrintManagerService
05-09 14:55:58.164  1843  1843 I SystemServer: StartRestrictionManager
05-09 14:55:58.164  1843  1843 I SystemServiceManager: Starting com.android.server.restrictions.RestrictionsManagerService
05-09 14:55:58.167  1843  1843 I SystemServer: StartMediaSessionService
05-09 14:55:58.167  1843  1843 I SystemServiceManager: Starting com.android.server.media.MediaSessionService
05-09 14:55:58.169  1540  1540 W hwservicemanager: getTransport: Cannot find entry android.hardware.contexthub@1.0::IContexthub/default in either framework or device manifest.
05-09 14:55:58.169  1843  1900 I chatty  : uid=1000 system_server expire 1 line
05-09 14:55:58.170  1843  1843 I SystemServer: StartMediaUpdateService
05-09 14:55:58.170  1843  1843 I SystemServiceManager: Starting com.android.server.media.MediaUpdateService
05-09 14:55:58.171  1843  1843 I SystemServer: StartMediaResourceMonitor
05-09 14:55:58.171  1843  1843 I SystemServiceManager: Starting com.android.server.media.MediaResourceMonitorService
05-09 14:55:58.174  1843  1843 I SystemServer: StartMediaRouterService
05-09 14:55:58.175  1843  1843 I SystemServer: StartFingerprintSensor
05-09 14:55:58.176  1843  1843 I SystemServiceManager: Starting com.android.server.fingerprint.FingerprintService
05-09 14:55:58.178  1843  1843 I SystemServer: StartBackgroundDexOptService
05-09 14:55:58.178  1843  1843 I SystemServer: StartPruneInstantAppsJobService
05-09 14:55:58.178  1843  1843 I SystemServer: StartShortcutServiceLifecycle
05-09 14:55:58.178  1843  1843 I SystemServiceManager: Starting com.android.server.pm.ShortcutService$Lifecycle
05-09 14:55:58.179  1843  1893 V FingerprintService: mDaemon was null, reconnect to fingerprint
05-09 14:55:58.180  1843  1893 I chatty  : uid=1000 system_server expire 1 line
05-09 14:55:58.181  1843  1893 V FingerprintService: Fingerprint HAL id: 3876229120
05-09 14:55:58.181  1686  1686 D FingerprintHal: ----------------> fingerprint_set_active_group -----------------> path /data/vendor_de/0/fpdata
05-09 14:55:58.181  1686  1686 D FingerprintHal: ----------------> loadFingerprints ----------------->
05-09 14:55:58.181  1843  1843 I SystemServer: StartLauncherAppsService
05-09 14:55:58.181  1686  1686 E FingerprintHal: Could not load fingerprints from storage at /data/vendor_de/0/fpdata/emufp.bin; it has not yet been created.
05-09 14:55:58.181  1843  1843 I SystemServiceManager: Starting com.android.server.pm.LauncherAppsService
05-09 14:55:58.182  1686  1686 D FingerprintHal: ----------------> loadAuthenticatorId ----------------->
05-09 14:55:58.182  1843  1843 I SystemServer: StartCrossProfileAppsService
05-09 14:55:58.182  1843  1843 I SystemServiceManager: Starting com.android.server.pm.CrossProfileAppsService
05-09 14:55:58.183  1843  1843 I SystemServer: StartMediaProjectionManager
05-09 14:55:58.183  1843  1843 I SystemServiceManager: Starting com.android.server.media.projection.MediaProjectionManagerService
05-09 14:55:58.185  1686  1686 D FingerprintHal: Read authenticator id (0x6b8b4567327b23c6)
05-09 14:55:58.231  1843  1893 V FingerprintService: Enumerating user(0)
05-09 14:55:58.231  1843  1893 V FingerprintService: starting client InternalEnumerateClient(android), initiatedByClient = true
05-09 14:55:58.231  1686  1686 D FingerprintHal: ----------------> fingerprint_enumerate ----------------->
05-09 14:55:58.231  1686  1686 D android.hardware.biometrics.fingerprint@2.1-service: onEnumerate(fid=0, gid=0, rem=0)
05-09 14:55:58.232  1843  1843 I SystemServer: StartSliceManagerService
05-09 14:55:58.232  1843  1843 I SystemServiceManager: Starting com.android.server.slice.SliceManagerService$Lifecycle
05-09 14:55:58.234  1843  1843 I SystemServer: StartCameraServiceProxy
05-09 14:55:58.234  1843  1843 I SystemServiceManager: Starting com.android.server.camera.CameraServiceProxy
05-09 14:55:58.239  1843  1843 I SystemServer: StartStatsCompanionService
05-09 14:55:58.239  1843  1843 I SystemServiceManager: Starting com.android.server.stats.StatsCompanionService$Lifecycle
05-09 14:55:58.239  1843  1843 E KernelUidCpuFreqTimeReader: Failed to read /proc/uid_time_in_state: java.io.FileNotFoundException: /proc/uid_time_in_state (No such file or directory)
05-09 14:55:58.240  1843  1843 I SystemServer: StartJitCompilation
05-09 14:55:58.240  1843  1843 I SystemServer: StartMmsService
05-09 14:55:58.240  1843  1843 I SystemServiceManager: Starting com.android.server.MmsServiceBroker
05-09 14:55:58.241  1843  1843 I SystemServer: StartAutoFillService
05-09 14:55:58.241  1843  1843 I SystemServiceManager: Starting com.android.server.autofill.AutofillManagerService
05-09 14:55:58.241  1843  1843 I AutofillManagerService: Setting debug to false
05-09 14:55:58.242  1843  1843 I SystemServer: MakeVibratorServiceReady
05-09 14:55:58.243  1843  1843 I SystemServer: MakeLockSettingsServiceReady
05-09 14:55:58.263  1540  1540 W hwservicemanager: getTransport: Cannot find entry android.hardware.weaver@1.0::IWeaver/default in either framework or device manifest.
05-09 14:55:58.264  1843  1843 I SyntheticPasswordManager: Device does not support weaver
05-09 14:55:58.264  1540  1540 W hwservicemanager: getTransport: Cannot find entry android.hardware.authsecret@1.0::IAuthSecret/default in either framework or device manifest.
05-09 14:55:58.264  1843  1843 I LockSettingsService: Device doesn't implement AuthSecret HAL
05-09 14:55:58.265  1843  1843 E LockSettingsStorage: Cannot read file java.io.FileNotFoundException: /data/system/gatekeeper.password.key: open failed: ENOENT (No such file or directory)
05-09 14:55:58.265  1843  1843 E LockSettingsStorage: Cannot read file java.io.FileNotFoundException: /data/system/password.key: open failed: ENOENT (No such file or directory)
05-09 14:55:58.265  1843  1843 E LockSettingsStorage: Cannot read file java.io.FileNotFoundException: /data/system/gatekeeper.pattern.key: open failed: ENOENT (No such file or directory)
05-09 14:55:58.265  1843  1843 E LockSettingsStorage: Cannot read file java.io.FileNotFoundException: /data/system/gatekeeper.gesture.key: open failed: ENOENT (No such file or directory)
05-09 14:55:58.266  1843  1843 E LockSettingsStorage: Cannot read file java.io.FileNotFoundException: /data/system/gesture.key: open failed: ENOENT (No such file or directory)
05-09 14:55:58.266  1843  1843 I SystemServer: StartBootPhaseLockSettingsReady
05-09 14:55:58.266  1843  1843 I SystemServiceManager: Starting phase 480
05-09 14:55:58.283  1843  1843 I DevicePolicyManager: Set ro.device_owner property to false
05-09 14:55:58.338  1843  1843 W SystemServiceManager: Service com.android.server.pm.ShortcutService$Lifecycle took 53 ms in onBootPhase
05-09 14:55:58.338  1843  1843 I SystemServer: StartBootPhaseSystemServicesReady
05-09 14:55:58.338  1843  1843 I SystemServiceManager: Starting phase 500
05-09 14:55:58.340  1843  1843 D AppStandbyController: Setting app idle enabled state
05-09 14:55:58.340  1843  1862 E KernelUidCpuFreqTimeReader: Failed to read /proc/uid_time_in_state: java.io.FileNotFoundException: /proc/uid_time_in_state (No such file or directory)
05-09 14:55:58.343  1843  1843 I VrManagerService: No default vr listener service found.
05-09 14:55:58.348  1843  1843 I WifiService: WifiService starting up with Wi-Fi enabled
05-09 14:55:58.351  1843  1947 I chatty  : uid=1000(system) HwBinder:1843_2 expire 8 lines
05-09 14:55:58.355  1843  1843 D WifiService: setWifiEnabled: true pid=1843, uid=1000, package=android
05-09 14:55:58.388  1613  1613 D PermissionCache: checking android.permission.CAPTURE_AUDIO_HOTWORD for uid=1000 => granted (69 us)
05-09 14:55:58.388  1843  1843 W SoundTriggerHelper: listModules status=0, # of modules=0
05-09 14:55:58.390  1843  1843 I SystemServer: MakeWindowManagerServiceReady
05-09 14:55:58.394  1843  1843 I SystemServer: MakePowerManagerServiceReady
05-09 14:55:58.435  1843  1843 I SystemServer: MakePackageManagerServiceReady
05-09 14:55:58.448  1843  1868 W KeyguardServiceDelegate: onScreenTurningOn(): no keyguard service!
05-09 14:55:58.456  1843  1843 V UserDataPreparer: Found /data/user_de/0 with serial number 0
05-09 14:55:58.456  1843  1843 V UserDataPreparer: Found /data/user/0 with serial number 0
05-09 14:55:58.456  1843  1843 V UserDataPreparer: Found /data/system_de/0 with serial number 0
05-09 14:55:58.456  1843  1843 V UserDataPreparer: Found /data/system_ce/0 with serial number 0
05-09 14:55:58.456  1843  1843 V UserDataPreparer: Found /data/misc_ce/0 with serial number -1
05-09 14:55:58.456  1843  1843 D UserDataPreparer: Serial number missing on /data/misc_ce/0; assuming current is valid
05-09 14:55:58.457  1843  1843 I SystemServer: MakeDisplayManagerServiceReady
05-09 14:55:58.457  1843  1843 I SystemServer: StartDeviceSpecificServices
05-09 14:55:58.457  1843  1843 I SystemServer: StartBootPhaseDeviceSpecificServicesReady
05-09 14:55:58.457  1843  1843 I SystemServiceManager: Starting phase 520
05-09 14:55:58.463  1843  1843 W UsageStatsService: Event reported without a package name
05-09 14:55:58.465  1843  1843 I ActivityManager: System now ready
05-09 14:55:58.473  1843  1929 I chatty  : uid=1000(system) WifiService expire 3 lines
05-09 14:55:58.474  1843  1843 I SystemServer: Making services ready
05-09 14:55:58.474  1843  1843 I SystemServer: StartActivityManagerReadyPhase
05-09 14:55:58.474  1843  1843 I SystemServiceManager: Starting phase 550
05-09 14:55:58.476  1843  1843 W ActivityManager: Too early to start/bind service in system_server: Phase=550 ComponentInfo{com.android.server.telecom/com.android.server.telecom.components.TelecomService}
05-09 14:55:58.477  1843  1843 W ActivityManager: Too early to start/bind service in system_server: Phase=550 ComponentInfo{com.android.server.telecom/com.android.server.telecom.components.TelecomService}
05-09 14:55:58.618  1843  1843 W SyncManager: Failure adding authority: account=@@ContextManagerNullAccount@@ auth=com.google.android.location.reporting enabled=false syncable=-1
05-09 14:55:58.648  1843  1843 W SystemServiceManager: Service com.android.server.content.ContentService$Lifecycle took 165 ms in onBootPhase
05-09 14:55:58.936  1843  1843 W SystemServiceManager: Service com.android.server.InputMethodManagerService$Lifecycle took 283 ms in onBootPhase
05-09 14:55:58.937  1843  1921 D StorageManagerService: Thinking about init, mSystemReady=true, mDaemonConnected=true
05-09 14:55:58.937  1843  1921 D StorageManagerService: Setting up emulation state, initlocked=false
05-09 14:55:58.938  1543  1543 D vold    : e4crypt_unlock_user_key 0 serial=0 token_present=0
05-09 14:55:58.938  1843  1921 D StorageManagerService: Thinking about reset, mSystemReady=true, mDaemonConnected=true
05-09 14:55:58.938  1843  1858 I ActivityManager: Force stopping com.android.providers.media appid=10015 user=-1: vold reset
05-09 14:55:58.941  1843  1860 I ActivityManager: Start proc 1955:com.google.android.inputmethod.latin/u0a69 for service com.google.android.inputmethod.latin/com.android.inputmethod.latin.LatinIME
05-09 14:55:58.942  1843  1854 V StorageManagerService: Found primary storage at VolumeInfo{emulated}:
05-09 14:55:58.942  1843  1854 V StorageManagerService:     type=EMULATED diskId=null partGuid= mountFlags=0 mountUserId=-1 
05-09 14:55:58.942  1843  1854 V StorageManagerService:     state=UNMOUNTED 
05-09 14:55:58.942  1843  1854 V StorageManagerService:     fsType=null fsUuid=null fsLabel=null 
05-09 14:55:58.942  1843  1854 V StorageManagerService:     path=null internalPath=null 
05-09 14:55:58.943  1843  1843 I WallpaperManagerService: No static wallpaper imagery; defaults will be shown
05-09 14:55:58.945  1543  1543 V vold    : Waiting for FUSE to spin up...
05-09 14:55:58.945  1843  1843 W WallpaperManagerService: Invalid wallpaper data
05-09 14:55:58.945  1843  1843 E WallpaperManagerService: Unable to apply new wallpaper
05-09 14:55:58.948  1843  1941 I chatty  : uid=1000(system) AudioService expire 4 lines
05-09 14:55:58.949  1843  1843 I SystemServer: StartObservingNativeCrashes
05-09 14:55:58.949  1843  1856 I SystemServer: WebViewFactoryPreparation
05-09 14:55:58.966  1613  1613 I AudioFlinger: systemReady
05-09 14:55:58.972  1843  1843 I SystemServer: StartSystemUI
05-09 14:55:58.976  1843  1843 I SystemServer: MakeNetworkManagementServiceReady
05-09 14:55:58.986  1610  1610 I android.hardware.wifi@1.0-service: Wifi HAL started
05-09 14:55:58.987  1843  1932 I chatty  : uid=1000(system) WifiP2pService expire 4 lines
05-09 14:55:58.997  1543  1543 V vold    : Waiting for FUSE to spin up...
05-09 14:55:58.999  1843  1860 I ActivityManager: Start proc 1965:com.android.systemui/u0a26 for service com.android.systemui/.SystemUIService
05-09 14:55:59.018  1843  1843 D NetworkManagement: enabling bandwidth control
05-09 14:55:59.042  1843  1843 I SystemServer: MakeIpSecServiceReady
05-09 14:55:59.044  1843  1843 D IpSecService: IpSecService is ready
05-09 14:55:59.044  1843  1843 I SystemServer: MakeNetworkStatsServiceReady
05-09 14:55:59.048  1543  1543 V vold    : Waiting for FUSE to spin up...
05-09 14:55:59.052  1955  1955 W putmethod.lati: Unexpected CPU variant for X86 using defaults: x86
05-09 14:55:59.053  1965  1965 W ndroid.systemu: Unexpected CPU variant for X86 using defaults: x86
05-09 14:55:59.057  1843  1843 I SystemServer: MakeConnectivityServiceReady
05-09 14:55:59.067  1843  1843 I SystemServer: MakeNetworkPolicyServiceReady
05-09 14:55:59.099  1543  1543 V vold    : Waiting for FUSE to spin up...
05-09 14:55:59.151  1543  1543 I chatty  : uid=0(root) Binder:1543_2 identical 1 line
05-09 14:55:59.201  1543  1543 V vold    : Waiting for FUSE to spin up...
05-09 14:55:59.227  1960  1960 W sdcard  : Device explicitly enabled sdcardfs
05-09 14:55:59.300  1965  1965 E ndroid.systemu: Not starting debugger since process cannot load the jdwp agent.
05-09 14:55:59.302  1955  1955 E putmethod.lati: Not starting debugger since process cannot load the jdwp agent.
05-09 14:55:59.358  1992  1992 W WebViewLoader-: Unexpected CPU variant for X86 using defaults: x86
05-09 14:55:59.360  1992  1992 E WebViewLoader-: Not starting debugger since process cannot load the jdwp agent.
05-09 14:55:59.361  1843  1860 I ActivityManager: Start proc 1992:WebViewLoader-x86/1037 [android.webkit.WebViewLibraryLoader$RelroFileCreator] for 
05-09 14:55:59.372  1843  1991 I chatty  : uid=1000 system_server expire 4 lines
05-09 14:55:59.375  2004  2004 I WebViewZygoteInit: Starting WebViewZygoteInit
05-09 14:55:59.375  2004  2004 I WebViewZygoteInit: --zygote-socket=com.android.internal.os.WebViewZygoteInit/48f26103-1cbe-48f6-b81a-b0441393e948
05-09 14:55:59.379  1992  1992 V WebViewLibraryLoader: RelroFileCreator (64bit = false), lib: /system/app/Chrome/Chrome.apk!/lib/x86/libmonochrome.so
05-09 14:55:59.408  1843  1926 W NetworkPolicy: setRestrictBackgroundUL: already false
05-09 14:55:59.421  1843  1926 I chatty  : uid=1000(system) NetworkPolicy expire 26 lines
05-09 14:55:59.422  1843  1843 I SystemServer: StartWatchdog
05-09 14:55:59.423  1843  1843 I SystemServer: PhaseThirdPartyAppsCanStart
05-09 14:55:59.423  1843  1843 I SystemServiceManager: Starting phase 600
05-09 14:55:59.427  1843  1843 V WallpaperManagerService: bindWallpaperComponentLocked: componentName=ComponentInfo{com.android.systemui/com.android.systemui.ImageWallpaper}
05-09 14:55:59.452  1672  1810 W MediaExtractorFactory: couldn't dlopen(/system/lib/extractors/.) Is a directory
05-09 14:55:59.481  1843  1843 I StatsCompanionService: Told statsd that StatsCompanionService is alive.
05-09 14:55:59.482  1843  1843 I SystemServer: MakeLocationServiceReady
05-09 14:55:59.489  1540  1540 W hwservicemanager: getTransport: Cannot find entry android.hardware.gnss@1.1::IGnss/default in either framework or device manifest.
05-09 14:55:59.492  1843  1857 I chatty  : uid=1000(system) android.bg expire 52 lines
05-09 14:55:59.492  1604  1604 I GnssHAL_GnssInterface: getExtensionXtra: GnssXtra interface not implemented by HAL
05-09 14:55:59.493  1604  1604 I GnssHAL_GnssInterface: getExtensionAGnssRil: GnssRil interface not implemented by HAL
05-09 14:55:59.495  1843  1843 W LocationProviderProxy-network: Odd, no component found for service com.android.location.service.v3.NetworkLocationProvider
05-09 14:55:59.495  1965  1965 I ndroid.systemu: The ClassLoaderContext is a special shared library.
05-09 14:55:59.497  1604  1604 E GnssHAL_GnssInterface: getExtensionAGnss: AGnss interface not implemented by HAL
05-09 14:55:59.498  1604  1604 I GnssHAL_GnssInterface: getExtensionGnssNavigationMessage: GnssNavigationMessage interface not implemented by HAL
05-09 14:55:59.498  1604  1604 E GnssHAL_GnssInterface: getExtensionGnssMeasurement: GnssMeasurement interface not implemented by HAL
05-09 14:55:59.499  1843  1843 W GeocoderProxy: Odd, no component found for service com.android.location.service.GeocodeProvider
05-09 14:55:59.499  1604  1604 I GnssHAL_GnssInterface: getExtensionGnssDebug: GnssDebug interface not implemented by HAL
05-09 14:55:59.501  1843  1843 W GeofenceProxy: Odd, no component found for service com.android.location.service.GeofenceProvider
05-09 14:55:59.501  1843  1843 D LocationManagerService: Hardware Activity-Recognition not supported.
05-09 14:55:59.501  1843  1843 W ActivityRecognitionProxy: Odd, no component found for service com.android.location.service.ActivityRecognitionProvider
05-09 14:55:59.502  1843  1858 W BroadcastQueue: Background execution not allowed: receiving Intent { act=android.location.PROVIDERS_CHANGED flg=0x10 } to com.google.android.gms/.chimera.GmsIntentOperationService$PersistentTrustedReceiver
05-09 14:55:59.502  1604  1604 I GnssHAL_GnssInterface: getExtensionGnssNi: GnssNi interface not implemented by HAL
05-09 14:55:59.503  1604  1604 E GnssHAL_GnssInterface: getExtensionGnssConfiguration: GnssConfiguration interface not implemented by HAL
05-09 14:55:59.503  1843  1858 W BroadcastQueue: Background execution not allowed: receiving Intent { act=android.location.MODE_CHANGED flg=0x10 } to com.google.android.gms/.chimera.GmsIntentOperationService$PersistentTrustedReceiver
05-09 14:55:59.503  1604  1604 E GnssHAL_GnssInterface: getExtensionGnssGeofencing: GnssGeofencing interface not implemented by HAL
05-09 14:55:59.503  1604  1604 E GnssHAL_GnssInterface: gnss flp hw_get_module failed: -2
05-09 14:55:59.503  1604  1604 E GnssHAL_GnssInterface: getExtensionGnssBatching: GnssBatching interface is not implemented by HAL
05-09 14:55:59.505  1843  1843 I SystemServer: MakeCountryDetectionServiceReady
05-09 14:55:59.505  1843  1843 I SystemServer: MakeNetworkTimeUpdateReady
05-09 14:55:59.506  1843  1843 D ConnectivityService: requestNetwork for uid/pid:1000/1843 NetworkRequest [ TRACK_DEFAULT id=6, [ Capabilities: INTERNET&NOT_RESTRICTED&TRUSTED Unwanted:  Uid: 1000] ]
05-09 14:55:59.506  1843  1843 I SystemServer: MakeCommonTimeManagementServiceReady
05-09 14:55:59.507  1843  1843 I SystemServer: MakeInputManagerServiceReady
05-09 14:55:59.511  1843  1843 I SystemServer: MakeTelephonyRegistryReady
05-09 14:55:59.511  1843  1843 I SystemServer: MakeMediaRouterServiceReady
05-09 14:55:59.511  1843  1843 I SystemServer: MakeMmsServiceReady
05-09 14:55:59.512  1843  1843 I MmsServiceBroker: Delay connecting to MmsService until an API is called
05-09 14:55:59.512  1843  1843 I SystemServer: IncidentDaemonReady
05-09 14:55:59.512  1843  1843 I SystemServiceManager: Calling onStartUser u0
05-09 14:55:59.516  1604  1604 W GnssHAL_GnssInterface: setCallback called more than once. Unexpected unless test.
05-09 14:55:59.529  1955  1955 I putmethod.lati: The ClassLoaderContext is a special shared library.
05-09 14:55:59.530  1843  1843 I ActivityManager: START u0 {act=android.intent.action.MAIN cat=[android.intent.category.HOME] flg=0x10000100 cmp=com.android.settings/.FallbackHome} from uid 0
05-09 14:55:59.879  1955  1955 I putmethod.lati: The ClassLoaderContext is a special shared library.
05-09 14:56:00.409  2004  2004 I WebViewZygoteInit: Beginning package preload
05-09 14:56:00.431  1970  1970 I wpa_supplicant: Processing hidl events on FD 3
05-09 14:56:00.432  1970  1970 I wpa_supplicant: Successfully initialized wpa_supplicant
05-09 14:56:00.513  1668  1668 D incidentd: Start uploading backlogs in /data/misc/incidents/
05-09 14:56:00.514  1668  1668 D incidentd: Successfully uploaded 0 files to Dropbox.
05-09 14:56:00.534  1970  1970 I wpa_supplicant: rfkill: Cannot open RFKILL control device
05-09 14:56:00.696  1672  1810 E linker  : library "/system/lib/extractors/.." ("/system/lib") needed or dlopened by "/system/lib/libstagefright.so" is not accessible for the namespace: [name="(default)", ld_library_paths="", default_library_paths="/system/lib", permitted_paths="/system/lib/drm:/system/lib/extractors:/system/lib/hw:/system/product/lib:/system/framework:/system/app:/system/priv-app:/vendor/framework:/vendor/app:/vendor/priv-app:/odm/framework:/odm/app:/odm/priv-app:/oem/app:/system/product/framework:/system/product/app:/system/product/priv-app:/data:/mnt/expand"]
05-09 14:56:00.696  1672  1810 W MediaExtractorFactory: couldn't dlopen(/system/lib/extractors/..) Invalid argument
05-09 14:56:00.829  2004  2004 I webview_zygote: The ClassLoaderContext is a special shared library.
05-09 14:56:00.830  1672  1810 E MediaExtractorFactory: couldn't opendir(/vendor/lib/extractors)
05-09 14:56:00.869  1970  1970 I wpa_supplicant: rfkill: Cannot get wiphy information
05-09 14:56:00.880  1610  1610 I android.hardware.wifi@1.0-service: Adding interface handle for wlan0
05-09 14:56:00.881  2004  2004 E webviewchromiumloader: Failed to open relro file /data/misc/shared_relro/libwebviewchromium32.relro: No such file or directory
05-09 14:56:00.881  2004  2004 W WebViewLibraryLoader: failed to load with relro file, proceeding without
05-09 14:56:00.881  1610  1610 E android.hardware.wifi@1.0-service: Failed to register radio mode change callback
05-09 14:56:00.881  1610  1610 I android.hardware.wifi@1.0-service: Configured chip in mode 0
05-09 14:56:00.883  1610  1610 E android.hardware.wifi@1.0-service: Failed to set DFS flag; DFS channels may be unavailable.
05-09 14:56:00.898  1678  1678 I wificond: create scanner for interface with index: 3
05-09 14:56:00.899  1678  1678 I wificond: subscribe scan result for interface with index: 3
05-09 14:56:00.899  1540  1540 W hwservicemanager: getTransport: Cannot find entry android.hardware.wifi.offload@1.0::IOffload/default in either framework or device manifest.
05-09 14:56:00.899  1678  1678 E wificond: No Offload Service available
05-09 14:56:00.899  1678  1678 I wificond: Offload HAL not supported 
05-09 14:56:01.006  1674  1811 D StagefrightPluginLoader: Failed to load library: libstagefright_ccodec.so (dlopen failed: library "libstagefright_ccodec.so" not found)
05-09 14:56:01.006  1674  1811 D StagefrightPluginLoader: Handle or CreateInputSurface symbol is null
05-09 14:56:01.007  1674  1811 D StagefrightPluginLoader: Handle or CreateBuilder symbol is null
05-09 14:56:01.009  1674  1811 I OMXClient: IOmx service obtained
05-09 14:56:01.009  1679  1787 I OMXMaster: makeComponentInstance(OMX.google.aac.decoder) in omx@1.0-service process
05-09 14:56:01.018  1675  1806 D CommandListener: Clearing all IP addresses on wlan0
05-09 14:56:01.193  1992  1992 I WebViewLoader-: System.exit called, status: 0
05-09 14:56:01.194  1992  1992 I AndroidRuntime: VM exiting with result code 0, cleanup skipped.
05-09 14:56:01.198  1665  1665 I Zygote  : Process 1992 exited cleanly (0)
05-09 14:56:01.247  1674  1811 I OMXClient: IOmx service obtained
05-09 14:56:01.247  1679  1787 I OMXMaster: makeComponentInstance(OMX.google.amrnb.decoder) in omx@1.0-service process
05-09 14:56:01.296  1674  1811 I OMXClient: IOmx service obtained
05-09 14:56:01.297  1679  1787 I OMXMaster: makeComponentInstance(OMX.google.amrwb.decoder) in omx@1.0-service process
05-09 14:56:01.300  1674  1811 I OMXClient: IOmx service obtained
05-09 14:56:01.300  1679  1679 I OMXMaster: makeComponentInstance(OMX.google.flac.decoder) in omx@1.0-service process
05-09 14:56:01.355  1674  1811 I OMXClient: IOmx service obtained
05-09 14:56:01.355  1679  2035 I OMXMaster: makeComponentInstance(OMX.google.g711.alaw.decoder) in omx@1.0-service process
05-09 14:56:01.383  1674  1811 I OMXClient: IOmx service obtained
05-09 14:56:01.383  1679  2035 I OMXMaster: makeComponentInstance(OMX.google.g711.mlaw.decoder) in omx@1.0-service process
05-09 14:56:01.388  1674  1811 I OMXClient: IOmx service obtained
05-09 14:56:01.388  1679  2035 I OMXMaster: makeComponentInstance(OMX.google.gsm.decoder) in omx@1.0-service process
05-09 14:56:01.427  1674  1811 I OMXClient: IOmx service obtained
05-09 14:56:01.428  1679  2035 I OMXMaster: makeComponentInstance(OMX.google.mp3.decoder) in omx@1.0-service process
05-09 14:56:01.489  1674  1811 I OMXClient: IOmx service obtained
05-09 14:56:01.490  1679  2035 I OMXMaster: makeComponentInstance(OMX.google.opus.decoder) in omx@1.0-service process
05-09 14:56:01.535  1674  1811 I OMXClient: IOmx service obtained
05-09 14:56:01.536  1679  1679 I OMXMaster: makeComponentInstance(OMX.google.raw.decoder) in omx@1.0-service process
05-09 14:56:01.567  2004  2004 I WebViewZygoteInit: Package preload done
05-09 14:56:01.590  1674  1811 I OMXClient: IOmx service obtained
05-09 14:56:01.590  1679  1787 I OMXMaster: makeComponentInstance(OMX.google.vorbis.decoder) in omx@1.0-service process
05-09 14:56:01.638  1674  1811 I OMXClient: IOmx service obtained
05-09 14:56:01.639  1679  1787 I OMXMaster: makeComponentInstance(OMX.google.aac.encoder) in omx@1.0-service process
05-09 14:56:01.781  1674  1811 I OMXClient: IOmx service obtained
05-09 14:56:01.781  1679  2052 I OMXMaster: makeComponentInstance(OMX.google.amrnb.encoder) in omx@1.0-service process
05-09 14:56:01.819  1674  1811 I OMXClient: IOmx service obtained
05-09 14:56:01.820  1679  2052 I OMXMaster: makeComponentInstance(OMX.google.amrwb.encoder) in omx@1.0-service process
05-09 14:56:01.883  1674  1811 I OMXClient: IOmx service obtained
05-09 14:56:01.884  1679  2052 I OMXMaster: makeComponentInstance(OMX.google.flac.encoder) in omx@1.0-service process
05-09 14:56:01.917  1674  1811 I OMXClient: IOmx service obtained
05-09 14:56:01.918  1679  2052 I OMXMaster: makeComponentInstance(OMX.google.h264.decoder) in omx@1.0-service process
05-09 14:56:01.942  1679  2052 E OMXNodeInstance: getExtensionIndex(0xf0b2c240:google.h264.decoder, OMX.google.android.index.configureVideoTunnelMode) ERROR: UnsupportedIndex(0x8000101a)
05-09 14:56:01.942  1679  2052 E OMXNodeInstance: getExtensionIndex(0xf0b2c240:google.h264.decoder, OMX.google.android.index.enableAndroidNativeBuffers) ERROR: UnsupportedIndex(0x8000101a)
05-09 14:56:01.945  1674  1811 I OMXClient: IOmx service obtained
05-09 14:56:01.945  1679  2052 I OMXMaster: makeComponentInstance(OMX.google.h263.decoder) in omx@1.0-service process
05-09 14:56:01.978  1679  2052 E OMXNodeInstance: getExtensionIndex(0xf0b2c240:google.h263.decoder, OMX.google.android.index.configureVideoTunnelMode) ERROR: UnsupportedIndex(0x8000101a)
05-09 14:56:01.978  1679  2052 E OMXNodeInstance: getExtensionIndex(0xf0b2c240:google.h263.decoder, OMX.google.android.index.enableAndroidNativeBuffers) ERROR: UnsupportedIndex(0x8000101a)
05-09 14:56:01.981  1674  1811 I OMXClient: IOmx service obtained
05-09 14:56:01.981  1679  2052 I OMXMaster: makeComponentInstance(OMX.google.hevc.decoder) in omx@1.0-service process
05-09 14:56:02.065  1679  2052 E OMXNodeInstance: getExtensionIndex(0xf0b2c240:google.hevc.decoder, OMX.google.android.index.configureVideoTunnelMode) ERROR: UnsupportedIndex(0x8000101a)
05-09 14:56:02.067  1679  2052 E OMXNodeInstance: getExtensionIndex(0xf0b2c240:google.hevc.decoder, OMX.google.android.index.enableAndroidNativeBuffers) ERROR: UnsupportedIndex(0x8000101a)
05-09 14:56:02.074  1674  1811 I OMXClient: IOmx service obtained
05-09 14:56:02.074  1679  2052 I OMXMaster: makeComponentInstance(OMX.google.mpeg4.decoder) in omx@1.0-service process
05-09 14:56:02.081  1679  2052 E OMXNodeInstance: getExtensionIndex(0xf0b2c240:google.mpeg4.decoder, OMX.google.android.index.configureVideoTunnelMode) ERROR: UnsupportedIndex(0x8000101a)
05-09 14:56:02.081  1679  2052 E OMXNodeInstance: getExtensionIndex(0xf0b2c240:google.mpeg4.decoder, OMX.google.android.index.enableAndroidNativeBuffers) ERROR: UnsupportedIndex(0x8000101a)
05-09 14:56:02.088  1674  1811 I OMXClient: IOmx service obtained
05-09 14:56:02.088  1679  2052 I OMXMaster: makeComponentInstance(OMX.google.vp8.decoder) in omx@1.0-service process
05-09 14:56:02.140  1679  2052 E OMXNodeInstance: getExtensionIndex(0xf0b2c240:google.vp8.decoder, OMX.google.android.index.configureVideoTunnelMode) ERROR: UnsupportedIndex(0x8000101a)
05-09 14:56:02.141  1679  2052 E OMXNodeInstance: getExtensionIndex(0xf0b2c240:google.vp8.decoder, OMX.google.android.index.enableAndroidNativeBuffers) ERROR: UnsupportedIndex(0x8000101a)
05-09 14:56:02.145  1674  1811 I OMXClient: IOmx service obtained
05-09 14:56:02.145  1679  2052 I OMXMaster: makeComponentInstance(OMX.google.vp9.decoder) in omx@1.0-service process
05-09 14:56:02.149  1679  2052 E OMXNodeInstance: getExtensionIndex(0xf0b2c240:google.vp9.decoder, OMX.google.android.index.configureVideoTunnelMode) ERROR: UnsupportedIndex(0x8000101a)
05-09 14:56:02.149  1679  2052 E OMXNodeInstance: getExtensionIndex(0xf0b2c240:google.vp9.decoder, OMX.google.android.index.enableAndroidNativeBuffers) ERROR: UnsupportedIndex(0x8000101a)
05-09 14:56:02.157  1674  1811 I OMXClient: IOmx service obtained
05-09 14:56:02.158  1679  2052 I OMXMaster: makeComponentInstance(OMX.google.h264.encoder) in omx@1.0-service process
05-09 14:56:02.218  1843  1843 I ActivityManager: Loaded persisted task ids for user 0
05-09 14:56:02.236  1674  1811 W OMXUtils: do not know color format 0x7f000789 = 2130708361
05-09 14:56:02.237  1674  1811 I OMXClient: IOmx service obtained
05-09 14:56:02.237  1679  2052 I OMXMaster: makeComponentInstance(OMX.google.h263.encoder) in omx@1.0-service process
05-09 14:56:02.299  1679  2052 I SoftMPEG4Encoder: Construct SoftMPEG4Encoder
05-09 14:56:02.300  1674  1811 W OMXUtils: do not know color format 0x7f000789 = 2130708361
05-09 14:56:02.300  1679  2052 E OMXNodeInstance: getConfig(0xf0b2c240:google.h263.encoder, ConfigAndroidIntraRefresh(0x6f60000a)) ERROR: Undefined(0x80001001)
05-09 14:56:02.316  1674  1811 I OMXClient: IOmx service obtained
05-09 14:56:02.316  1679  2052 I OMXMaster: makeComponentInstance(OMX.google.mpeg4.encoder) in omx@1.0-service process
05-09 14:56:02.317  1679  2052 I SoftMPEG4Encoder: Construct SoftMPEG4Encoder
05-09 14:56:02.319  1674  1811 W OMXUtils: do not know color format 0x7f000789 = 2130708361
05-09 14:56:02.319  1679  2052 E OMXNodeInstance: getConfig(0xf0b2c240:google.mpeg4.encoder, ConfigAndroidIntraRefresh(0x6f60000a)) ERROR: Undefined(0x80001001)
05-09 14:56:02.325  1674  1811 I OMXClient: IOmx service obtained
05-09 14:56:02.326  1679  2052 I OMXMaster: makeComponentInstance(OMX.google.vp8.encoder) in omx@1.0-service process
05-09 14:56:02.343  1674  1811 W OMXUtils: do not know color format 0x7f000789 = 2130708361
05-09 14:56:02.343  1679  2052 E OMXNodeInstance: getConfig(0xf0b2c240:google.vp8.encoder, ConfigAndroidIntraRefresh(0x6f60000a)) ERROR: Undefined(0x80001001)
05-09 14:56:02.345  1674  1811 D MediaCodecList: ignored a null builder
05-09 14:56:02.373  1843  2025 I chatty  : uid=1000 system_server expire 1 line
05-09 14:56:02.373  1679  2052 I OMXMaster: makeComponentInstance(OMX.google.vorbis.decoder) in omx@1.0-service process
05-09 14:56:02.375  1679  1787 E OMXNodeInstance: getConfig(0xf0b2c240:google.vorbis.decoder, ConfigAndroidVendorExtension(0x6f100004)) ERROR: Undefined(0x80001001)
05-09 14:56:02.379  1592  1592 W AshmemAllocator: ashmem_create_region(32768) returning hidl_memory(0xe7a9c180, 32768)
05-09 14:56:02.403  1592  1592 W AshmemAllocator: ashmem_create_region(32768) returning hidl_memory(0xe7a9c180, 32768)
05-09 14:56:02.461  1843  1860 W ActivityManager: Slow operation: 2944ms so far, now at startProcess: asking zygote to start proc
05-09 14:56:02.436  1592  1592 I chatty  : uid=1000(system) allocator@1.0-s identical 67 lines
05-09 14:56:02.437  1592  1592 W AshmemAllocator: ashmem_create_region(32768) returning hidl_memory(0xe7a9c180, 32768)
05-09 14:56:02.464  1843  1853 I ActivityManager: Process WebViewLoader-x86 (pid 1992) has died: psvc PER 
05-09 14:56:02.465  1843  1861 I chatty  : uid=1000(system) ActivityManager expire 10 lines
05-09 14:56:02.477  2088  2088 W m.android.phon: Unexpected CPU variant for X86 using defaults: x86
05-09 14:56:02.481  1843  1843 D SystemServerInitThreadPool: Shutdown successful
05-09 14:56:02.482  1843  1860 W ActivityManager: Slow operation: 2965ms so far, now at startProcess: returned from zygote!
05-09 14:56:02.482  1843  1860 W ActivityManager: Slow operation: 2965ms so far, now at startProcess: done updating battery stats
05-09 14:56:02.482  1843  1860 W ActivityManager: Slow operation: 2965ms so far, now at startProcess: building log message
05-09 14:56:02.482  1843  1860 I ActivityManager: Start proc 2088:com.android.phone/1001 for added application com.android.phone
05-09 14:56:02.482  1843  1860 W ActivityManager: Slow operation: 2965ms so far, now at startProcess: starting to update pids map
05-09 14:56:02.484  1843  1860 W ActivityManager: Slow operation: 2965ms so far, now at startProcess: done updating pids map
05-09 14:56:02.484  1843  1860 W ActivityManager: Slow operation: 250ms so far, now at startProcess: asking zygote to start proc
05-09 14:56:02.486  1843  1859 W Looper  : Slow dispatch took 2968ms android.ui h=com.android.server.am.ActivityManagerService$UiHandler c=null m=53
05-09 14:56:02.487  1843  1843 W Looper  : Slow delivery took 7418ms main h=android.os.Handler c=com.android.server.BatteryService$8@5e6f7a7 m=0
05-09 14:56:02.488  1843  1843 V SettingsProvider: Notifying for 0: content://settings/global/network_watchlist_last_report_time
05-09 14:56:02.492  1965  1965 W AlarmManager: Unrecognized alarm listener com.android.systemui.keyguard.-$$Lambda$KeyguardSliceProvider$IhzByd8TsqFuOrSyuGurVskyPLo@cdd6e86
05-09 14:56:02.493  1843  1843 D ConditionProviders.SCP: onConnected
05-09 14:56:02.494  1843  1843 V SettingsProvider: Notifying for 0: content://settings/global/zen_settings_updated
05-09 14:56:02.496  1843  1843 D ConditionProviders: Subscribing to condition://android/event?userId=-10000&calendar=&reply=1 with ComponentInfo{android/com.android.server.notification.EventConditionProvider}
05-09 14:56:02.496  2088  2088 E m.android.phon: Not starting debugger since process cannot load the jdwp agent.
05-09 14:56:02.496  1843  1843 D ConditionProviders: Subscribing to condition://android/schedule?days=1.2.3.4.5.6.7&start=22.0&end=7.0&exitAtAlarm=true with ComponentInfo{android/com.android.server.notification.ScheduleConditionProvider}
05-09 14:56:02.505  1675  1806 D CommandListener: Clearing all IP addresses on wlan0
05-09 14:56:02.515  1843  1857 W LocationProviderProxy-network: Odd, no component found for service com.android.location.service.v3.NetworkLocationProvider
05-09 14:56:02.516  1843  1857 W GeocoderProxy: Odd, no component found for service com.android.location.service.GeocodeProvider
05-09 14:56:02.516  1843  1857 W GeofenceProxy: Odd, no component found for service com.android.location.service.GeofenceProvider
05-09 14:56:02.515  1843  1860 W ActivityManager: Slow operation: 281ms so far, now at startProcess: returned from zygote!
05-09 14:56:02.516  1843  1857 W ActivityRecognitionProxy: Odd, no component found for service com.android.location.service.ActivityRecognitionProvider
05-09 14:56:02.523  1843  1843 V FingerprintService: Done with client: android
05-09 14:56:02.523  1843  1843 V FingerprintService: clearEnumerateState()
05-09 14:56:02.523  2104  2104 W ndroid.setting: Unexpected CPU variant for X86 using defaults: x86
05-09 14:56:02.526  1843  1931 I chatty  : uid=1000(system) WifiScanningSer expire 5 lines
05-09 14:56:02.526  2104  2104 E ndroid.setting: Not starting debugger since process cannot load the jdwp agent.
05-09 14:56:02.531  1843  1860 W ActivityManager: Slow operation: 297ms so far, now at startProcess: done updating battery stats
05-09 14:56:02.531  1843  1860 W ActivityManager: Slow operation: 297ms so far, now at startProcess: building log message
05-09 14:56:02.531  1843  1860 I ActivityManager: Start proc 2104:com.android.settings/1000 for activity com.android.settings/.FallbackHome
05-09 14:56:02.531  1843  1860 W ActivityManager: Slow operation: 297ms so far, now at startProcess: starting to update pids map
05-09 14:56:02.531  1843  1860 W ActivityManager: Slow operation: 297ms so far, now at startProcess: done updating pids map
05-09 14:56:02.532  1843  1843 V SettingsProvider: Notifying for 0: content://settings/secure/location_providers_allowed
05-09 14:56:02.532  1843  1843 V SettingsProvider: Notifying for 0: content://settings/global/location_global_kill_switch
05-09 14:56:02.541  2088  2088 I m.android.phon: The ClassLoaderContext is a special shared library.
05-09 14:56:02.549  1843  2117 I chatty  : uid=1000 system_server expire 1 line
05-09 14:56:02.549  1679  1787 I OMXMaster: makeComponentInstance(OMX.google.vorbis.decoder) in omx@1.0-service process
05-09 14:56:02.551  1679  1787 E OMXNodeInstance: getConfig(0xf0b2c240:google.vorbis.decoder, ConfigAndroidVendorExtension(0x6f100004)) ERROR: Undefined(0x80001001)
05-09 14:56:02.557  1592  1592 W AshmemAllocator: ashmem_create_region(32768) returning hidl_memory(0xe7a9c180, 32768)
05-09 14:56:02.559  1592  1592 W AshmemAllocator: ashmem_create_region(32768) returning hidl_memory(0xe7a9c180, 32768)
05-09 14:56:02.561  1592  1592 W AshmemAllocator: ashmem_create_region(32768) returning hidl_memory(0xe7a9c180, 32768)
05-09 14:56:02.561  1592  1592 W AshmemAllocator: ashmem_create_region(32768) returning hidl_memory(0xe7a9c180, 32768)
05-09 14:56:02.563  2104  2104 I ndroid.setting: The ClassLoaderContext is a special shared library.
05-09 14:56:02.592  1843  1862 E BatteryExternalStatsWorker: no controller energy info supplied for wifi
05-09 14:56:02.599  1843  1862 E BatteryExternalStatsWorker: no controller energy info supplied for wifi
05-09 14:56:02.599  1843  1862 E BatteryExternalStatsWorker: no controller energy info supplied for telephony
05-09 14:56:02.602  1843  1862 W KernelCpuProcReader: File not exist: /proc/uid_cpupower/concurrent_active_time
05-09 14:56:02.603  1843  1862 W KernelCpuProcReader: File not exist: /proc/uid_cpupower/concurrent_policy_time
05-09 14:56:02.655  1843  2120 I chatty  : uid=1000 system_server expire 1 line
05-09 14:56:02.655  1679  2052 I OMXMaster: makeComponentInstance(OMX.google.vorbis.decoder) in omx@1.0-service process
05-09 14:56:02.657  1679  2052 E OMXNodeInstance: getConfig(0xf0b2c240:google.vorbis.decoder, ConfigAndroidVendorExtension(0x6f100004)) ERROR: Undefined(0x80001001)
05-09 14:56:02.658  1592  1592 W AshmemAllocator: ashmem_create_region(32768) returning hidl_memory(0xe7a9c180, 32768)
05-09 14:56:02.660  1592  1592 W AshmemAllocator: ashmem_create_region(32768) returning hidl_memory(0xe7a9c180, 32768)
05-09 14:56:02.744  1843  2124 I chatty  : uid=1000 system_server expire 1 line
05-09 14:56:02.744  1679  1787 I OMXMaster: makeComponentInstance(OMX.google.vorbis.decoder) in omx@1.0-service process
05-09 14:56:02.745  1679  1787 E OMXNodeInstance: getConfig(0xf0b2c240:google.vorbis.decoder, ConfigAndroidVendorExtension(0x6f100004)) ERROR: Undefined(0x80001001)
05-09 14:56:02.747  1592  1592 W AshmemAllocator: ashmem_create_region(32768) returning hidl_memory(0xe7a9c180, 32768)
05-09 14:56:02.749  1592  1592 W AshmemAllocator: ashmem_create_region(32768) returning hidl_memory(0xe7a9c180, 32768)
05-09 14:56:02.828  1843  2127 I chatty  : uid=1000 system_server expire 1 line
05-09 14:56:02.829  1679  2052 I OMXMaster: makeComponentInstance(OMX.google.vorbis.decoder) in omx@1.0-service process
05-09 14:56:02.831  1679  2052 E OMXNodeInstance: getConfig(0xf0b2c240:google.vorbis.decoder, ConfigAndroidVendorExtension(0x6f100004)) ERROR: Undefined(0x80001001)
05-09 14:56:02.833  1592  1592 W AshmemAllocator: ashmem_create_region(32768) returning hidl_memory(0xe7a9c180, 32768)
05-09 14:56:02.836  1592  1592 W AshmemAllocator: ashmem_create_region(32768) returning hidl_memory(0xe7a9c180, 32768)
05-09 14:56:02.871  1965  1965 W AlarmManager: Unrecognized alarm listener com.android.systemui.keyguard.-$$Lambda$KeyguardSliceProvider$IhzByd8TsqFuOrSyuGurVskyPLo@5520810
