05-09 14:56:07.407  2088  2088 I TelecomFramework: AccountEntry: Registered phoneAccount: [[ ] PhoneAccount: ComponentInfo{com.android.phone/com.android.services.telephony.TelephonyConnectionService}, ***, UserHandle{0} Capabilities: CallProvider MultiUser PlaceEmerg SimSub  Audio Routes: BESW Schemes: tel voicemail  Extras: Bundle[{android.telecom.extra.SUPPORTS_VIDEO_CALLING_FALLBACK=true}] GroupId: ***] with handle: ComponentInfo{com.android.phone/com.android.services.telephony.TelephonyConnectionService}, ***, UserHandle{0}
05-09 14:56:07.407  2088  2088 I TelecomFramework: PstnIncomingCallNotifier: Registering: Handler (com.android.internal.telephony.GsmCdmaPhone) {eda00cd}
05-09 14:56:07.420  2088  2088 I ImsExternalCallTracker: handleVideoCapabilitiesChanged : isVideoCapable = false
05-09 14:56:07.420  2088  2088 D ImsExternalCallTracker: refreshCallPullState
05-09 14:56:07.420  2088  2088 I TelecomFramework: PstnPhoneCapabilitiesNotifier: handleVideoCapabilitesChanged. Video capability - false
05-09 14:56:07.421  2088  2088 E PhoneInterfaceManager: [PhoneIntfMgr] getIccId: No UICC
05-09 14:56:07.436  1843  1895 I Telecom : PhoneAccountRegistrar: Modify account: [ComponentInfo{com.android.phone/com.android.services.telephony.TelephonyConnectionService}, ***, UserHandle{0}]: TSI.rPA@ABE
05-09 14:56:07.515  2258  2258 E ActivityThread: Failed to find provider info for com.google.android.gsf.gservices
05-09 14:56:07.535  2258  2258 I chatty  : uid=10013 com.google.android.gms.persistent identical 1 line
05-09 14:56:07.536  2258  2258 E ActivityThread: Failed to find provider info for com.google.android.gsf.gservices
05-09 14:56:07.542  2088  2220 D MccTable: updateMccMncConfiguration mccmnc='310260' fromServiceState=false
05-09 14:56:07.543  2088  2220 D MccTable: updateMccMncConfiguration defaultMccMnc=310260
05-09 14:56:07.544  2088  2220 D MccTable: updateMccMncConfiguration: mcc=310, mnc=260
05-09 14:56:07.544  2088  2220 D MccTable: updateMccMncConfiguration updateConfig config={0.0 310mcc260mnc ?localeList ?layoutDir ?swdp ?wdp ?hdp ?density ?lsize ?long ?ldr ?wideColorGamut ?orien ?uimode ?night ?touch ?keyb/?/? ?nav/? winConfig={ mBounds=Rect(0, 0 - 0, 0) mAppBounds=null mWindowingMode=undefined mActivityType=undefined}}
05-09 14:56:07.554  2258  2258 E ActivityThread: Failed to find provider info for com.google.android.gsf.gservices
05-09 14:56:07.572  2258  2258 W DirectBootExitBR: User is in direct boot mode.
05-09 14:56:07.554  2258  2258 E ActivityThread: Failed to find provider info for com.google.android.gsf.gservices
05-09 14:56:07.577  2088  2088 I TelecomFramework: PstnIncomingCallNotifier: Unregistering: Handler (com.android.internal.telephony.GsmCdmaPhone) {eda00cd}
05-09 14:56:07.577  2258  2258 E ActivityThread: Failed to find provider info for com.google.android.gsf.gservices
05-09 14:56:07.578  2258  2258 I chatty  : uid=10013 com.google.android.gms.persistent identical 1 line
05-09 14:56:07.596  2258  2258 E ActivityThread: Failed to find provider info for com.google.android.gsf.gservices
05-09 14:56:07.599  1843  1895 I Telecom : PhoneAccountRegistrar: New phone account registered: [[ ] PhoneAccount: ComponentInfo{com.android.phone/com.android.services.telephony.TelephonyConnectionService}, ***, UserHandle{0} Capabilities: CallProvider MultiUser PlaceEmerg SimSub  Audio Routes: BESW Schemes: tel voicemail  Extras: Bundle[mParcelledData.dataSize=124] GroupId: ***]: TSI.rPA@ABI
05-09 14:56:07.600  2258  2258 E ActivityThread: Failed to find provider info for com.google.android.gsf.gservices
05-09 14:56:07.602  1843  1895 I Telecom : CallsManager: Sending phone-account ComponentInfo{com.android.phone/com.android.services.telephony.TelephonyConnectionService}, ***, UserHandle{0} registered intent as user: TSI.rPA@ABI
05-09 14:56:07.602  2258  2258 E ActivityThread: Failed to find provider info for com.google.android.gsf.gservices
05-09 14:56:07.603  1843  1895 I Telecom : CallsManager: Sending phone-account registered intent to default dialer: TSI.rPA@ABI
05-09 14:56:07.603  2088  2088 I TelecomFramework: AccountEntry: Registered phoneAccount: [[ ] PhoneAccount: ComponentInfo{com.android.phone/com.android.services.telephony.TelephonyConnectionService}, ***, UserHandle{0} Capabilities: CallProvider MultiUser PlaceEmerg SimSub  Audio Routes: BESW Schemes: tel voicemail  Extras: Bundle[{android.telecom.extra.SUPPORTS_VIDEO_CALLING_FALLBACK=true}] GroupId: ***] with handle: ComponentInfo{com.android.phone/com.android.services.telephony.TelephonyConnectionService}, ***, UserHandle{0}
05-09 14:56:07.603  2088  2088 I TelecomFramework: PstnIncomingCallNotifier: Registering: Handler (com.android.internal.telephony.GsmCdmaPhone) {eda00cd}
05-09 14:56:07.605  2088  2088 I TelecomFramework: TelecomAccountRegistry: Unregistering phone account ComponentInfo{com.android.phone/com.android.services.telephony.TelephonyConnectionService}, ***, UserHandle{0}.
05-09 14:56:07.605  2258  2258 E ActivityThread: Failed to find provider info for com.google.android.gsf.gservices
05-09 14:56:07.605  2258  2258 E ActivityThread: Failed to find provider info for com.google.android.gsf.gservices
05-09 14:56:07.613  1843  1895 I Telecom : CallsManager: Sending phone-account ComponentInfo{com.android.phone/com.android.services.telephony.TelephonyConnectionService}, ***, UserHandle{0} unregistered intent as user: TSI.uPA@ABQ
05-09 14:56:07.613  1843  1895 I Telecom : CallsManager: Sending phone-account unregistered intent to default dialer: TSI.uPA@ABQ
05-09 14:56:07.621  2088  2088 D TelephonyProvider: subIdString = 1 subId = 1
05-09 14:56:07.624  2258  2258 E ActivityThread: Failed to find provider info for com.google.android.gsf.gservices
05-09 14:56:07.697  2258  2258 W DynamiteModule: Local module descriptor class for providerinstaller not found.
05-09 14:56:07.710  2088  2088 I ImsExternalCallTracker: handleVideoCapabilitiesChanged : isVideoCapable = false
05-09 14:56:07.710  2088  2088 D ImsExternalCallTracker: refreshCallPullState
05-09 14:56:07.669  2258  2258 I chatty  : uid=10013 com.google.android.gms.persistent identical 1 line
05-09 14:56:07.670  2258  2258 E ActivityThread: Failed to find provider info for com.google.android.gsf.gservices
05-09 14:56:07.710  2088  2088 I TelecomFramework: PstnPhoneCapabilitiesNotifier: handleVideoCapabilitesChanged. Video capability - false
05-09 14:56:07.711  2258  2258 W ProviderHelper: Unknown dynamite feature providerinstaller
05-09 14:56:07.713  2258  2258 E ActivityThread: Failed to find provider info for com.google.android.gsf.gservices
05-09 14:56:07.714  2258  2258 I DynamiteModule: Considering local module providerinstaller:0 and remote module providerinstaller:0
05-09 14:56:07.729  2258  2258 W ProviderInstaller: Failed to load providerinstaller module: No acceptable module found. Local version is 0 and remote version is 0.
05-09 14:56:07.767  2258  2258 V NativeCrypto: Registering com/google/android/gms/org/conscrypt/NativeCrypto's 286 native methods...
05-09 14:56:07.714  2258  2258 I chatty  : uid=10013 com.google.android.gms.persistent identical 2 lines
05-09 14:56:07.714  2258  2258 E ActivityThread: Failed to find provider info for com.google.android.gsf.gservices
05-09 14:56:07.769  1843  1853 I Telecom : PhoneAccountRegistrar: Modify account: [ComponentInfo{com.android.phone/com.android.services.telephony.TelephonyConnectionService}, ***, UserHandle{0}]: TSI.rPA@ABY
05-09 14:56:07.834  2088  2220 D MccTable: updateMccMncConfiguration mccmnc='310260' fromServiceState=false
05-09 14:56:07.834  2088  2220 D MccTable: updateMccMncConfiguration defaultMccMnc=310260
05-09 14:56:07.834  2088  2220 D MccTable: updateMccMncConfiguration: mcc=310, mnc=260
05-09 14:56:07.834  2088  2220 D MccTable: updateMccMncConfiguration updateConfig config={0.0 310mcc260mnc ?localeList ?layoutDir ?swdp ?wdp ?hdp ?density ?lsize ?long ?ldr ?wideColorGamut ?orien ?uimode ?night ?touch ?keyb/?/? ?nav/? winConfig={ mBounds=Rect(0, 0 - 0, 0) mAppBounds=null mWindowingMode=undefined mActivityType=undefined}}
05-09 14:56:07.846  2258  2258 D NetworkSecurityConfig: Using Network Security Config from resource network_security_config debugBuild: false
05-09 14:56:07.853  2088  2088 D TelephonyProvider: subIdString = 1 subId = 1
05-09 14:56:07.855  2258  2258 I ProviderInstaller: Installed default security provider GmsCore_OpenSSL
05-09 14:56:07.857  2258  2258 E ActivityThread: Failed to find provider info for com.google.android.gsf.gservices
05-09 14:56:07.862  2258  2258 I Safeboot: Checking safeboot...
05-09 14:56:07.878  2258  2258 I Safeboot Condition: No need to enter Safeboot.
05-09 14:56:07.976  2258  2258 I GmsApplication: Registering the BackgroundBroadcastReceiverSupport receiver.
05-09 14:56:07.928  2258  2258 I chatty  : uid=10013 com.google.android.gms.persistent identical 31 lines
05-09 14:56:07.956  2258  2258 E ActivityThread: Failed to find provider info for com.google.android.gsf.gservices
05-09 14:56:07.994  2088  2088 I TelecomFramework: PstnIncomingCallNotifier: Unregistering: Handler (com.android.internal.telephony.GsmCdmaPhone) {eda00cd}
05-09 14:56:08.019  2258  2258 E ActivityThread: Failed to find provider info for com.google.android.gsf.gservices
05-09 14:56:08.052  2258  2258 I GmsReceiverSupport: Registered Receiver for 18+1 IntentFilters
05-09 14:56:08.020  2258  2258 I chatty  : uid=10013 com.google.android.gms.persistent identical 1 line
05-09 14:56:08.053  2258  2258 E ActivityThread: Failed to find provider info for com.google.android.gsf.gservices
05-09 14:56:08.056  1843  1895 I Telecom : PhoneAccountRegistrar: Modify account: [ComponentInfo{com.android.phone/com.android.services.telephony.TelephonyConnectionService}, ***, UserHandle{0}]: TSI.rPA@ABc
05-09 14:56:08.070  2088  2088 I TelecomFramework: AccountEntry: Registered phoneAccount: [[ ] PhoneAccount: ComponentInfo{com.android.phone/com.android.services.telephony.TelephonyConnectionService}, ***, UserHandle{0} Capabilities: CallProvider MultiUser PlaceEmerg SimSub  Audio Routes: BESW Schemes: tel voicemail  Extras: Bundle[{android.telecom.extra.SUPPORTS_VIDEO_CALLING_FALLBACK=true}] GroupId: ***] with handle: ComponentInfo{com.android.phone/com.android.services.telephony.TelephonyConnectionService}, ***, UserHandle{0}
05-09 14:56:08.072  2088  2088 I TelecomFramework: PstnIncomingCallNotifier: Registering: Handler (com.android.internal.telephony.GsmCdmaPhone) {eda00cd}
05-09 14:56:08.084  2258  2258 E ActivityThread: Failed to find provider info for com.google.android.gsf.gservices
05-09 14:56:08.085  2258  2258 I chatty  : uid=10013 com.google.android.gms.persistent identical 2 lines
05-09 14:56:08.090  2258  2258 E ActivityThread: Failed to find provider info for com.google.android.gsf.gservices
05-09 14:56:08.098  1843  1895 W ContextImpl: Calling a method in the system process without a qualified user: android.app.ContextImpl.sendBroadcastAsUserMultiplePermissions:1053 com.android.server.TelephonyRegistry.broadcastCallStateChanged:1602 com.android.server.TelephonyRegistry.notifyCallStateForPhoneId:793 com.android.internal.telephony.ITelephonyRegistry$Stub.onTransact:122 android.os.Binder.execTransact:731 
05-09 14:56:08.099  2258  2258 E ActivityThread: Failed to find provider info for com.google.android.gsf.gservices
05-09 14:56:08.117  2258  2258 I chatty  : uid=10013 com.google.android.gms.persistent identical 2 lines
05-09 14:56:08.122  2258  2258 E ActivityThread: Failed to find provider info for com.google.android.gsf.gservices
05-09 14:56:08.207  1843  1896 W ActivityManager: Slow operation: 78ms so far, now at getContentProviderImpl: after resolveContentProvider
05-09 14:56:08.209  2258  2258 E ActivityThread: Failed to find provider info for com.google.android.gsf.gservices
05-09 14:56:08.267  2258  2258 W bdzf    : Primes not initialized, returning default (no-op) Primes instance which will ignore all calls. Please call Primes.initialize(...) before using any Primes API.
05-09 14:56:08.277  2088  2220 D IntentBroadcaster: Broadcasting and adding intent for rebroadcast: android.intent.action.SIM_STATE_CHANGED LOADED for slotId 0
05-09 14:56:08.345  2088  2220 D CarrierConfigLoader: update config for phoneId: 0 simState: LOADED
05-09 14:56:08.345  2088  2220 D CarrierSvcBindHelper: update binding for phoneId: 0 simState: LOADED
05-09 14:56:08.368  1605  1605 D gralloc_ranchu: gralloc_alloc: Creating ashmem region of size 9334784
05-09 14:56:08.389  1965  1965 I ImageWallpaper: Redrawing in rect: RectF(0.0, 0.0, 2621.9531, 2160.0) with surface size: 1243x2160
05-09 14:56:08.390  1965  2177 D EGL_emulation: eglMakeCurrent: 0xe04b0e20: ver 3 0 (tinfo 0xcb109320)
05-09 14:56:08.324  2258  2258 I chatty  : uid=10013 com.google.android.gms.persistent identical 18 lines
05-09 14:56:08.346  2258  2258 E ActivityThread: Failed to find provider info for com.google.android.gsf.gservices
05-09 14:56:08.398  2258  2291 E ActivityThread: Failed to find provider info for com.google.android.gsf.gservices
05-09 14:56:08.418  2258  2258 E ActivityThread: Failed to find provider info for com.google.android.gsf.gservices
05-09 14:56:08.416  1965  2177 D eglCodecCommon: setVertexArrayObject: set vao to 0 (0) 3 2
05-09 14:56:08.427  1605  1605 D gralloc_ranchu: gralloc_alloc: Creating ashmem region of size 9334784
05-09 14:56:08.469  2088  2088 D CallNotifier: updatePhoneStateListeners: update CF notifications.
05-09 14:56:08.468  2258  2258 E ActivityThread: Failed to find provider info for com.google.android.gsf.gservices
05-09 14:56:08.469  2088  2088 I TelecomFramework: PstnIncomingCallNotifier: Unregistering: Handler (com.android.internal.telephony.GsmCdmaPhone) {eda00cd}
05-09 14:56:08.471  2258  2258 E ActivityThread: Failed to find provider info for com.google.android.gsf.gservices
05-09 14:56:08.481  2258  2291 E ActivityThread: Failed to find provider info for com.google.android.gsf.gservices
05-09 14:56:08.484  2258  2258 I DynamiteModule: Considering local module com.google.android.gms.googlecertificates:4 and remote module com.google.android.gms.googlecertificates:4
05-09 14:56:08.484  2258  2258 I DynamiteModule: Selected local version of com.google.android.gms.googlecertificates
05-09 14:56:08.486  1843  1898 W LocalDisplayAdapter: Unable to find color mode 0, ignoring request.
05-09 14:56:08.493  2258  2291 E ActivityThread: Failed to find provider info for com.google.android.gsf.gservices
05-09 14:56:08.594  1843  1898 W LocalDisplayAdapter: Unable to find color mode 0, ignoring request.
05-09 14:56:08.601  1843  1896 I Telecom : PhoneAccountRegistrar: Modify account: [ComponentInfo{com.android.phone/com.android.services.telephony.TelephonyConnectionService}, ***, UserHandle{0}]: TSI.rPA@ABo
05-09 14:56:08.602  2088  2088 I TelecomFramework: AccountEntry: Registered phoneAccount: [[ ] PhoneAccount: ComponentInfo{com.android.phone/com.android.services.telephony.TelephonyConnectionService}, ***, UserHandle{0} Capabilities: CallProvider MultiUser PlaceEmerg SimSub  Audio Routes: BESW Schemes: tel voicemail  Extras: Bundle[{android.telecom.extra.SUPPORTS_VIDEO_CALLING_FALLBACK=true}] GroupId: ***] with handle: ComponentInfo{com.android.phone/com.android.services.telephony.TelephonyConnectionService}, ***, UserHandle{0}
05-09 14:56:08.602  2088  2088 I TelecomFramework: PstnIncomingCallNotifier: Registering: Handler (com.android.internal.telephony.GsmCdmaPhone) {eda00cd}
05-09 14:56:08.605  2088  2088 I ImsExternalCallTracker: handleVideoCapabilitiesChanged : isVideoCapable = false
05-09 14:56:08.605  2088  2088 D ImsExternalCallTracker: refreshCallPullState
05-09 14:56:08.605  2088  2088 I TelecomFramework: PstnPhoneCapabilitiesNotifier: handleVideoCapabilitesChanged. Video capability - false
05-09 14:56:08.607  2088  2088 D CallNotifier: updatePhoneStateListeners: update CF notifications.
05-09 14:56:08.607  2088  2088 I TelecomFramework: PstnIncomingCallNotifier: Unregistering: Handler (com.android.internal.telephony.GsmCdmaPhone) {eda00cd}
05-09 14:56:08.611  1843  1866 W WindowManager: Window freeze timeout expired.
05-09 14:56:08.612  1843  1866 W WindowManager: Force clearing orientation change: Window{e151f64 u0 NavigationBar}
05-09 14:56:08.612  1843  1866 W WindowManager: Force clearing orientation change: Window{f559a56 u0 StatusBar}
05-09 14:56:08.612  1843  1866 W WindowManager: Force clearing orientation change: Window{166b9e5 u0 com.android.systemui.ImageWallpaper}
05-09 14:56:08.620  1843  1896 I Telecom : PhoneAccountRegistrar: Modify account: [ComponentInfo{com.android.phone/com.android.services.telephony.TelephonyConnectionService}, ***, UserHandle{0}]: TSI.rPA@AB0
05-09 14:56:08.622  2088  2088 I TelecomFramework: AccountEntry: Registered phoneAccount: [[ ] PhoneAccount: ComponentInfo{com.android.phone/com.android.services.telephony.TelephonyConnectionService}, ***, UserHandle{0} Capabilities: CallProvider MultiUser PlaceEmerg SimSub  Audio Routes: BESW Schemes: tel voicemail  Extras: Bundle[{android.telecom.extra.SUPPORTS_VIDEO_CALLING_FALLBACK=true}] GroupId: ***] with handle: ComponentInfo{com.android.phone/com.android.services.telephony.TelephonyConnectionService}, ***, UserHandle{0}
05-09 14:56:08.622  2088  2088 I TelecomFramework: PstnIncomingCallNotifier: Registering: Handler (com.android.internal.telephony.GsmCdmaPhone) {eda00cd}
05-09 14:56:08.631  2088  2088 D CallNotifier: updatePhoneStateListeners: update CF notifications.
05-09 14:56:08.632  2088  2088 I TelecomFramework: PstnIncomingCallNotifier: Unregistering: Handler (com.android.internal.telephony.GsmCdmaPhone) {eda00cd}
05-09 14:56:08.634  2258  2293 E ActivityThread: Failed to find provider info for com.google.android.gsf.gservices
05-09 14:56:08.642  1843  1896 I Telecom : PhoneAccountRegistrar: Modify account: [ComponentInfo{com.android.phone/com.android.services.telephony.TelephonyConnectionService}, ***, UserHandle{0}]: TSI.rPA@ACA
05-09 14:56:08.644  2088  2088 I TelecomFramework: AccountEntry: Registered phoneAccount: [[ ] PhoneAccount: ComponentInfo{com.android.phone/com.android.services.telephony.TelephonyConnectionService}, ***, UserHandle{0} Capabilities: CallProvider MultiUser PlaceEmerg SimSub  Audio Routes: BESW Schemes: tel voicemail  Extras: Bundle[{android.telecom.extra.SUPPORTS_VIDEO_CALLING_FALLBACK=true}] GroupId: ***] with handle: ComponentInfo{com.android.phone/com.android.services.telephony.TelephonyConnectionService}, ***, UserHandle{0}
05-09 14:56:08.644  2088  2088 I TelecomFramework: PstnIncomingCallNotifier: Registering: Handler (com.android.internal.telephony.GsmCdmaPhone) {eda00cd}
05-09 14:56:08.647  2088  2088 D CarrierConfigLoader: mHandler: 7 phoneId: 0
05-09 14:56:08.649  2088  2088 D CarrierConfigLoader: Loaded config from XML. package=com.android.carrierconfig phoneId=0
05-09 14:56:08.649  2088  2088 D CarrierSvcBindHelper: mHandler: 0
05-09 14:56:08.649  2088  2088 D CarrierSvcBindHelper: Rebinding if necessary for phoneId: 0
05-09 14:56:08.651  2258  2258 E ActivityThread: Failed to find provider info for com.google.android.gsf.gservices
05-09 14:56:08.657  2088  2088 D CarrierSvcBindHelper: No carrier app for: 0
05-09 14:56:08.658  2088  2088 I VvmSimStateTracker: android.intent.action.SIM_STATE_CHANGED
05-09 14:56:08.662  2088  2088 D CallNotifier: updatePhoneStateListeners: update CF notifications.
05-09 14:56:08.662  2088  2088 I TelecomFramework: PstnIncomingCallNotifier: Unregistering: Handler (com.android.internal.telephony.GsmCdmaPhone) {eda00cd}
05-09 14:56:08.676  1965  1965 I Choreographer: Skipped 129 frames!  The application may be doing too much work on its main thread.
05-09 14:56:08.686  1843  1896 I Telecom : PhoneAccountRegistrar: Modify account: [ComponentInfo{com.android.phone/com.android.services.telephony.TelephonyConnectionService}, ***, UserHandle{0}]: TSI.rPA@ACM
05-09 14:56:08.691  2258  2258 E ActivityThread: Failed to find provider info for com.google.android.gsf.gservices
05-09 14:56:08.697  2088  2088 I TelecomFramework: AccountEntry: Registered phoneAccount: [[ ] PhoneAccount: ComponentInfo{com.android.phone/com.android.services.telephony.TelephonyConnectionService}, ***, UserHandle{0} Capabilities: CallProvider MultiUser PlaceEmerg SimSub  Audio Routes: BESW Schemes: tel voicemail  Extras: Bundle[{android.telecom.extra.SUPPORTS_VIDEO_CALLING_FALLBACK=true}] GroupId: ***] with handle: ComponentInfo{com.android.phone/com.android.services.telephony.TelephonyConnectionService}, ***, UserHandle{0}
05-09 14:56:08.697  2088  2088 I TelecomFramework: PstnIncomingCallNotifier: Registering: Handler (com.android.internal.telephony.GsmCdmaPhone) {eda00cd}
05-09 14:56:08.699  2088  2088 D CallNotifier: updatePhoneStateListeners: update CF notifications.
05-09 14:56:08.699  2088  2088 I NotificationMgr: updateMwi(): subId 1 update to false
05-09 14:56:08.706  2258  2258 E ActivityThread: Failed to find provider info for com.google.android.gsf.gservices
05-09 14:56:08.721  1605  1713 D gralloc_ranchu: gralloc_alloc: Creating ashmem region of size 24576
05-09 14:56:08.730  2088  2088 I CallNotifier: onCallForwardingIndicatorChanged(): subId=1, visible=N
05-09 14:56:08.731  2088  2088 D CallNotifier: updatePhoneStateListeners: update CF notifications.
05-09 14:56:08.732  2088  2088 I NotificationMgr: updateCfi: subId= 1, visible=N
05-09 14:56:08.734  2088  2088 I NotificationMgr: updateMwi(): subId 1 update to false
05-09 14:56:08.744  1605  1713 D gralloc_ranchu: gralloc_alloc: Creating ashmem region of size 24576
05-09 14:56:08.760  2296  2296 W .android.diale: Unexpected CPU variant for X86 using defaults: x86
05-09 14:56:08.728  2258  2258 I chatty  : uid=10013 com.google.android.gms.persistent identical 4 lines
05-09 14:56:08.742  2258  2258 E ActivityThread: Failed to find provider info for com.google.android.gsf.gservices
05-09 14:56:08.760  1843  1860 I ActivityManager: Start proc 2296:com.google.android.dialer/u0a28 for broadcast com.google.android.dialer/com.android.dialer.app.voicemail.LegacyVoicemailNotificationReceiver
05-09 14:56:08.763  2258  2258 E ActivityThread: Failed to find provider info for com.google.android.gsf.gservices
05-09 14:56:08.763  1605  1713 D gralloc_ranchu: gralloc_alloc: Creating ashmem region of size 24576
05-09 14:56:08.766  1605  1713 D gralloc_ranchu: gralloc_alloc: Creating ashmem region of size 24576
05-09 14:56:08.771  1605  1713 D gralloc_ranchu: gralloc_alloc: Creating ashmem region of size 8192
05-09 14:56:08.776  1605  1713 D gralloc_ranchu: gralloc_alloc: Creating ashmem region of size 8192
05-09 14:56:08.781  2088  2088 D TelephonyProvider: subIdString = 1 subId = 1
05-09 14:56:08.784  2088  2088 D CarrierIdProvider: updateCarrierIdForSubId: 1
05-09 14:56:08.787  2088  2088 D TelephonyProvider: subIdString = 1 subId = 1
05-09 14:56:08.794  1965  2177 D EGL_emulation: eglMakeCurrent: 0xe04b0e20: ver 3 0 (tinfo 0xcb109320)
05-09 14:56:08.819  2227  2227 I AlarmClock: AlarmInitReceiver android.intent.action.TIMEZONE_CHANGED
05-09 14:56:08.823  1965  2177 I OpenGLRenderer: Davey! duration=2301ms; Flags=0, IntendedVsync=38325432548, Vsync=40475432462, OldestInputEvent=9223372036854775807, NewestInputEvent=0, HandleInputStart=40491811600, AnimationStart=40491853600, PerformTraversalsStart=40495809700, DrawStart=40523407200, SyncQueued=40598507200, SyncStart=40609728500, IssueDrawCommandsStart=40617343200, SwapBuffers=40637296900, FrameCompleted=40638066300, DequeueBufferDuration=53000, QueueBufferDuration=147000, 
05-09 14:56:08.823  2296  2296 E .android.diale: Not starting debugger since process cannot load the jdwp agent.
05-09 14:56:08.846  2227  2254 I AlarmClock: Removing AlarmClockInfo
05-09 14:56:08.811  2258  2258 I chatty  : uid=10013 com.google.android.gms.persistent identical 2 lines
05-09 14:56:08.812  2258  2258 E ActivityThread: Failed to find provider info for com.google.android.gsf.gservices
05-09 14:56:08.847  2258  2293 E ActivityThread: Failed to find provider info for com.google.android.gsf.gservices
05-09 14:56:08.856  2258  2293 I chatty  : uid=10013(com.google.android.gms) GoogleApiHandle identical 2 lines
05-09 14:56:08.857  2258  2293 E ActivityThread: Failed to find provider info for com.google.android.gsf.gservices
05-09 14:56:08.879  1843  1860 I ActivityManager: Start proc 2312:com.android.cellbroadcastreceiver/u0a40 for broadcast com.android.cellbroadcastreceiver/.CellBroadcastReceiver
05-09 14:56:08.902  2312  2312 W oadcastreceive: Unexpected CPU variant for X86 using defaults: x86
05-09 14:56:08.904  2088  2088 I ImsExternalCallTracker: handleVideoCapabilitiesChanged : isVideoCapable = false
05-09 14:56:08.904  2088  2088 D ImsExternalCallTracker: refreshCallPullState
05-09 14:56:08.904  2088  2088 I TelecomFramework: PstnPhoneCapabilitiesNotifier: handleVideoCapabilitesChanged. Video capability - false
05-09 14:56:08.905  2088  2088 I ImsExternalCallTracker: handleVideoCapabilitiesChanged : isVideoCapable = false
05-09 14:56:08.905  2088  2088 D ImsExternalCallTracker: refreshCallPullState
05-09 14:56:08.906  2088  2088 I ImsExternalCallTracker: handleVideoCapabilitiesChanged : isVideoCapable = false
05-09 14:56:08.906  2088  2088 D ImsExternalCallTracker: refreshCallPullState
05-09 14:56:08.907  2088  2088 D CarrierConfigLoader: mHandler: 5 phoneId: 0
05-09 14:56:08.916  2312  2312 E oadcastreceive: Not starting debugger since process cannot load the jdwp agent.
05-09 14:56:08.905  2088  2088 I chatty  : uid=1001(radio) com.android.phone identical 1 line
05-09 14:56:08.907  2088  2088 I TelecomFramework: PstnPhoneCapabilitiesNotifier: handleVideoCapabilitesChanged. Video capability - false
05-09 14:56:08.916  1843  1896 D ConnectivityService: registerNetworkAgent NetworkAgentInfo{ ni{[type: MOBILE[LTE], state: CONNECTED/CONNECTED, reason: connected, extra: epc.tmobile.com, failover: false, available: true, roaming: false]}  network{100}  nethandle{432902426637}  lp{{InterfaceName: radio0 LinkAddresses: [192.168.200.2/24,fe80::fcbe:70ff:fe59:d072/64,fec0::fcbe:70ff:fe59:d072/64,fec0::94e8:e0d4:a635:9205/64,]  Routes: [0.0.0.0/0 -> 192.168.200.1 radio0,192.168.200.0/24 -> 0.0.0.0 radio0,fe80::/64 -> :: radio0,fec0::/64 -> :: radio0,] DnsAddresses: [10.0.2.3,] UsePrivateDns: false PrivateDnsServerName: null Domains: null MTU: 1500 TcpBufferSizes: 524288,1048576,2097152,262144,524288,1048576}}  nc{[ Transports: CELLULAR Capabilities: MMS&SUPL&DUN&FOTA&IMS&CBS&IA&INTERNET&NOT_RESTRICTED&TRUSTED&NOT_VPN&NOT_ROAMING&FOREGROUND&NOT_CONGESTED&NOT_SUSPENDED Unwanted:  LinkUpBandwidth>=51200Kbps LinkDnBandwidth>=102400Kbps Specifier: <1>]}  Score{10}  everValidated{false}  lastValidated{false}  created{false} lingering{false} explicitlySelected{false} acceptUnvalidated{false} everCaptivePortalDetected{false} lastCaptivePortalDetected{false} clat{null} }
05-09 14:56:08.918  1843  1933 D ConnectivityService: NetworkAgentInfo [MOBILE (LTE) - 100] EVENT_NETWORK_INFO_CHANGED, going from null to CONNECTED
05-09 14:56:08.918  1675  1806 D TcpSocketMonitor: resuming tcpinfo polling (interval=30000ms)
05-09 14:56:08.919  1843  1933 W DnsManager: updatePrivateDns(100, PrivateDnsConfig{true:/[]})
05-09 14:56:08.919  1843  1933 D ConnectivityService: Setting DNS servers for network 100 to [/10.0.2.3]
05-09 14:56:08.919  1843  1933 D DnsManager: setDnsConfigurationForNetwork(100, [10.0.2.3], [], [1800, 25, 8, 64], , [10.0.2.3])
05-09 14:56:08.927  1843  1933 D ConnectivityService: Adding iface radio0 to network 100
05-09 14:56:08.931  2088  2292 I CarrierInfoManager: using values for mnc, mcc: 260,310
05-09 14:56:08.920  1675  1675 W Binder:1675_2: type=1400 audit(0.0:6): avc: denied { write } for name="mtu" dev="sysfs" ino=14182 scontext=u:r:netd:s0 tcontext=u:object_r:sysfs:s0 tclass=file permissive=0
05-09 14:56:08.932  2088  2088 I ImsExternalCallTracker: handleVideoCapabilitiesChanged : isVideoCapable = false
05-09 14:56:08.932  2088  2088 D ImsExternalCallTracker: refreshCallPullState
05-09 14:56:08.933  2088  2088 I TelecomFramework: PstnPhoneCapabilitiesNotifier: handleVideoCapabilitesChanged. Video capability - false
05-09 14:56:08.937  1843  1933 E ConnectivityService: exception in setMtu()java.lang.IllegalStateException: command '33 interface setmtu radio0 1500' failed with '400 33 Failed to set MTU (Permission denied)'
05-09 14:56:08.947  2296  2296 I .android.diale: The ClassLoaderContext is a special shared library.
05-09 14:56:08.954  1843  1926 D NetworkPolicy: Updated NetworkPolicy{template=NetworkTemplate: matchRule=MOBILE, subscriberId=310260..., matchSubscriberIds=[310260...] cycleRule=RecurrenceRule{start=2019-01-06T00:00Z[GMT] end=null period=P1M} warningBytes=2147483648 limitBytes=-1 lastWarningSnooze=-1 lastLimitSnooze=-1 lastRapidSnooze=-1 metered=true inferred=true} to NetworkPolicy{template=NetworkTemplate: matchRule=MOBILE, subscriberId=310260..., matchSubscriberIds=[310260...] cycleRule=RecurrenceRule{start=2019-01-06T00:00-05:00[America/New_York] end=null period=P1M} warningBytes=2147483648 limitBytes=-1 lastWarningSnooze=-1 lastLimitSnooze=-1 lastRapidSnooze=-1 metered=true inferred=true}
05-09 14:56:08.955  1965  2177 D EGL_emulation: eglMakeCurrent: 0xe04b0e20: ver 3 0 (tinfo 0xcb109320)
05-09 14:56:08.957  2088  2292 D CarrierInfoManager: No rows found for keyType: 2
05-09 14:56:08.961  1843  1896 I Telecom : PhoneAccountRegistrar: Modify account: [ComponentInfo{com.android.phone/com.android.services.telephony.TelephonyConnectionService}, ***, UserHandle{0}]: TSI.rPA@ACo
05-09 14:56:08.965  1843  1933 D ConnectivityService: Setting DNS servers for network 100 to [/10.0.2.3]
05-09 14:56:08.965  1843  1933 D DnsManager: setDnsConfigurationForNetwork(100, [10.0.2.3], [], [1800, 25, 8, 64], , [10.0.2.3])
05-09 14:56:08.970  2088  2088 D TelephonyProvider: subIdString = 1 subId = 1
05-09 14:56:08.975  2258  2293 E ActivityThread: Failed to find provider info for com.google.android.gsf.gservices
05-09 14:56:08.980  1843  1933 I chatty  : uid=1000(system) ConnectivitySer expire 9 lines
05-09 14:56:08.994  2088  2088 D TelephonyProvider: subIdString = 1 subId = 1
05-09 14:56:09.002  1965  2177 I OpenGLRenderer: Davey! duration=2486ms; Flags=0, IntendedVsync=38325432548, Vsync=40475432462, OldestInputEvent=9223372036854775807, NewestInputEvent=0, HandleInputStart=40491811600, AnimationStart=40491853600, PerformTraversalsStart=40495809700, DrawStart=40727957400, SyncQueued=40764719400, SyncStart=40770645100, IssueDrawCommandsStart=40770692900, SwapBuffers=40804653900, FrameCompleted=40817781900, DequeueBufferDuration=68000, QueueBufferDuration=12580000, 
05-09 14:56:09.011  2088  2088 D TelephonyProvider: subIdString = 1 subId = 1
05-09 14:56:09.015  2088  2088 D TelephonyProvider: subIdString = 1 subId = 1
05-09 14:56:09.026  2088  2088 D TelephonyProvider: subIdString = 1 subId = 1
05-09 14:56:09.041  1965  1978 I ndroid.systemu: NativeAlloc concurrent copying GC freed 49086(3MB) AllocSpace objects, 31(620KB) LOS objects, 50% free, 4MB/8MB, paused 2.700ms total 684.986ms
05-09 14:56:09.028  2258  2293 I chatty  : uid=10013(com.google.android.gms) GoogleApiHandle identical 3 lines
05-09 14:56:09.028  2258  2293 E ActivityThread: Failed to find provider info for com.google.android.gsf.gservices
05-09 14:56:09.045  1843  1843 I Telecom : PhoneAccountRegistrar: SimCallManager queried, returning: null: TSI.gSCMFU@ACs
05-09 14:56:09.057  2088  2088 D TelephonyProvider: subIdString = 1 subId = 1
05-09 14:56:09.064  1843  1860 I ActivityManager: Start proc 2331:android.process.acore/u0a12 for content provider com.android.providers.blockednumber/.BlockedNumberProvider
05-09 14:56:09.059  2088  2088 I chatty  : uid=1001(radio) com.android.phone identical 1 line
05-09 14:56:09.061  2088  2088 D TelephonyProvider: subIdString = 1 subId = 1
05-09 14:56:09.065  2088  2101 I m.android.phon: Background concurrent copying GC freed 72585(5MB) AllocSpace objects, 49(1064KB) LOS objects, 49% free, 2MB/4MB, paused 1.080ms total 174.575ms
05-09 14:56:09.067  2088  2088 D TelephonyProvider: subIdString = 1 subId = 1
05-09 14:56:09.077  2088  2099 W System  : A resource failed to call close. 
05-09 14:56:09.088  1843  1933 D ConnectivityService: Switching to new default network: NetworkAgentInfo{ ni{[type: MOBILE[LTE], state: CONNECTED/CONNECTED, reason: connected, extra: epc.tmobile.com, failover: false, available: true, roaming: false]}  network{100}  nethandle{432902426637}  lp{{InterfaceName: radio0 LinkAddresses: [192.168.200.2/24,fe80::fcbe:70ff:fe59:d072/64,fec0::fcbe:70ff:fe59:d072/64,fec0::94e8:e0d4:a635:9205/64,]  Routes: [0.0.0.0/0 -> 192.168.200.1 radio0,192.168.200.0/24 -> 0.0.0.0 radio0,fe80::/64 -> :: radio0,fec0::/64 -> :: radio0,] DnsAddresses: [10.0.2.3,] UsePrivateDns: false PrivateDnsServerName: null Domains: null MTU: 1500 TcpBufferSizes: 524288,1048576,2097152,262144,524288,1048576}}  nc{[ Transports: CELLULAR Capabilities: MMS&SUPL&DUN&FOTA&IMS&CBS&IA&INTERNET&NOT_RESTRICTED&TRUSTED&NOT_VPN&NOT_ROAMING&FOREGROUND&NOT_CONGESTED&NOT_SUSPENDED Unwanted:  LinkUpBandwidth>=51200Kbps LinkDnBandwidth>=102400Kbps Specifier: <1>]}  Score{10}  everValidated{false}  lastValidated{false}  created{true} lingering{false} explicitlySelected{false} acceptUnvalidated{false} everCaptivePortalDetected{false} lastCaptivePortalDetected{false} clat{null} }
05-09 14:56:09.095  2088  2088 I ImsResolver: Received Carrier Config Changed for SlotId: 0
05-09 14:56:09.096  2088  2088 D CarrierKeyDownloadManager: Carrier Config changed: android.telephony.action.CARRIER_CONFIG_CHANGED
05-09 14:56:09.096  2088  2088 D CarrierKeyDownloadManager: Carrier not enabled or invalid values
05-09 14:56:09.096  2088  2088 D CarrierKeyDownloadManager: Cleaning up existing renewal alarms
05-09 14:56:09.106  2331  2331 W d.process.acor: Unexpected CPU variant for X86 using defaults: x86
05-09 14:56:09.108  2088  2088 I ImsResolver: Carrier Config updated, binding new ImsService
05-09 14:56:09.109  2331  2331 E d.process.acor: Not starting debugger since process cannot load the jdwp agent.
05-09 14:56:09.120  2258  2293 E ActivityThread: Failed to find provider info for com.google.android.gsf.gservices
05-09 14:56:09.134  1843  2017 I chatty  : uid=1000(system) NetworkTimeUpda expire 3 lines
05-09 14:56:09.136  1843  1933 D ConnectivityService: Sending CONNECTED broadcast for type 0 NetworkAgentInfo [MOBILE (LTE) - 100] isDefaultNetwork=true
05-09 14:56:09.197  2088  2088 D CallNotifier: updatePhoneStateListeners: update CF notifications.
05-09 14:56:09.197  2088  2088 I NotificationMgr: updateCfi: subId= 1, visible=N
05-09 14:56:09.198  2258  2293 E ActivityThread: Failed to find provider info for com.google.android.gsf.gservices
05-09 14:56:09.203  2088  2088 I NotificationMgr: updateMwi(): subId 1 update to false
05-09 14:56:09.212  1843  2337 I chatty  : uid=1000 system_server expire 2 lines
05-09 14:56:09.265  2088  2088 I TelecomFramework: PstnIncomingCallNotifier: Unregistering: Handler (com.android.internal.telephony.GsmCdmaPhone) {eda00cd}
05-09 14:56:09.271  2258  2293 E ActivityThread: Failed to find provider info for com.google.android.gsf.gservices
05-09 14:56:09.291  1843  2338 I chatty  : uid=1000 system_server expire 2 lines
05-09 14:56:09.300  1843  2150 I Telecom : PhoneAccountRegistrar: Modify account: [ComponentInfo{com.android.phone/com.android.services.telephony.TelephonyConnectionService}, ***, UserHandle{0}]: TSI.rPA@AC4
05-09 14:56:09.307  2088  2088 I TelecomFramework: AccountEntry: Registered phoneAccount: [[ ] PhoneAccount: ComponentInfo{com.android.phone/com.android.services.telephony.TelephonyConnectionService}, ***, UserHandle{0} Capabilities: CallProvider MultiUser PlaceEmerg SimSub  Audio Routes: BESW Schemes: tel voicemail  Extras: Bundle[{android.telecom.extra.SUPPORTS_VIDEO_CALLING_FALLBACK=true}] GroupId: ***] with handle: ComponentInfo{com.android.phone/com.android.services.telephony.TelephonyConnectionService}, ***, UserHandle{0}
05-09 14:56:09.307  2088  2088 I TelecomFramework: PstnIncomingCallNotifier: Registering: Handler (com.android.internal.telephony.GsmCdmaPhone) {eda00cd}
05-09 14:56:09.315  2088  2088 I ImsExternalCallTracker: handleVideoCapabilitiesChanged : isVideoCapable = false
05-09 14:56:09.315  2088  2088 D ImsExternalCallTracker: refreshCallPullState
05-09 14:56:09.316  2088  2088 I TelecomFramework: PstnPhoneCapabilitiesNotifier: handleVideoCapabilitesChanged. Video capability - false
05-09 14:56:09.368  1843  2150 I Telecom : PhoneAccountRegistrar: Modify account: [ComponentInfo{com.android.phone/com.android.services.telephony.TelephonyConnectionService}, ***, UserHandle{0}]: TSI.rPA@ADE
05-09 14:56:09.402  2258  2293 E ActivityThread: Failed to find provider info for com.google.android.gsf.gservices
05-09 14:56:09.429  1965  1965 E StatusBarSignalPolicy: Unexpected subscription 1
05-09 14:56:09.583  1965  1965 W KeyguardUpdateMonitor: invalid subId in handleServiceStateChange()
05-09 14:56:09.402  2258  2293 I chatty  : uid=10013(com.google.android.gms) GoogleApiHandle identical 1 line
05-09 14:56:09.416  2258  2293 E ActivityThread: Failed to find provider info for com.google.android.gsf.gservices
05-09 14:56:09.588  1843  1933 D ConnectivityService: NetworkAgentInfo [MOBILE (LTE) - 100] validation passed
05-09 14:56:09.673  2312  2312 I oadcastreceive: The ClassLoaderContext is a special shared library.
05-09 14:56:09.679  1843  1945 I chatty  : uid=1000(system) ConnectivityThr expire 2 lines
05-09 14:56:09.708  1965  1965 I ImageWallpaper: Redrawing in rect: RectF(0.0, 0.0, 2621.9531, 2160.0) with surface size: 1243x2160
05-09 14:56:09.709  1965  2177 D EGL_emulation: eglMakeCurrent: 0xe04b0e20: ver 3 0 (tinfo 0xcb109320)
05-09 14:56:09.710  1605  1713 D gralloc_ranchu: gralloc_alloc: Creating ashmem region of size 10739712
05-09 14:56:09.735  1965  1965 I ImageWallpaper: Redrawing in rect: RectF(0.0, 0.0, 2621.9531, 2160.0) with surface size: 1243x2160
05-09 14:56:09.742  1605  1713 D gralloc_ranchu: gralloc_alloc: Creating ashmem region of size 10739712
05-09 14:56:09.768  1965  1965 I ImageWallpaper: Redrawing in rect: RectF(0.0, 0.0, 2621.9531, 2160.0) with surface size: 1243x2160
05-09 14:56:09.786  1965  1965 I ImageWallpaper: Redrawing in rect: RectF(0.0, 0.0, 2621.9531, 2160.0) with surface size: 1243x2160
05-09 14:56:09.869  1605  1713 D gralloc_ranchu: gralloc_alloc: Creating ashmem region of size 10739712
05-09 14:56:09.926  1965  1965 I ImageWallpaper: Redrawing in rect: RectF(0.0, 0.0, 2621.9531, 2160.0) with surface size: 1243x2160
05-09 14:56:09.941  1965  1965 I Choreographer: Skipped 75 frames!  The application may be doing too much work on its main thread.
05-09 14:56:09.991  1965  2177 D EGL_emulation: eglMakeCurrent: 0xe04b0e20: ver 3 0 (tinfo 0xcb109320)
05-09 14:56:09.992  1843  1866 I WindowManager: ******* TELLING SURFACE FLINGER WE ARE BOOTED!
05-09 14:56:09.993  1664  1815 I SurfaceFlinger: Boot is finished (31239 ms)
05-09 14:56:09.995  1669  1908 E installd: Failed to unlink /data//dalvik-cache/arm/.booting: No such file or directory
05-09 14:56:09.995  1843  1866 W ActivityManager: Unable to mark boot complete for abi: armeabi-v7a (android.os.ServiceSpecificException: Failed to unlink /data//dalvik-cache/arm/.booting (code 2))
05-09 14:56:09.995  1843  1866 I SystemServiceManager: Starting phase 1000
05-09 14:56:10.029  1843  1864 I UsbDeviceManager: Setting USB config to adb
05-09 14:56:10.090  2331  2331 I d.process.acor: The ClassLoaderContext is a special shared library.
05-09 14:56:10.101  1965  2177 I OpenGLRenderer: Davey! duration=1407ms; Flags=0, IntendedVsync=40500644267, Vsync=41750644217, OldestInputEvent=9223372036854775807, NewestInputEvent=0, HandleInputStart=41756252100, AnimationStart=41756311600, PerformTraversalsStart=41759944700, DrawStart=41798211400, SyncQueued=41798979300, SyncStart=41807122900, IssueDrawCommandsStart=41807197300, SwapBuffers=41815202500, FrameCompleted=41916182000, DequeueBufferDuration=3686000, QueueBufferDuration=626000, 
05-09 14:56:10.103  1965  2177 D EGL_emulation: eglMakeCurrent: 0xe04b0e20: ver 3 0 (tinfo 0xcb109320)
05-09 14:56:10.113  1965  2177 I OpenGLRenderer: Davey! duration=1427ms; Flags=0, IntendedVsync=40500644267, Vsync=41750644217, OldestInputEvent=9223372036854775807, NewestInputEvent=0, HandleInputStart=41756252100, AnimationStart=41756311600, PerformTraversalsStart=41759944700, DrawStart=41917531200, SyncQueued=41917787200, SyncStart=41918569400, IssueDrawCommandsStart=41918636100, SwapBuffers=41919014800, FrameCompleted=41928858800, DequeueBufferDuration=55000, QueueBufferDuration=7911000, 
05-09 14:56:10.123  1843  1866 D ActivityManager: Finishing user boot 0
05-09 14:56:10.123  1843  1866 I ActivityManager: User 0 state changed from BOOTING to RUNNING_LOCKED
05-09 14:56:10.127  1843  1866 D ActivityManager: Started unlocking user 0
05-09 14:56:10.127  1843  1866 D ActivityManager: Unlocking user 0 progress 0
05-09 14:56:10.127  1843  1866 D ActivityManager: Unlocking user 0 progress 5
05-09 14:56:10.162  1965  1965 W KeyguardUpdateMonitor: invalid subId in handleServiceStateChange()
05-09 14:56:10.162  1965  1965 W KeyguardUpdateMonitor: invalid subId in handleSimStateChange()
05-09 14:56:10.165  1843  1864 W Looper  : Slow dispatch took 142ms android.fg h=com.android.server.usb.UsbDeviceManager$UsbHandlerLegacy c=null m=4
05-09 14:56:10.166  1543  1543 D vold    : e4crypt_prepare_user_storage for volume null, user 0, serial 0, flags 2
05-09 14:56:10.166  1543  1543 D vold    : Preparing: /data/system_ce/0
05-09 14:56:10.166  1543  1543 D vold    : Preparing: /data/misc_ce/0
05-09 14:56:10.166  1543  1543 D vold    : Preparing: /data/vendor_ce/0
05-09 14:56:10.167  1543  1543 D vold    : Preparing: /data/media/0
05-09 14:56:10.167  1543  1543 D vold    : Preparing: /data/data
05-09 14:56:10.167  1543  1543 V vold    : Starting restorecon of /data/system_ce/0
05-09 14:56:10.168  1843  2150 W ActivityManager: Unable to start service Intent { act=android.intent.action.QUICKSTEP_SERVICE pkg=com.google.android.apps.nexuslauncher } U=0: not found
05-09 14:56:10.168  1965  1965 W OverviewProxyService: Failed to connect on attempt 2 will try again in 10000ms
05-09 14:56:10.222  1664  1917 W SurfaceFlinger: Attempting to destroy on removed layer: 35672db DockedStackDivider#0
05-09 14:56:10.229  1965  1965 I ImageWallpaper: Redrawing in rect: RectF(0.0, 0.0, 2621.9531, 2160.0) with surface size: 1243x2160
05-09 14:56:10.230  1965  2177 D EGL_emulation: eglMakeCurrent: 0xe04b0e20: ver 3 0 (tinfo 0xcb109320)
05-09 14:56:10.246  1965  1965 I vol.Events: writeEvent dismiss_dialog timeout
05-09 14:56:10.249  1965  1965 W System  : ClassLoader referenced unknown path: 
05-09 14:56:10.262  1965  1965 I ImageWallpaper: Redrawing in rect: RectF(0.0, 0.0, 2621.9531, 2160.0) with surface size: 1243x2160
05-09 14:56:10.268  1543  1543 V vold    : Finished restorecon of /data/system_ce/0
05-09 14:56:10.268  1543  1543 V vold    : Starting restorecon of /data/misc_ce/0
05-09 14:56:10.286  2361  2361 I bootstat: Service started: /system/bin/bootstat --set_system_boot_reason --record_boot_complete --record_boot_reason --record_time_since_factory_reset -l 
05-09 14:56:10.291  2361  2361 I bootstat: Battery level at startup 100%
05-09 14:56:10.292  2361  2361 I bootstat: Canonical boot reason: reboot
05-09 14:56:10.311  1965  2177 D EGL_emulation: eglMakeCurrent: 0xe04b0e20: ver 3 0 (tinfo 0xcb109320)
05-09 14:56:10.325  1543  1543 V vold    : Finished restorecon of /data/misc_ce/0
05-09 14:56:10.325  1543  1543 V vold    : /system/bin/vold_prepare_subdirs
05-09 14:56:10.325  1543  1543 V vold    :     prepare
05-09 14:56:10.325  1543  1543 V vold    :     
05-09 14:56:10.325  1543  1543 V vold    :     0
05-09 14:56:10.325  1543  1543 V vold    :     2
05-09 14:56:10.339  1605  1713 D gralloc_ranchu: gralloc_alloc: Creating ashmem region of size 24576
05-09 14:56:10.348  1543  1543 I vold_prepare_subdirs: SELinux: Loaded file_contexts
05-09 14:56:10.351  1605  1713 D gralloc_ranchu: gralloc_alloc: Creating ashmem region of size 24576
05-09 14:56:10.354  2366  2366 D vold_prepare_subdirs: Setting up mode 700 uid 0 gid 0 context u:object_r:vold_data_file:s0 on path: /data/misc_ce/0/vold
05-09 14:56:10.357  2366  2366 D vold_prepare_subdirs: Setting up mode 700 uid 0 gid 0 context u:object_r:storaged_data_file:s0 on path: /data/misc_ce/0/storaged
05-09 14:56:10.358  1605  1713 D gralloc_ranchu: gralloc_alloc: Creating ashmem region of size 24576
05-09 14:56:10.361  1843  1864 V UserDataPreparer: Found /data/user/0 with serial number 0
05-09 14:56:10.361  1843  1864 V UserDataPreparer: Found /data/system_ce/0 with serial number 0
05-09 14:56:10.361  1843  1864 D UserDataPreparer: Setting property: sys.user.0.ce_available=true
05-09 14:56:10.372  1843  1864 V PackageManager: reconcileAppsData for null u0 0x2 migrateAppData=false
05-09 14:56:10.370  1605  1713 D gralloc_ranchu: gralloc_alloc: Creating ashmem region of size 24576
05-09 14:56:10.378  1605  1713 D gralloc_ranchu: gralloc_alloc: Creating ashmem region of size 8192
05-09 14:56:10.383  1605  1713 D gralloc_ranchu: gralloc_alloc: Creating ashmem region of size 8192
05-09 14:56:10.393  1965  2177 D EGL_emulation: eglMakeCurrent: 0xe04b0e20: ver 3 0 (tinfo 0xcb109320)
05-09 14:56:10.444  1965  2177 I chatty  : uid=10026(com.android.systemui) RenderThread identical 3 lines
05-09 14:56:10.457  1965  2177 D EGL_emulation: eglMakeCurrent: 0xe04b0e20: ver 3 0 (tinfo 0xcb109320)
05-09 14:56:10.477  1669  1708 W cutils  : Expected path /data/data/com.google.android.gms with mode 700 but found 711
05-09 14:56:10.535  1843  1864 V PackageManager: reconcileAppsData finished 111 packages
05-09 14:56:10.535  1843  1864 I ActivityManager: User 0 state changed from RUNNING_LOCKED to RUNNING_UNLOCKING
05-09 14:56:10.535  1843  1864 D ActivityManager: Unlocking user 0 progress 20
05-09 14:56:10.535  1843  1864 W Looper  : Slow dispatch took 370ms android.fg h=android.os.Handler c=com.android.server.am.-$$Lambda$UserController$o6oQFjGYYIfx-I94cSakTLPLt6s@ad5170b m=0
05-09 14:56:10.535  1843  1864 W Looper  : Slow delivery took 370ms android.fg h=com.android.server.usb.UsbDebuggingManager$UsbDebuggingHandler c=null m=1
05-09 14:56:10.535  1843  1858 I SystemServiceManager: Calling onUnlockUser u0
05-09 14:56:10.536  1843  1858 D StorageManagerService: onUnlockUser 0
05-09 14:56:10.538  1543  1543 D vold    : Linking /storage/emulated/0 to /mnt/user/0/primary
05-09 14:56:10.551  1843  1921 D StorageManagerService: Volume public:253,80 broadcasting mounted to UserHandle{0}
05-09 14:56:10.551  1843  1864 W Looper  : Drained
05-09 14:56:10.552  1843  1921 D StorageManagerService: Volume emulated broadcasting mounted to UserHandle{0}
05-09 14:56:10.617  1843  1858 W SystemServiceManager: Service com.android.server.TextServicesManagerService$Lifecycle took 68 ms in onUnlockUser 
05-09 14:56:10.618  1843  1930 I chatty  : uid=1000(system) WifiStateMachin expire 21 lines
05-09 14:56:10.623  1843  2371 V BackupManagerService: Starting with transport com.google.android.gms/.backup.BackupTransportService
05-09 14:56:10.724  1843  2371 I chatty  : uid=1000(system) backup expire 3 lines
05-09 14:56:10.865  2331  2331 I d.process.acor: The ClassLoaderContext is a special shared library.
05-09 14:56:10.872  1843  2371 E BackupPasswordManager: Unable to read backup pw version
05-09 14:56:10.872  1843  2371 E BackupPasswordManager: Unable to read saved backup pw hash
05-09 14:56:10.873  1843  2371 V BackupManagerService: No ancestral data
05-09 14:56:10.884  1843  2371 I BackupManagerService: Unlocking system user; mService=com.android.server.backup.BackupManagerService@db3bfa9
05-09 14:56:10.887  1843  2371 I BackupManagerService: Backup enabled => false
05-09 14:56:10.903  1843  2371 V BackupManagerConstants: getKeyValueBackupIntervalMilliseconds(...) returns 14400000
05-09 14:56:10.903  1843  2371 V BackupManagerConstants: getKeyValueBackupFuzzMilliseconds(...) returns 600000
05-09 14:56:10.903  1843  2371 V BackupManagerConstants: getKeyValueBackupRequiredNetworkType(...) returns 1
05-09 14:56:10.903  1843  2371 V BackupManagerConstants: getKeyValueBackupRequireCharging(...) returns true
05-09 14:56:10.903  1843  2371 V KeyValueBackupJob: Scheduling k/v pass in 248 minutes
05-09 14:56:11.080  1843  1858 W SystemServiceManager: Service com.android.server.voiceinteraction.VoiceInteractionManagerService took 458 ms in onUnlockUser 
05-09 14:56:11.092  1843  1860 I ActivityManager: Start proc 2373:com.google.android.googlequicksearchbox:interactor/u0a41 for service com.google.android.googlequicksearchbox/com.google.android.voiceinteraction.GsaVoiceInteractionService
05-09 14:56:11.098  2373  2373 I chatty  : uid=10041 com.google.android.googlequicksearchbox:interactor expire 11 lines
05-09 14:56:12.345  1843  1843 W Looper  : Slow dispatch took 3300ms main h=android.app.ActivityThread$H c=android.app.-$$Lambda$LoadedApk$ReceiverDispatcher$Args$_BumDX2UKsnxLVrE6UJsJZkotuA@6c55863 m=0
05-09 14:56:12.345  1843  1843 W Looper  : Slow delivery took 3367ms main h=com.android.server.job.JobSchedulerService$JobHandler c=null m=4
05-09 14:56:12.346  1843  1843 I SyncManager: Loaded persisted syncs: 0 periodic syncs, 0 oneshot syncs, 10 total system server jobs, JobStats: FirstLoad: 45/2/0 LastSave: -1/-1/-1
05-09 14:56:12.349  1843  1843 V SettingsProvider: Notifying for 0: content://settings/global/adb_enabled
05-09 14:56:12.758  2369  2369 I adbd    : Calling send_auth_request...
05-09 14:56:12.768  2369  2369 I adbd    : Loading keys from /data/misc/adb/adb_keys
05-09 14:56:12.772  2369  2369 I adbd    : adb client authorized
