05-09 14:56:25.435  1843  1864 E NetdConnector: NDC event {614 Address updated fec0::5d4e:7549:b41b:8702/64 wlan0 69 200} processed too late: 4485ms
05-09 14:56:25.435  1843  1864 E NetdConnector: NDC event {614 Address updated fec0::5d4e:7549:b41b:8702/64 wlan0 1 200} processed too late: 3488ms
05-09 14:56:25.436  1843  1864 E NetdConnector: NDC event {614 Address updated fec0::15:b2ff:fe00:0/64 wlan0 0 200} processed too late: 3488ms
05-09 14:56:25.436  1843  1864 W Looper  : Drained
05-09 14:56:25.440  1843  1933 D ConnectivityService: NetworkAgentInfo [WIFI () - 101] EVENT_NETWORK_INFO_CHANGED, going from CONNECTING to CONNECTED
05-09 14:56:25.441  1675  1806 D TcpSocketMonitor: resuming tcpinfo polling (interval=30000ms)
05-09 14:56:25.443  1843  1933 W DnsManager: updatePrivateDns(101, PrivateDnsConfig{true:/[]})
05-09 14:56:25.444  1843  1933 D ConnectivityService: Setting DNS servers for network 101 to [/10.0.2.3]
05-09 14:56:25.444  1843  1933 D DnsManager: setDnsConfigurationForNetwork(101, [10.0.2.3], [], [1800, 25, 8, 64], , [10.0.2.3])
05-09 14:56:25.452  1843  1933 D ConnectivityService: Adding iface wlan0 to network 101
05-09 14:56:25.458  1675  1806 E Netd    : Error adding route ::/0 -> fe80::15:b2ff:fe00:100 wlan0 to table 1003: File exists
05-09 14:56:25.459  1843  1933 D ConnectivityService: Setting DNS servers for network 101 to [/10.0.2.3]
05-09 14:56:25.459  1843  1933 D DnsManager: setDnsConfigurationForNetwork(101, [10.0.2.3], [], [1800, 25, 8, 64], , [10.0.2.3])
05-09 14:56:25.492  1843  1862 E BatteryExternalStatsWorker: no controller energy info supplied for wifi
05-09 14:56:25.507  1843  1930 I chatty  : uid=1000(system) WifiStateMachin expire 4 lines
05-09 14:56:25.553  1965  2177 D EGL_emulation: eglMakeCurrent: 0xe04b0e20: ver 3 0 (tinfo 0xcb109320)
05-09 14:56:25.581  1843  2791 I chatty  : uid=1000 system_server expire 2 lines
05-09 14:56:25.591  1843  2790 I chatty  : uid=1000 system_server expire 2 lines
05-09 14:56:25.649  1843  1933 D ConnectivityService: NetworkAgentInfo [WIFI () - 101] validation passed
05-09 14:56:25.649  1843  1933 D ConnectivityService: Switching to new default network: NetworkAgentInfo{ ni{[type: WIFI[], state: CONNECTED/CONNECTED, reason: (unspecified), extra: (none), failover: false, available: true, roaming: false]}  network{101}  nethandle{437197393933}  lp{{InterfaceName: wlan0 LinkAddresses: [fe80::15:b2ff:fe00:0/64,192.168.232.2/21,fec0::15:b2ff:fe00:0/64,fec0::5d4e:7549:b41b:8702/64,]  Routes: [fe80::/64 -> :: wlan0,::/0 -> fe80::15:b2ff:fe00:100 wlan0,fec0::/64 -> :: wlan0,192.168.232.0/21 -> 0.0.0.0 wlan0,0.0.0.0/0 -> 192.168.232.1 wlan0,] DnsAddresses: [10.0.2.3,] UsePrivateDns: false PrivateDnsServerName: null Domains: null MTU: 0 TcpBufferSizes: 524288,1048576,2097152,262144,524288,1048576}}  nc{[ Transports: WIFI Capabilities: NOT_METERED&INTERNET&NOT_RESTRICTED&TRUSTED&NOT_VPN&VALIDATED&NOT_ROAMING&FOREGROUND&NOT_CONGESTED&NOT_SUSPENDED Unwanted:  LinkUpBandwidth>=1048576Kbps LinkDnBandwidth>=1048576Kbps SignalStrength: -50 SSID: "AndroidWifi"]}  Score{60}  everValidated{true}  lastValidated{true}  created{true} lingering{false} explicitlySelected{false} acceptUnvalidated{false} everCaptivePortalDetected{false} lastCaptivePortalDetected{false} clat{null} }
05-09 14:56:25.678  1843  1933 D ConnectivityService: Lingering NetworkAgentInfo [MOBILE (LTE) - 100] for 30000ms
05-09 14:56:25.687  1843  1933 D ConnectivityService: Sending DISCONNECTED broadcast for type 0 NetworkAgentInfo [MOBILE (LTE) - 100] isDefaultNetwork=true
05-09 14:56:25.693  1843  1933 D ConnectivityService: Sending CONNECTED broadcast for type 1 NetworkAgentInfo [WIFI () - 101] isDefaultNetwork=true
05-09 14:56:25.704  2514  2800 D ProtoStore: no cached data
05-09 14:56:25.706  1843  1862 E BatteryExternalStatsWorker: no controller energy info supplied for wifi
05-09 14:56:25.704  2514  2800 D ProtoStore: no cached data
05-09 14:56:25.717  2258  2801 I chatty  : uid=10013(com.google.android.gms) GCMWriter expire 3 lines
05-09 14:56:25.739  1664  1917 E SurfaceFlinger: ro.sf.lcd_density must be defined as a build property
05-09 14:56:25.751  1843  1860 I ActivityManager: Start proc 2805:com.android.providers.calendar/u0a38 for content provider com.android.providers.calendar/.CalendarProvider2
05-09 14:56:25.783  2805  2805 W viders.calenda: Unexpected CPU variant for X86 using defaults: x86
05-09 14:56:25.789  2805  2805 E viders.calenda: Not starting debugger since process cannot load the jdwp agent.
05-09 14:56:25.812  1843  2482 W ActivityManager: Unable to start service Intent { act=com.google.android.apps.miphone.aiai.matchmaker.api.IScreenMatchmaker cmp=com.google.android.as/com.google.android.apps.miphone.aiai.matchmaker.MatchmakerService2 } U=0: not found
05-09 14:56:25.821  2514  2514 D TouchInteractionService: Touch service connected
05-09 14:56:25.883  2514  2799 W QsbUiManager: Doodle is not valid.
05-09 14:56:25.884  2514  2799 W QsbUiManager: Doodle bitmap is not valid.
05-09 14:56:25.884  1965  1978 I ndroid.systemu: NativeAlloc concurrent copying GC freed 25573(1434KB) AllocSpace objects, 0(0B) LOS objects, 49% free, 4MB/9MB, paused 806us total 349.024ms
05-09 14:56:25.942  1605  1713 D gralloc_ranchu: gralloc_alloc: Creating ashmem region of size 24576
05-09 14:56:25.954  1605  1605 D gralloc_ranchu: gralloc_alloc: Creating ashmem region of size 24576
05-09 14:56:25.966  1605  1713 D gralloc_ranchu: gralloc_alloc: Creating ashmem region of size 24576
05-09 14:56:25.976  1843  2485 I chatty  : uid=1000(system) Binder:1843_D expire 2 lines
05-09 14:56:25.980  1843  1843 D ConditionProviders.SCP: onReceive android.intent.action.TIMEZONE_CHANGED
05-09 14:56:25.981  1843  1843 D ConditionProviders.SCP: evaluateSubscriptionLocked cal=ScheduleCalendar[mDays={1, 2, 3, 4, 5, 6, 7}, mSchedule=ScheduleInfo{days=[1, 2, 3, 4, 5, 6, 7], startHour=22, startMinute=0, endHour=7, endMinute=0, exitAtAlarm=true, nextAlarm=Thu Jan 01 00:00:00 GMT 1970 (0)}], now=Sat May 09 14:56:25 GMT 2020 (1589036185980), nextUserAlarmTime=Thu Jan 01 00:00:00 GMT 1970 (0)
05-09 14:56:25.981  1843  1843 D ConditionProviders.SCP: notifyCondition condition://android/schedule?days=1.2.3.4.5.6.7&start=22.0&end=7.0&exitAtAlarm=true STATE_FALSE reason=!meetsSchedule
05-09 14:56:25.981  1843  1843 D ConditionProviders.SCP: Scheduling evaluate for Sat May 09 22:00:00 GMT 2020 (1589061600000), in +7h3m34s20ms, now=Sat May 09 14:56:25 GMT 2020 (1589036185980)
05-09 14:56:25.984  1605  1713 D gralloc_ranchu: gralloc_alloc: Creating ashmem region of size 24576
05-09 14:56:25.988  1605  1713 D gralloc_ranchu: gralloc_alloc: Creating ashmem region of size 8192
05-09 14:56:25.996  1605  1713 D gralloc_ranchu: gralloc_alloc: Creating ashmem region of size 8192
05-09 14:56:25.996  2258  2822 I chatty  : uid=10013(com.google.android.gms) GCMReader expire 2 lines
05-09 14:56:26.002  1965  2177 D EGL_emulation: eglMakeCurrent: 0xe04b0e20: ver 3 0 (tinfo 0xcb109320)
05-09 14:56:26.018  1965  2177 D EGL_emulation: eglMakeCurrent: 0xe04b0e20: ver 3 0 (tinfo 0xcb109320)
05-09 14:56:26.059  1664  1917 W SurfaceFlinger: Attempting to destroy on removed layer: AppWindowToken{3ac6189 token=Token{703e490 ActivityRecord{fe10353 u0 com.android.settings/.FallbackHome t1}}}#0
05-09 14:56:26.230  2805  2805 I viders.calenda: The ClassLoaderContext is a special shared library.
05-09 14:56:26.237  2514  2514 W ActionsController: content provider not found
05-09 14:56:26.237  2514  2514 W ActionsController: java.lang.SecurityException: Failed to find provider com.google.android.as.allapps.actionsuggestprovider for user 0; expected to find a valid ContentProvider for this authority
05-09 14:56:26.237  2514  2514 W ActionsController: 	at android.os.Parcel.createException(Parcel.java:1950)
05-09 14:56:26.237  2514  2514 W ActionsController: 	at android.os.Parcel.readException(Parcel.java:1918)
05-09 14:56:26.237  2514  2514 W ActionsController: 	at android.os.Parcel.readException(Parcel.java:1868)
05-09 14:56:26.237  2514  2514 W ActionsController: 	at android.content.IContentService$Stub$Proxy.registerContentObserver(IContentService.java:779)
05-09 14:56:26.237  2514  2514 W ActionsController: 	at android.content.ContentResolver.registerContentObserver(ContentResolver.java:1972)
05-09 14:56:26.237  2514  2514 W ActionsController: 	at android.content.ContentResolver.registerContentObserver(ContentResolver.java:1961)
05-09 14:56:26.237  2514  2514 W ActionsController: 	at com.google.android.apps.nexuslauncher.allapps.d.cY(SourceFile:193)
05-09 14:56:26.237  2514  2514 W ActionsController: 	at com.google.android.apps.nexuslauncher.allapps.d.<init>(SourceFile:156)
05-09 14:56:26.237  2514  2514 W ActionsController: 	at com.google.android.apps.nexuslauncher.allapps.d.c(SourceFile:116)
05-09 14:56:26.237  2514  2514 W ActionsController: 	at com.google.android.apps.nexuslauncher.allapps.ActionsRowView.onAttachedToWindow(SourceFile:162)
05-09 14:56:26.237  2514  2514 W ActionsController: 	at android.view.View.dispatchAttachedToWindow(View.java:18347)
05-09 14:56:26.237  2514  2514 W ActionsController: 	at android.view.ViewGroup.dispatchAttachedToWindow(ViewGroup.java:3397)
05-09 14:56:26.237  2514  2514 W ActionsController: 	at android.view.ViewGroup.dispatchAttachedToWindow(ViewGroup.java:3404)
05-09 14:56:26.237  2514  2514 W ActionsController: 	at android.view.ViewGroup.dispatchAttachedToWindow(ViewGroup.java:3404)
05-09 14:56:26.237  2514  2514 W ActionsController: 	at android.view.ViewGroup.dispatchAttachedToWindow(ViewGroup.java:3404)
05-09 14:56:26.237  2514  2514 W ActionsController: 	at android.view.ViewGroup.dispatchAttachedToWindow(ViewGroup.java:3404)
05-09 14:56:26.237  2514  2514 W ActionsController: 	at android.view.ViewGroup.dispatchAttachedToWindow(ViewGroup.java:3404)
05-09 14:56:26.237  2514  2514 W ActionsController: 	at android.view.ViewGroup.dispatchAttachedToWindow(ViewGroup.java:3404)
05-09 14:56:26.237  2514  2514 W ActionsController: 	at android.view.ViewGroup.dispatchAttachedToWindow(ViewGroup.java:3404)
05-09 14:56:26.237  2514  2514 W ActionsController: 	at android.view.ViewRootImpl.performTraversals(ViewRootImpl.java:1761)
05-09 14:56:26.237  2514  2514 W ActionsController: 	at android.view.ViewRootImpl.doTraversal(ViewRootImpl.java:1460)
05-09 14:56:26.237  2514  2514 W ActionsController: 	at android.view.ViewRootImpl$TraversalRunnable.run(ViewRootImpl.java:7183)
05-09 14:56:26.237  2514  2514 W ActionsController: 	at android.view.Choreographer$CallbackRecord.run(Choreographer.java:949)
05-09 14:56:26.237  2514  2514 W ActionsController: 	at android.view.Choreographer.doCallbacks(Choreographer.java:761)
05-09 14:56:26.237  2514  2514 W ActionsController: 	at android.view.Choreographer.doFrame(Choreographer.java:696)
05-09 14:56:26.237  2514  2514 W ActionsController: 	at android.view.Choreographer$FrameDisplayEventReceiver.run(Choreographer.java:935)
05-09 14:56:26.237  2514  2514 W ActionsController: 	at android.os.Handler.handleCallback(Handler.java:873)
05-09 14:56:26.237  2514  2514 W ActionsController: 	at android.os.Handler.dispatchMessage(Handler.java:99)
05-09 14:56:26.237  2514  2514 W ActionsController: 	at android.os.Looper.loop(Looper.java:193)
05-09 14:56:26.237  2514  2514 W ActionsController: 	at android.app.ActivityThread.main(ActivityThread.java:6669)
05-09 14:56:26.237  2514  2514 W ActionsController: 	at java.lang.reflect.Method.invoke(Native Method)
05-09 14:56:26.237  2514  2514 W ActionsController: 	at com.android.internal.os.RuntimeInit$MethodAndArgsCaller.run(RuntimeInit.java:493)
05-09 14:56:26.237  2514  2514 W ActionsController: 	at com.android.internal.os.ZygoteInit.main(ZygoteInit.java:858)
05-09 14:56:26.237  2514  2514 W ActionsController: Caused by: android.os.RemoteException: Remote stack trace:
05-09 14:56:26.237  2514  2514 W ActionsController: 	at com.android.server.content.ContentService.registerContentObserver(ContentService.java:340)
05-09 14:56:26.237  2514  2514 W ActionsController: 	at android.content.IContentService$Stub.onTransact(IContentService.java:76)
05-09 14:56:26.237  2514  2514 W ActionsController: 	at com.android.server.content.ContentService.onTransact(ContentService.java:262)
05-09 14:56:26.237  2514  2514 W ActionsController: 	at android.os.Binder.execTransact(Binder.java:731)
05-09 14:56:26.237  2514  2514 W ActionsController: 
05-09 14:56:26.260  1605  1713 D gralloc_ranchu: gralloc_alloc: Creating ashmem region of size 9334784
05-09 14:56:26.275  2514  2803 D HostConnection: HostConnection::get() New Host Connection established 0xe1daa780, tid 2803
05-09 14:56:26.281  1605  1605 D gralloc_ranchu: gralloc_alloc: Creating ashmem region of size 9334784
05-09 14:56:26.290  2805  2805 I CalendarProvider2: Created com.android.providers.calendar.CalendarAlarmManager@42bb49d(com.android.providers.calendar.CalendarProvider2@611ed12)
05-09 14:56:26.304  1605  1713 D gralloc_ranchu: gralloc_alloc: Creating ashmem region of size 9334784
05-09 14:56:26.316  2514  2803 D HostConnection: HostComposition ext ANDROID_EMU_CHECKSUM_HELPER_v1 ANDROID_EMU_native_sync_v2 ANDROID_EMU_native_sync_v3 ANDROID_EMU_native_sync_v4 ANDROID_EMU_dma_v1 ANDROID_EMU_YUV420_888_to_NV21 ANDROID_EMU_YUV_Cache ANDROID_EMU_async_unmap_buffer GL_OES_EGL_image_external_essl3 GL_OES_vertex_array_object GL_KHR_texture_compression_astc_ldr ANDROID_EMU_gles_max_version_3_0 
05-09 14:56:26.322  2514  2803 I ConfigStore: android::hardware::configstore::V1_0::ISurfaceFlingerConfigs::hasWideColorDisplay retrieved: 0
05-09 14:56:26.322  2514  2803 I ConfigStore: android::hardware::configstore::V1_0::ISurfaceFlingerConfigs::hasHDRDisplay retrieved: 0
05-09 14:56:26.322  2514  2803 I OpenGLRenderer: Initialized EGL, version 1.4
05-09 14:56:26.322  2514  2803 D OpenGLRenderer: Swap behavior 1
05-09 14:56:26.322  2514  2803 W OpenGLRenderer: Failed to choose config with EGL_SWAP_BEHAVIOR_PRESERVED, retrying without...
05-09 14:56:26.322  2514  2803 D OpenGLRenderer: Swap behavior 0
05-09 14:56:26.332  2514  2803 D eglCodecCommon: setVertexArrayObject: set vao to 0 (0) 0 0
05-09 14:56:26.332  2514  2803 D EGL_emulation: eglCreateContext: 0xe1d85900: maj 3 min 0 rcv 3
05-09 14:56:26.356  2514  2803 D EGL_emulation: eglMakeCurrent: 0xe1d85900: ver 3 0 (tinfo 0xe1d83440)
05-09 14:56:26.374  2296  2639 I Dialer  : SpamDatabaseHelper.bulkDeleteNumbersFromServerTable - removed 13865 numbers from the server spam list.
05-09 14:56:26.384  1664  1815 E SurfaceFlinger: ro.sf.lcd_density must be defined as a build property
05-09 14:56:26.405  2514  2724 D LoaderTask: loadWorkspace: loading default favorites
05-09 14:56:26.462  2514  2803 D HostConnection: createUnique: call
05-09 14:56:26.462  2514  2803 D HostConnection: HostConnection::get() New Host Connection established 0xe1dab400, tid 2803
05-09 14:56:26.465  2514  2803 D HostConnection: HostComposition ext ANDROID_EMU_CHECKSUM_HELPER_v1 ANDROID_EMU_native_sync_v2 ANDROID_EMU_native_sync_v3 ANDROID_EMU_native_sync_v4 ANDROID_EMU_dma_v1 ANDROID_EMU_YUV420_888_to_NV21 ANDROID_EMU_YUV_Cache ANDROID_EMU_async_unmap_buffer GL_OES_EGL_image_external_essl3 GL_OES_vertex_array_object GL_KHR_texture_compression_astc_ldr ANDROID_EMU_gles_max_version_3_0 
05-09 14:56:26.466  2514  2803 E eglCodecCommon: GoldfishAddressSpaceHostMemoryAllocator: ioctl_ping failed for device_type=5, ret=-1
05-09 14:56:26.471  2514  2514 I Choreographer: Skipped 37 frames!  The application may be doing too much work on its main thread.
05-09 14:56:26.472  1605  1605 D gralloc_ranchu: gralloc_alloc: Creating ashmem region of size 90112
05-09 14:56:26.485  1605  1605 D gralloc_ranchu: gralloc_alloc: Creating ashmem region of size 86016
05-09 14:56:26.491  2514  2803 D EGL_emulation: eglMakeCurrent: 0xe1d85900: ver 3 0 (tinfo 0xe1d83440)
05-09 14:56:26.518  1843  2486 D ActivityManager: Raise procstate to external provider: ProcessRecord{bd8facf 2805:com.android.providers.calendar/u0a38}
05-09 14:56:26.546  2514  2514 D Committer: Committed to new configuration from Phenotype
05-09 14:56:26.565  1965  2177 D EGL_emulation: eglMakeCurrent: 0xe04b0e20: ver 3 0 (tinfo 0xcb109320)
05-09 14:56:26.693  2514  2803 D eglCodecCommon: setVertexArrayObject: set vao to 0 (0) 1 2
05-09 14:56:26.744  1605  1605 D gralloc_ranchu: gralloc_alloc: Creating ashmem region of size 90112
05-09 14:56:26.748  2514  2514 D Committer: Commit finished, result:true
05-09 14:56:26.762  2258  2258 I chatty  : uid=10013 com.google.android.gms.persistent expire 3 lines
05-09 14:56:26.783  1605  1605 D gralloc_ranchu: gralloc_alloc: Creating ashmem region of size 90112
05-09 14:56:26.868  1605  1605 D gralloc_ranchu: gralloc_alloc: Creating ashmem region of size 90112
05-09 14:56:26.891  2514  2530 I s.nexuslaunche: Background concurrent copying GC freed 38947(3MB) AllocSpace objects, 23(1484KB) LOS objects, 29% free, 14MB/20MB, paused 558us total 121.124ms
05-09 14:56:27.241  1843  2740 I chatty  : uid=1000(system) Binder:1843_13 expire 1 line
05-09 14:56:27.243  2514  2833 D reflection: recency_event_predictor
05-09 14:56:27.243  2514  2833 D reflection: Rule_Based_Predictor
05-09 14:56:27.286  2495  2510 I chatty  : uid=10041(com.google.android.googlequicksearchbox) HeapTaskDaemon expire 2 lines
05-09 14:56:27.290  1664  1702 E SurfaceFlinger: ro.sf.lcd_density must be defined as a build property
05-09 14:56:27.337  2514  2530 I s.nexuslaunche: Background concurrent copying GC freed 2496(227KB) AllocSpace objects, 17(14MB) LOS objects, 28% free, 14MB/20MB, paused 605us total 335.737ms
05-09 14:56:27.410  1664  1664 D SurfaceFlinger: duplicate layer name: changing com.google.android.apps.nexuslauncher/com.google.android.apps.nexuslauncher.NexusLauncherActivity to com.google.android.apps.nexuslauncher/com.google.android.apps.nexuslauncher.NexusLauncherActivity#1
05-09 14:56:27.415  2495  2846 I chatty  : uid=10041(com.google.android.googlequicksearchbox) RenderThread expire 18 lines
05-09 14:56:27.421  1605  1605 D gralloc_ranchu: gralloc_alloc: Creating ashmem region of size 9334784
05-09 14:56:27.442  1605  1713 D gralloc_ranchu: gralloc_alloc: Creating ashmem region of size 9334784
05-09 14:56:27.530  1605  1713 D gralloc_ranchu: gralloc_alloc: Creating ashmem region of size 9334784
05-09 14:56:27.606  1843  1843 W Looper  : Slow dispatch took 121ms main h=android.os.Handler c=<recycled PooledLambda@d6c9045> m=0
05-09 14:56:27.607  1843  1857 I chatty  : uid=1000(system) android.bg expire 231 lines
05-09 14:56:27.673  1664  1815 E SurfaceFlinger: ro.sf.lcd_density must be defined as a build property
05-09 14:56:27.763  2296  2639 I Dialer  : SpamAsyncTaskUtil.onNext - updated spam list with difference list to blacklist version: 1589026655000
05-09 14:56:27.831  2514  2800 D ProtoStore: deleting smartspace_current
05-09 14:56:27.831  2514  2800 D ProtoStore: no cached data
05-09 14:56:27.831  2514  2800 D ProtoStore: no cached data
05-09 14:56:27.834  2296  2639 I Dialer  : SpamAsyncTaskUtil.onCompleted - gRPC blocked list fetching completed.
05-09 14:56:27.945  1843  1860 I ActivityManager: Start proc 2851:com.google.android.apps.maps/u0a66 for service com.google.android.apps.maps/com.google.android.apps.gmm.offline.update.OfflineAutoUpdateJobService
05-09 14:56:27.947  1843  1860 W ActivityManager: Slow operation: 52ms so far, now at startProcess: done updating pids map
05-09 14:56:27.977  2851  2851 W droid.apps.map: Unexpected CPU variant for X86 using defaults: x86
05-09 14:56:28.029  2851  2851 E droid.apps.map: Not starting debugger since process cannot load the jdwp agent.
05-09 14:56:28.301  2495  2866 I chatty  : uid=10041 com.google.android.googlequicksearchbox:search expire 2 lines
05-09 14:56:28.336  2258  2845 I chatty  : uid=10013(com.google.android.gms) GeofencerStateM expire 1 line
05-09 14:56:28.431  2514  2833 D reflection: shortcut_neural_predictor
05-09 14:56:28.570  2258  2871 I chatty  : uid=10013(com.google.android.gms) GoogleLocationS expire 1 line
05-09 14:56:28.583  2514  2833 D reflection: neural_predictor
05-09 14:56:28.584  2514  2833 D reflection: recency_event_predictor
05-09 14:56:28.584  2514  2833 D reflection: Rule_Based_Predictor
05-09 14:56:28.633  2258  2849 I chatty  : uid=10013(com.google.android.gms) FlpThread expire 2 lines
05-09 14:56:28.652  2495  2823 I chatty  : uid=10041 com.google.android.googlequicksearchbox:search expire 10 lines
05-09 14:56:28.675  1965  2177 D EGL_emulation: eglMakeCurrent: 0xe04b0e20: ver 3 0 (tinfo 0xcb109320)
05-09 14:56:28.713  1843  2484 I chatty  : uid=1000(system) Binder:1843_C expire 1 line
05-09 14:56:28.764  2514  2530 I s.nexuslaunche: Background concurrent copying GC freed 11798(583KB) AllocSpace objects, 19(11MB) LOS objects, 38% free, 9MB/15MB, paused 547us total 178.961ms
05-09 14:56:28.807  2514  2833 D reflection: shortcut_neural_predictor
05-09 14:56:28.918  2514  2833 D reflection: neural_predictor
05-09 14:56:29.012  2258  2269 I chatty  : uid=10013(com.google.android.gms) HeapTaskDaemon expire 1 line
05-09 14:56:29.022  2258  2849 I chatty  : uid=10013(com.google.android.gms) FlpThread expire 4 lines
05-09 14:56:29.124  2258  2462 I chatty  : uid=10013 com.google.android.gms.persistent expire 1 line
05-09 14:56:29.153  2258  2293 I chatty  : uid=10013(com.google.android.gms) GoogleApiHandle expire 2 lines
05-09 14:56:29.281  2495  2495 I chatty  : uid=10041 com.google.android.googlequicksearchbox:search expire 34 lines
05-09 14:56:29.330  2495  2863 I chatty  : uid=10041 com.google.android.googlequicksearchbox:search expire 8 lines
05-09 14:56:29.350  2495  2892 I chatty  : uid=10041(com.google.android.googlequicksearchbox) HotwordDetector expire 10 lines
05-09 14:56:29.400  2495  2868 I chatty  : uid=10041 com.google.android.googlequicksearchbox:search expire 6 lines
05-09 14:56:29.424  1613  1823 E         : Request requires android.permission.RECORD_AUDIO
05-09 14:56:29.424  1613  1823 E AudioPolicyIntefaceImpl: getInputForAttr permission denied: recording not allowed for uid 10041 pid 2495
05-09 14:56:29.424  1613  1823 E AudioFlinger: createRecord() checkRecordThread_l failed
05-09 14:56:29.434  2495  2863 E ActivityThread: Failed to find provider info for com.google.android.apps.gsa.testing.ui.audio.recorded
05-09 14:56:29.469  2258  2893 I chatty  : uid=10013(com.google.android.gms) Places expire 1 line
05-09 14:56:29.492  2258  2258 I chatty  : uid=10013 com.google.android.gms.persistent expire 5 lines
05-09 14:56:29.508  2258  2893 I chatty  : uid=10013(com.google.android.gms) Places expire 2 lines
05-09 14:56:29.576  2495  2618 I chatty  : uid=10041 com.google.android.googlequicksearchbox:search expire 10 lines
05-09 14:56:29.619  2258  2566 I chatty  : uid=10013 com.google.android.gms.persistent expire 1 line
05-09 14:56:30.375  2258  2258 I chatty  : uid=10013 com.google.android.gms.persistent expire 10 lines
05-09 14:56:30.397  2258  2849 I chatty  : uid=10013(com.google.android.gms) FlpThread expire 3 lines
05-09 14:56:30.434  1843  1860 I ActivityManager: Start proc 2902:com.android.keychain/1000 for service com.android.keychain/.KeyChainService
05-09 14:56:30.435  2902  2902 W ndroid.keychai: Unexpected CPU variant for X86 using defaults: x86
05-09 14:56:30.436  2902  2902 E ndroid.keychai: Not starting debugger since process cannot load the jdwp agent.
05-09 14:56:30.615  2258  2871 I chatty  : uid=10013(com.google.android.gms) GoogleLocationS expire 2 lines
05-09 14:56:30.635  2258  2269 I chatty  : uid=10013(com.google.android.gms) HeapTaskDaemon expire 1 line
05-09 14:56:30.642  2258  2561 I chatty  : uid=10013 com.google.android.gms.persistent expire 1 line
05-09 14:56:30.644  2410  2421 I chatty  : uid=10013(com.google.android.gms) Binder:2410_1 expire 1 line
05-09 14:56:30.646  2258  2561 I chatty  : uid=10013 com.google.android.gms.persistent expire 2 lines
05-09 14:56:30.673  2258  2651 I chatty  : uid=10013(com.google.android.gms) highpool[1] expire 1 line
05-09 14:56:30.674  2851  2851 I droid.apps.map: The ClassLoaderContext is a special shared library.
05-09 14:56:30.846  2258  2849 I chatty  : uid=10013(com.google.android.gms) FlpThread expire 7 lines
05-09 14:56:30.879  2258  2893 I chatty  : uid=10013(com.google.android.gms) Places expire 11 lines
05-09 14:56:30.971  2258  2258 I chatty  : uid=10013 com.google.android.gms.persistent expire 2 lines
05-09 14:56:31.536  2902  2902 I ndroid.keychai: The ClassLoaderContext is a special shared library.
05-09 14:56:31.585  1843  1843 I chatty  : uid=1000 system_server expire 2 lines
05-09 14:56:31.819  2258  2893 I chatty  : uid=10013(com.google.android.gms) Places expire 2 lines
05-09 14:56:31.928  2258  2291 I chatty  : uid=10013 com.google.android.gms.persistent expire 2 lines
05-09 14:56:32.533  2258  2841 I chatty  : uid=10013(com.google.android.gms) Thread-9 expire 7 lines
05-09 14:56:32.576  1843  2483 W ShortcutService: Clock rewound
05-09 14:56:32.639  1843  1860 I ActivityManager: Start proc 2938:com.google.android.setupwizard/u0a27 for service com.google.android.setupwizard/.deferred.DeferredSetupScheduler
05-09 14:56:32.648  2938  2938 W oid.setupwizar: Unexpected CPU variant for X86 using defaults: x86
05-09 14:56:32.649  2938  2938 E oid.setupwizar: Not starting debugger since process cannot load the jdwp agent.
05-09 14:56:32.659  2296  2296 I Dialer  : SpamJobScheduler.scheduleJob - job with id SPAM_JOB_WIFI is already scheduled
05-09 14:56:32.701  2938  2938 I oid.setupwizar: The ClassLoaderContext is a special shared library.
05-09 14:56:33.158  1843  1902 I chatty  : uid=1000(system) HwBinder:1843_1 expire 11 lines
05-09 14:56:33.223  2258  2922 I chatty  : uid=10013 com.google.android.gms.persistent expire 2 lines
05-09 14:56:33.807  2704  2714 W oid.apps.photo: Suspending all threads took: 2.902s
05-09 14:56:33.832  2258  2561 I chatty  : uid=10013 com.google.android.gms.persistent expire 1 line
05-09 14:56:34.607  2495  2662 I chatty  : uid=10041 com.google.android.googlequicksearchbox:search expire 15 lines
05-09 14:56:34.608  1613  1823 E         : Request requires android.permission.RECORD_AUDIO
05-09 14:56:34.608  1613  1823 E AudioPolicyIntefaceImpl: getInputForAttr permission denied: recording not allowed for uid 10041 pid 2495
05-09 14:56:34.608  1613  1823 E AudioFlinger: createRecord() checkRecordThread_l failed
05-09 14:56:34.611  2495  2662 E ActivityThread: Failed to find provider info for com.google.android.apps.gsa.testing.ui.audio.recorded
05-09 14:56:35.987  2258  2258 I chatty  : uid=10013 com.google.android.gms.persistent expire 10 lines
05-09 14:56:36.211  2938  2938 I oid.setupwizar: The ClassLoaderContext is a special shared library.
05-09 14:56:38.550  2514  2724 E ActivityThread: Failed to find provider info for com.google.android.as.allapps.actionsettingprovider
05-09 14:56:38.551  2514  2724 E ActionsController: write setting failed
05-09 14:56:38.551  2514  2724 E ActionsController: java.lang.IllegalArgumentException: Unknown URL content://com.google.android.as.allapps.actionsettingprovider
05-09 14:56:38.551  2514  2724 E ActionsController: 	at android.content.ContentResolver.insert(ContentResolver.java:1583)
05-09 14:56:38.551  2514  2724 E ActionsController: 	at com.google.android.apps.nexuslauncher.allapps.d.handleMessage(SourceFile:268)
05-09 14:56:38.551  2514  2724 E ActionsController: 	at android.os.Handler.dispatchMessage(Handler.java:102)
05-09 14:56:38.551  2514  2724 E ActionsController: 	at android.os.Looper.loop(Looper.java:193)
05-09 14:56:38.551  2514  2724 E ActionsController: 	at android.os.HandlerThread.run(HandlerThread.java:65)
05-09 14:56:38.714  2851  2861 W droid.apps.map: Suspending all threads took: 608.253ms
05-09 14:56:38.850  1695  1698 D hwcomposer: hw_composer sent 45 syncs in 60s
05-09 14:56:38.857  1605  1713 D gralloc_ranchu: gralloc_alloc: Creating ashmem region of size 90112
05-09 14:56:39.039  2514  2514 E SchedPolicy: set_timerslack_ns write failed: Operation not permitted
05-09 14:56:39.037  1605  1713 D gralloc_ranchu: gralloc_alloc: Creating ashmem region of size 90112
05-09 14:56:39.427  1734  1734 E netmgr  : Failed to open QEMU pipe 'qemud:network': Invalid argument
05-09 14:56:39.427  1734  1734 E netmgr  : WifiForwarder unable to open QEMU pipe: Invalid argument
05-09 14:56:39.649  2495  2495 I chatty  : uid=10041 com.google.android.googlequicksearchbox:search expire 14 lines
05-09 14:56:39.668  2495  2823 I chatty  : uid=10041 com.google.android.googlequicksearchbox:search expire 10 lines
05-09 14:56:39.670  1613  1823 E         : Request requires android.permission.RECORD_AUDIO
05-09 14:56:39.670  1613  1823 E AudioPolicyIntefaceImpl: getInputForAttr permission denied: recording not allowed for uid 10041 pid 2495
05-09 14:56:39.670  1613  1823 E AudioFlinger: createRecord() checkRecordThread_l failed
05-09 14:56:39.674  2495  2662 E ActivityThread: Failed to find provider info for com.google.android.apps.gsa.testing.ui.audio.recorded
05-09 14:56:39.737  1843  2609 I chatty  : uid=1000(system) Binder:1843_12 expire 1 line
05-09 14:56:40.810  1955  1955 W native  : cpu_feature_guard.cc:34 The TensorFlow library was compiled to use SSE instructions, but these aren't available on your machine.
05-09 14:56:40.810  1955  1955 W native  : cpu_feature_guard.cc:34 The TensorFlow library was compiled to use SSE2 instructions, but these aren't available on your machine.
05-09 14:56:40.810  1955  1955 W native  : cpu_feature_guard.cc:34 The TensorFlow library was compiled to use SSE3 instructions, but these aren't available on your machine.
05-09 14:56:41.913  1955  1955 W native  : commandlineflags.cc:1503 Ignoring RegisterValidateFunction() for flag pointer 0xc97d5d94: no flag found at that address
05-09 14:56:41.965  1955  1955 I C2QClientSingleton: registering client 'Conv2QueryExtension'
05-09 14:56:41.965  1955  1955 I Conv2QueryExtension: isEnabled() : true
05-09 14:56:41.968  1955  1955 I Conv2QueryExtension: onCreate() : Finished in 17334 ms
05-09 14:56:41.968  1955  1955 I ModuleManager: com.google.android.apps.inputmethod.libs.hmm.superpacks.IHmmModule changed to available
05-09 14:56:41.969  1955  1955 I DictSuperpacksManager: onEnabledInputMethodEntriesChanged
05-09 14:56:41.970  1955  1955 I ModuleManager: com.google.android.apps.inputmethod.libs.search.IBitmojiExtension changed to available
05-09 14:56:41.971  1955  1955 I ModuleManager: com.google.android.apps.inputmethod.libs.search.IEmojiDataExtension changed to available
05-09 14:56:41.973  1955  1955 I ModuleManager: Module object of interface com.google.android.apps.inputmethod.libs.search.emojidata.EmojiDataExtension loaded.
05-09 14:56:41.974  1955  1955 I ModuleManager: com.google.android.apps.inputmethod.libs.search.IGifKeyboardExtension changed to available
05-09 14:56:41.974  1955  1955 I ModuleManager: com.google.android.apps.inputmethod.libs.search.IEmoticonExtension changed to available
05-09 14:56:41.975  1955  1955 I ModuleManager: com.google.android.apps.inputmethod.libs.search.IDoodleExtension changed to available
05-09 14:56:41.975  1955  1955 I ModuleManager: Module object of interface com.google.android.apps.inputmethod.libs.search.doodle.DoodleExtension loaded.
05-09 14:56:41.975  1955  1955 I DoodleExtension: onCreate()
05-09 14:56:41.977  1955  1955 I ModuleManager: com.google.android.apps.inputmethod.libs.search.IEmojiOrGifExtension changed to available
05-09 14:56:41.978  1955  1955 I ModuleManager: com.google.android.apps.inputmethod.libs.search.INativeCardExtension changed to available
05-09 14:56:41.979  1955  1955 I ModuleManager: com.google.android.apps.inputmethod.libs.search.IGifEntryPointCandidateExtension changed to available
05-09 14:56:41.979  1955  1955 I ModuleManager: Module object of interface com.google.android.apps.inputmethod.libs.search.gif.GifEntryPointCandidateExtension loaded.
05-09 14:56:41.979  1955  1955 I GifEntryExtension: onCreate()
05-09 14:56:41.980  1955  1955 I ModuleManager: com.google.android.apps.inputmethod.libs.pill.IPillExtension changed to available
05-09 14:56:41.980  1955  1955 I ModuleManager: Module object of interface com.google.android.apps.inputmethod.libs.pill.PillExtension loaded.
05-09 14:56:41.981  1955  1955 I ModuleManager: com.google.android.apps.inputmethod.libs.search.IStickerExtension changed to available
05-09 14:56:41.981  1955  1955 I ModuleManager: com.google.android.apps.inputmethod.libs.handwriting.ime.IHandwritingImeExtension changed to available
05-09 14:56:41.982  1955  1955 I ModuleManager: Module object of interface com.google.android.apps.inputmethod.libs.handwriting.ime.HandwritingImeExtension loaded.
05-09 14:56:41.982  1955  1955 I HandwritingImeExtension: onCreate
05-09 14:56:41.983  1955  1955 I HWRModelFacilProvider: getHandwritingModelFacilitator(): Using Segment and Decode
05-09 14:56:41.983  1955  1955 I HWRSuperpacksManager: onEnabledInputMethodEntriesChanged
05-09 14:56:42.001  1955  1955 I GoogleInputMethod: onStartInput() : Dummy InputConnection bound
05-09 14:56:42.003  1955  1955 I ShortcutsDataManager: startImportContentTask()
05-09 14:56:42.009  1955  2964 I ShortcutsDataManager: doInBackground()
05-09 14:56:43.445  2331  2331 I d.process.acor: The ClassLoaderContext is a special shared library.
05-09 14:56:43.461  1955  2964 I PersonalDictDataHandler: Locales = [en_US]
05-09 14:56:43.463  1955  2964 I ShortcutsDataManager: importContentData() : Ending import process
05-09 14:56:43.465  1955  2964 I Delight5Facilitator: requestLanguageModelResource() : PERSONAL_DICTIONARY : UNUSED
05-09 14:56:44.159  1843  1902 I chatty  : uid=1000(system) HwBinder:1843_1 expire 11 lines
05-09 14:56:44.160  1843  1857 I chatty  : uid=1000(system) android.bg expire 27 lines
05-09 14:56:44.364  1955  2964 I PersonalLanguageModel: run() : Added 0 words and 0 shortcuts
05-09 14:56:44.364  1955  2964 I DynamicLm: perform() : PERSONAL_DICTIONARY : azt : Completed
05-09 14:56:44.364  1955  2964 I Delight5Facilitator: releaseLanguageModelResource() : PERSONAL_DICTIONARY : UNUSED
05-09 14:56:44.370  1955  2964 I ShortcutsDataManager: importContentData() : Success : Count = 0
05-09 14:56:44.370  1955  2965 I Delight5Decoder: loadShortcutMap() : 0 shortcuts
05-09 14:56:44.370  1955  1955 I ShortcutsDataManager: onPostExecute() : Result = [2,0]
05-09 14:56:44.370  1955  1955 I ShortcutsDataManager: onImportFinished() : Result = 2 : Count = 0
05-09 14:56:44.412  2938  2949 W oid.setupwizar: Suspending all threads took: 1.699s
05-09 14:56:44.733  1613  1823 E         : Request requires android.permission.RECORD_AUDIO
05-09 14:56:44.733  1613  1823 E AudioPolicyIntefaceImpl: getInputForAttr permission denied: recording not allowed for uid 10041 pid 2495
05-09 14:56:44.733  1613  1823 E AudioFlinger: createRecord() checkRecordThread_l failed
05-09 14:56:44.733  2495  2662 I chatty  : uid=10041 com.google.android.googlequicksearchbox:search expire 14 lines
05-09 14:56:44.737  2495  2662 E ActivityThread: Failed to find provider info for com.google.android.apps.gsa.testing.ui.audio.recorded
05-09 14:56:45.896  1843  1843 W JobServiceContext: Time-out while trying to bind d6b086f #u0a66/137303609 com.google.android.apps.maps/com.google.android.apps.gmm.offline.update.OfflineAutoUpdateJobService, dropping.
05-09 14:56:48.754  1677  1703 E storaged: getDiskStats failed with result NOT_SUPPORTED and size 0
05-09 14:56:49.219  2851  2851 W droid.apps.map: Verification of com.google.common.h.b.p com.google.common.h.b.s.a() took 677.977ms
05-09 14:56:49.310  2938  2938 I SetupWizard: [FrpHelper] Start loading FRP status
05-09 14:56:49.722  2938  2938 I SetupWizard: [ComponentLifecycleCallback] Enabling all components
05-09 14:56:49.760  2495  2495 I chatty  : uid=10041 com.google.android.googlequicksearchbox:search expire 14 lines
05-09 14:56:49.790  1613  1823 E         : Request requires android.permission.RECORD_AUDIO
05-09 14:56:49.790  1613  1823 E AudioPolicyIntefaceImpl: getInputForAttr permission denied: recording not allowed for uid 10041 pid 2495
05-09 14:56:49.790  1613  1823 E AudioFlinger: createRecord() checkRecordThread_l failed
05-09 14:56:49.794  2495  2662 E ActivityThread: Failed to find provider info for com.google.android.apps.gsa.testing.ui.audio.recorded
05-09 14:56:49.817  2495  2823 I chatty  : uid=10041 com.google.android.googlequicksearchbox:search expire 18 lines
05-09 14:56:50.626  1843  1843 W JobServiceContext: Time-out while trying to bind c9d5d9d #u0a27/2637 com.google.android.setupwizard/.deferred.DeferredSetupScheduler, dropping.
05-09 14:56:51.469  1843  1862 E BatteryExternalStatsWorker: no controller energy info supplied for wifi
05-09 14:56:52.560  2938  2938 I SetupWizard: [PreDeferredLifecycleCallback] Wifi connectivity already present. Scheduling PreDeferredServiceScheduler.
05-09 14:56:52.564  2938  2938 I SetupWizard: [PreDeferredServiceScheduler] Scheduled job#2651 to run
05-09 14:56:54.853  1613  1823 E         : Request requires android.permission.RECORD_AUDIO
05-09 14:56:54.853  1613  1823 E AudioPolicyIntefaceImpl: getInputForAttr permission denied: recording not allowed for uid 10041 pid 2495
05-09 14:56:54.853  1613  1823 E AudioFlinger: createRecord() checkRecordThread_l failed
05-09 14:56:54.853  2495  2662 I chatty  : uid=10041 com.google.android.googlequicksearchbox:search expire 14 lines
05-09 14:56:52.448  1843  1862 E BatteryExternalStatsWorker: no controller energy info supplied for wifi
05-09 14:56:54.855  2495  2662 E ActivityThread: Failed to find provider info for com.google.android.apps.gsa.testing.ui.audio.recorded
05-09 14:56:54.864  2495  2618 I chatty  : uid=10041 com.google.android.googlequicksearchbox:search expire 11 lines
05-09 14:56:55.160  1843  1902 I chatty  : uid=1000(system) HwBinder:1843_1 expire 24 lines
05-09 14:56:55.161  1843  1857 I chatty  : uid=1000(system) android.bg expire 51 lines
05-09 14:56:55.318  2938  2938 I SetupWizard: [GmsCheckinMonitor] Checking Android ID
05-09 14:56:55.327  2938  2938 I SetupWizard: [GmsCheckinMonitor] Last checkin fingerprint=google/sdk_gphone_x86_arm/generic_x86_arm:9/PSR1.180720.117/5875966:user/release-keys
05-09 14:56:55.329  1843  2494 I chatty  : uid=1000(system) Binder:1843_11 expire 2 lines
05-09 14:56:55.341  2938  2938 I SetupWizard: [PreDeferredServiceScheduler] Using Wi-Fi
05-09 14:56:55.650  1843  1933 D ConnectivityService: handleLingerComplete for NetworkAgentInfo [MOBILE (LTE) - 100]
05-09 14:56:56.554  2938  2938 I SetupWizard: [PreDeferredUpdateService] onCreated called. Dismissing wifi notification and showing prepared notification
05-09 14:56:59.662  2938  2938 I SetupWizard: [PreDeferredUpdateService] Early update & checkin already done. Checking if all conditions are satisfied
05-09 14:56:59.663  2938  2938 I SetupWizard: [PreDeferredUpdateService] Checking if deferred setup can be launched. updateComplete=true requirementsMet=true
05-09 14:56:59.681  2938  2938 I SetupWizard: [FrpHelper] frpStatus=supported=false challengeRequired=false duration=10368ms
05-09 14:56:59.704  2938  2938 I SetupWizard: [GmsCheckinMonitor] Checkin complete
05-09 14:56:59.723  2938  2938 I SetupWizard: [DeferredSetupNotificationSchedulerService] Deferred notification scheduled at Thu May 07 20:23:09 GMT 2020
05-09 14:56:59.744  2258  2258 I chatty  : uid=10013 com.google.android.gms.persistent expire 4 lines
05-09 14:56:59.768  2938  2938 I SetupWizard: [DeferredSetupNotificationSchedulerService] Deferred notification scheduled at Sat May 09 14:57:04 GMT 2020
05-09 14:56:59.770  1843  1843 I NotificationService: Cannot find enqueued record for key: 0|com.google.android.setupwizard|6|null|10027
05-09 14:56:59.872  2495  2495 I chatty  : uid=10041 com.google.android.googlequicksearchbox:search expire 14 lines
05-09 14:56:59.900  1613  1823 E         : Request requires android.permission.RECORD_AUDIO
05-09 14:56:59.900  1613  1823 E AudioPolicyIntefaceImpl: getInputForAttr permission denied: recording not allowed for uid 10041 pid 2495
05-09 14:56:59.900  1613  1823 E AudioFlinger: createRecord() checkRecordThread_l failed
05-09 14:56:59.904  2495  2662 E ActivityThread: Failed to find provider info for com.google.android.apps.gsa.testing.ui.audio.recorded
05-09 14:57:03.271  1843  1843 I NotificationService: Cannot find enqueued record for key: 0|com.google.android.setupwizard|3|DeferredSetupNotification|10027
05-09 14:57:04.946  1613  1823 E         : Request requires android.permission.RECORD_AUDIO
05-09 14:57:04.946  1613  1823 E AudioPolicyIntefaceImpl: getInputForAttr permission denied: recording not allowed for uid 10041 pid 2495
05-09 14:57:04.946  1613  1823 E AudioFlinger: createRecord() checkRecordThread_l failed
05-09 14:57:04.946  2495  2662 I chatty  : uid=10041 com.google.android.googlequicksearchbox:search expire 21 lines
05-09 14:57:04.949  2495  2662 E ActivityThread: Failed to find provider info for com.google.android.apps.gsa.testing.ui.audio.recorded
05-09 14:57:05.339  1843  2483 I chatty  : uid=1000(system) Binder:1843_B expire 2 lines
05-09 14:57:05.900  1843  1858 W ActivityManager: Timeout executing service: ServiceRecord{a5274a u0 com.google.android.apps.maps/com.google.android.apps.gmm.offline.update.OfflineAutoUpdateJobService}
05-09 14:57:07.985  1843  2989 I chatty  : uid=1000 system_server expire 10 lines
05-09 14:57:08.916  1843  2461 I chatty  : uid=1000(system) Binder:1843_8 expire 1 line
05-09 14:57:09.833  1843  1858 I chatty  : uid=1000(system) ActivityManager expire 4 lines
05-09 14:57:09.855  1669  1708 V installed: DexInv: --- BEGIN '/data/app/com.anotherjuan-Nu-wG2OxLbezMKH2l_G4Gg==/base.apk' ---
05-09 14:57:09.920  1684  1684 I /system/bin/tombstoned: registered intercept for pid 2851 and type kDebuggerdJavaBacktrace
05-09 14:57:09.922  2851  2857 I droid.apps.map: Thread[3,tid=2857,WaitingInMainSignalCatcherLoop,Thread*=0xe8141000,peer=0x14040728,"Signal Catcher"]: reacting to signal 3
05-09 14:57:09.922  2851  2857 I droid.apps.map: 
05-09 14:57:09.968  2495  2495 I chatty  : uid=10041 com.google.android.googlequicksearchbox:search expire 18 lines
05-09 14:57:09.990  2495  2618 I chatty  : uid=10041 com.google.android.googlequicksearchbox:search expire 11 lines
05-09 14:57:09.998  1613  1823 E         : Request requires android.permission.RECORD_AUDIO
05-09 14:57:09.998  1613  1823 E AudioPolicyIntefaceImpl: getInputForAttr permission denied: recording not allowed for uid 10041 pid 2495
05-09 14:57:09.998  1613  1823 E AudioFlinger: createRecord() checkRecordThread_l failed
05-09 14:57:10.002  2495  2662 E ActivityThread: Failed to find provider info for com.google.android.apps.gsa.testing.ui.audio.recorded
05-09 14:57:10.022  2495  2892 I chatty  : uid=10041(com.google.android.googlequicksearchbox) HotwordDetector expire 10 lines
05-09 14:57:10.403  2851  2857 W droid.apps.map: Suspending all threads took: 477.824ms
05-09 14:57:10.681  1843  1862 E BatteryExternalStatsWorker: no controller energy info supplied for wifi
05-09 14:57:11.537  2672  2672 D MediaScannerReceiver: action: android.intent.action.MEDIA_MOUNTED path: /storage/emulated/0
05-09 14:57:11.606  2296  2296 I Dialer  : GoogleDialerBootReceiver.onReceive - enter
05-09 14:57:11.606  2296  2296 I Dialer  : ShortcutsJobScheduler.scheduleAllJobs - enter
05-09 14:57:11.607  2296  2296 I Dialer  : ShortcutsJobScheduler.scheduleAllJobs - enabling shortcuts
05-09 14:57:11.607  2296  2296 I Dialer  : PeriodicJobService.schedulePeriodicJob - enter
05-09 14:57:11.609  1843  3004 I chatty  : uid=1000 system_server expire 1 line
05-09 14:57:11.613  2296  2296 I Dialer  : PeriodicJobService.schedulePeriodicJob - job already scheduled.
05-09 14:57:11.618  1843  3004 I BootReceiver: Copying audit failures to DropBox
05-09 14:57:11.618  1843  3004 I BootReceiver: Checking for fsck errors
05-09 14:57:11.620  2296  2671 I Dialer  : SpamJobScheduler.scheduleJob - job with id SPAM_JOB_WIFI is already scheduled
05-09 14:57:11.622  2296  2296 W Dialer  : CountryDetector.registerForLocationUpdates - no location permissions, not registering for location updates
05-09 14:57:11.626  2296  2686 I Dialer  : VisualVoicemailUpdateTask.updateNotification - enter
05-09 14:57:11.629  2296  2671 I Dialer  : SpamJobScheduler.scheduleJob - job with id SPAM_JOB_ANY_NETWORK is already scheduled
05-09 14:57:11.716  2296  2686 I Dialer  : VisualVoicemailUpdateTask.updateNotification - no voicemails to notify about
05-09 14:57:11.716  2296  2686 I Dialer  : VisualVoicemailNotifier.cancelAllVoicemailNotifications - enter
05-09 14:57:11.718  2296  2686 I Dialer  : VoicemailNotificationJobService.scheduleJob - job canceled
05-09 14:57:11.718  2296  2296 I Dialer  : VisualVoicemailUpdateTask.scheduleTask - update successful
05-09 14:57:11.728  1843  1843 I Telecom : DefaultDialerCache: Refreshing default dialer for user 0: now com.google.android.dialer: DDC.oR@AD8
05-09 14:57:11.730  1843  1843 I Telecom : MissedCallNotifierImpl: reloadAfterBootComplete: user=0: TSBCR.oR@AEA
05-09 14:57:11.865  2258  2922 E ActivityThread: Failed to find provider info for instantapp-dev-manager
05-09 14:57:11.870  2672  3002 V MediaProvider: pruneThumbnails 
05-09 14:57:11.878  1843  1843 W Looper  : Slow dispatch took 149ms main h=android.app.ActivityThread$H c=android.app.-$$Lambda$LoadedApk$ReceiverDispatcher$Args$_BumDX2UKsnxLVrE6UJsJZkotuA@1f255d5 m=0
05-09 14:57:11.878  2088  2088 D CarrierConfigLoader: mHandler: 13 phoneId: 0
05-09 14:57:11.878  2088  2088 D CarrierConfigLoader: mHandler: 7 phoneId: 0
05-09 14:57:11.882  2088  2088 D CarrierConfigLoader: Loaded config from XML. package=com.android.carrierconfig phoneId=0
05-09 14:57:11.882  2088  2088 D CarrierConfigLoader: mHandler: 5 phoneId: 0
05-09 14:57:11.890  2088  2088 I ImsResolver: Received Carrier Config Changed for SlotId: 0
05-09 14:57:11.890  2088  2088 D CarrierKeyDownloadManager: Carrier Config changed: android.telephony.action.CARRIER_CONFIG_CHANGED
05-09 14:57:11.895  2088  2088 D CarrierKeyDownloadManager: Carrier not enabled or invalid values
05-09 14:57:11.896  2088  2088 D CarrierKeyDownloadManager: Cleaning up existing renewal alarms
05-09 14:57:11.898  2088  2277 I CarrierInfoManager: using values for mnc, mcc: 260,310
05-09 14:57:11.899  2088  2277 D CarrierInfoManager: No rows found for keyType: 2
05-09 14:57:11.906  2672  3002 V MediaProvider: /pruneDeadThumbnailFiles... 
05-09 14:57:11.911  1843  1926 D NetworkPolicy: Updated NetworkPolicy{template=NetworkTemplate: matchRule=MOBILE, subscriberId=310260..., matchSubscriberIds=[310260...] cycleRule=RecurrenceRule{start=2019-01-06T00:00-05:00[America/New_York] end=null period=P1M} warningBytes=2147483648 limitBytes=-1 lastWarningSnooze=-1 lastLimitSnooze=-1 lastRapidSnooze=-1 metered=true inferred=true} to NetworkPolicy{template=NetworkTemplate: matchRule=MOBILE, subscriberId=310260..., matchSubscriberIds=[310260...] cycleRule=RecurrenceRule{start=2019-01-06T00:00Z[GMT] end=null period=P1M} warningBytes=2147483648 limitBytes=-1 lastWarningSnooze=-1 lastLimitSnooze=-1 lastRapidSnooze=-1 metered=true inferred=true}
05-09 14:57:11.946  1843  1843 I Telecom : PhoneAccountRegistrar: SimCallManager queried, returning: null: TSI.gSCMFU@AEE
05-09 14:57:12.108  2312  2312 D CellBroadcastReceiver: onReceive Intent { act=android.intent.action.BOOT_COMPLETED flg=0x9000010 cmp=com.android.cellbroadcastreceiver/.CellBroadcastReceiver (has extras) }
05-09 14:57:12.108  2312  2312 D CellBroadcastReceiver: Start Cell Broadcast configuration.
05-09 14:57:12.111  2312  2312 D CellBroadcastReceiver: Default interval 0 did not change.
05-09 14:57:12.124  1843  1860 I ActivityManager: Start proc 3026:com.android.contacts/u0a37 for broadcast com.android.contacts/.interactions.OnBootOrUpgradeReceiver
05-09 14:57:12.125  2312  3025 D CellBroadcastConfigService: Enable CellBroadcast on sub 1
05-09 14:57:12.128  2088  2288 D IccSmsInterfaceManager: [IccSmsInterfaceManager] Calling setGsmBroadcastConfig with 1 configurations
05-09 14:57:12.130  3026  3026 W ndroid.contact: Unexpected CPU variant for X86 using defaults: x86
05-09 14:57:12.133  2088  2288 D IccSmsInterfaceManager: [IccSmsInterfaceManager] Failed to add GSM cell broadcast subscription for MID range 4370 to 4370 from client com.android.cellbroadcastreceiver
05-09 14:57:12.134  3026  3026 E ndroid.contact: Not starting debugger since process cannot load the jdwp agent.
05-09 14:57:12.135  2088  2288 D IccSmsInterfaceManager: [IccSmsInterfaceManager] Calling setCdmaBroadcastConfig with 1 configurations
05-09 14:57:12.139  2088  2288 D IccSmsInterfaceManager: [IccSmsInterfaceManager] Failed to add cdma broadcast subscription for MID range 4096 to 4096 from client com.android.cellbroadcastreceiver
05-09 14:57:12.141  2088  2130 I m.android.phon: Waiting for a blocking GC ProfileSaver
05-09 14:57:12.147  2088  2288 D IccSmsInterfaceManager: [IccSmsInterfaceManager] Calling setGsmBroadcastConfig with 1 configurations
05-09 14:57:12.150  2088  2288 D IccSmsInterfaceManager: [IccSmsInterfaceManager] Failed to add GSM cell broadcast subscription for MID range 4383 to 4383 from client com.android.cellbroadcastreceiver
05-09 14:57:12.159  2088  2288 D IccSmsInterfaceManager: [IccSmsInterfaceManager] Calling setGsmBroadcastConfig with 1 configurations
05-09 14:57:12.163  2088  2288 D IccSmsInterfaceManager: [IccSmsInterfaceManager] Failed to add GSM cell broadcast subscription for MID range 4371 to 4372 from client com.android.cellbroadcastreceiver
05-09 14:57:12.165  2088  2099 W System  : A resource failed to call close. 
05-09 14:57:12.166  2088  2101 I m.android.phon: Background concurrent copying GC freed 21700(2MB) AllocSpace objects, 3(60KB) LOS objects, 50% free, 1815KB/3MB, paused 6.925ms total 54.355ms
05-09 14:57:12.166  2088  2130 I m.android.phon: WaitForGcToComplete blocked ProfileSaver on HeapTrim for 25.261ms
