05-16 13:00:29.111 E/Camera3-Device( 1666): RequestThread: Can't get output buffer, skipping request: Broken pipe (-32)
05-16 13:00:29.111 E/Camera3-OutputStream( 1666): getBufferLockedCommon: Stream 0: Can't dequeue next output buffer: Broken pipe (-32)
05-16 13:00:29.111 E/Camera3-Device( 1666): RequestThread: Can't get output buffer, skipping request: Broken pipe (-32)
05-16 13:00:29.111 E/Camera3-OutputStream( 1666): getBufferLockedCommon: Stream 0: Can't dequeue next output buffer: Broken pipe (-32)
05-16 13:00:29.111 E/Camera3-Device( 1666): RequestThread: Can't get output buffer, skipping request: Broken pipe (-32)
05-16 13:00:29.111 E/Camera3-OutputStream( 1666): getBufferLockedCommon: Stream 0: Can't dequeue next output buffer: Broken pipe (-32)
05-16 13:00:29.111 E/Camera3-Device( 1666): RequestThread: Can't get output buffer, skipping request: Broken pipe (-32)
05-16 13:00:29.111 E/Camera3-OutputStream( 1666): getBufferLockedCommon: Stream 0: Can't dequeue next output buffer: Broken pipe (-32)
05-16 13:00:29.111 E/Camera3-Device( 1666): RequestThread: Can't get output buffer, skipping request: Broken pipe (-32)
05-16 13:00:29.112 E/Camera3-OutputStream( 1666): getBufferLockedCommon: Stream 0: Can't dequeue next output buffer: Broken pipe (-32)
05-16 13:00:29.112 E/Camera3-Device( 1666): RequestThread: Can't get output buffer, skipping request: Broken pipe (-32)
05-16 13:00:29.112 E/Camera3-OutputStream( 1666): getBufferLockedCommon: Stream 0: Can't dequeue next output buffer: Broken pipe (-32)
05-16 13:00:29.112 E/Camera3-Device( 1666): RequestThread: Can't get output buffer, skipping request: Broken pipe (-32)
05-16 13:00:29.112 E/Camera3-OutputStream( 1666): getBufferLockedCommon: Stream 0: Can't dequeue next output buffer: Broken pipe (-32)
05-16 13:00:29.112 E/Camera3-Device( 1666): RequestThread: Can't get output buffer, skipping request: Broken pipe (-32)
05-16 13:00:29.112 E/Camera3-OutputStream( 1666): getBufferLockedCommon: Stream 0: Can't dequeue next output buffer: Broken pipe (-32)
05-16 13:00:29.112 E/Camera3-Device( 1666): RequestThread: Can't get output buffer, skipping request: Broken pipe (-32)
05-16 13:00:29.112 E/Camera3-OutputStream( 1666): getBufferLockedCommon: Stream 0: Can't dequeue next output buffer: Broken pipe (-32)
05-16 13:00:29.112 E/Camera3-Device( 1666): RequestThread: Can't get output buffer, skipping request: Broken pipe (-32)
05-16 13:00:29.112 E/Camera3-OutputStream( 1666): getBufferLockedCommon: Stream 0: Can't dequeue next output buffer: Broken pipe (-32)
05-16 13:00:29.112 E/Camera3-Device( 1666): RequestThread: Can't get output buffer, skipping request: Broken pipe (-32)
05-16 13:00:29.112 E/Camera3-OutputStream( 1666): getBufferLockedCommon: Stream 0: Can't dequeue next output buffer: Broken pipe (-32)
05-16 13:00:29.112 E/Camera3-Device( 1666): RequestThread: Can't get output buffer, skipping request: Broken pipe (-32)
05-16 13:00:29.112 E/Camera3-OutputStream( 1666): getBufferLockedCommon: Stream 0: Can't dequeue next output buffer: Broken pipe (-32)
05-16 13:00:29.112 E/Camera3-Device( 1666): RequestThread: Can't get output buffer, skipping request: Broken pipe (-32)
05-16 13:00:29.112 E/Camera3-OutputStream( 1666): getBufferLockedCommon: Stream 0: Can't dequeue next output buffer: Broken pipe (-32)
05-16 13:00:29.112 E/Camera3-Device( 1666): RequestThread: Can't get output buffer, skipping request: Broken pipe (-32)
05-16 13:00:29.112 E/Camera3-OutputStream( 1666): getBufferLockedCommon: Stream 0: Can't dequeue next output buffer: Broken pipe (-32)
05-16 13:00:29.112 E/Camera3-Device( 1666): RequestThread: Can't get output buffer, skipping request: Broken pipe (-32)
05-16 13:00:29.112 E/Camera3-OutputStream( 1666): getBufferLockedCommon: Stream 0: Can't dequeue next output buffer: Broken pipe (-32)
05-16 13:00:29.112 E/Camera3-Device( 1666): RequestThread: Can't get output buffer, skipping request: Broken pipe (-32)
05-16 13:00:29.112 E/Camera3-OutputStream( 1666): getBufferLockedCommon: Stream 0: Can't dequeue next output buffer: Broken pipe (-32)
05-16 13:00:29.112 E/Camera3-Device( 1666): RequestThread: Can't get output buffer, skipping request: Broken pipe (-32)
05-16 13:00:29.112 E/Camera3-OutputStream( 1666): getBufferLockedCommon: Stream 0: Can't dequeue next output buffer: Broken pipe (-32)
05-16 13:00:29.112 E/Camera3-Device( 1666): RequestThread: Can't get output buffer, skipping request: Broken pipe (-32)
05-16 13:00:29.112 E/Camera3-OutputStream( 1666): getBufferLockedCommon: Stream 0: Can't dequeue next output buffer: Broken pipe (-32)
05-16 13:00:29.112 E/Camera3-Device( 1666): RequestThread: Can't get output buffer, skipping request: Broken pipe (-32)
05-16 13:00:29.112 E/Camera3-OutputStream( 1666): getBufferLockedCommon: Stream 0: Can't dequeue next output buffer: Broken pipe (-32)
05-16 13:00:29.112 E/Camera3-Device( 1666): RequestThread: Can't get output buffer, skipping request: Broken pipe (-32)
05-16 13:00:29.112 E/Camera3-OutputStream( 1666): getBufferLockedCommon: Stream 0: Can't dequeue next output buffer: Broken pipe (-32)
05-16 13:00:29.112 E/Camera3-Device( 1666): RequestThread: Can't get output buffer, skipping request: Broken pipe (-32)
05-16 13:00:29.112 E/Camera3-OutputStream( 1666): getBufferLockedCommon: Stream 0: Can't dequeue next output buffer: Broken pipe (-32)
05-16 13:00:29.112 E/Camera3-Device( 1666): RequestThread: Can't get output buffer, skipping request: Broken pipe (-32)
05-16 13:00:29.113 E/Camera3-OutputStream( 1666): getBufferLockedCommon: Stream 0: Can't dequeue next output buffer: Broken pipe (-32)
05-16 13:00:29.113 E/Camera3-Device( 1666): RequestThread: Can't get output buffer, skipping request: Broken pipe (-32)
05-16 13:00:29.113 E/Camera3-OutputStream( 1666): getBufferLockedCommon: Stream 0: Can't dequeue next output buffer: Broken pipe (-32)
05-16 13:00:29.113 E/Camera3-Device( 1666): RequestThread: Can't get output buffer, skipping request: Broken pipe (-32)
05-16 13:00:29.113 E/Camera3-OutputStream( 1666): getBufferLockedCommon: Stream 0: Can't dequeue next output buffer: Broken pipe (-32)
05-16 13:00:29.113 E/Camera3-Device( 1666): RequestThread: Can't get output buffer, skipping request: Broken pipe (-32)
05-16 13:00:29.113 E/Camera3-OutputStream( 1666): getBufferLockedCommon: Stream 0: Can't dequeue next output buffer: Broken pipe (-32)
05-16 13:00:29.113 E/Camera3-Device( 1666): RequestThread: Can't get output buffer, skipping request: Broken pipe (-32)
05-16 13:00:29.113 E/Camera3-OutputStream( 1666): getBufferLockedCommon: Stream 0: Can't dequeue next output buffer: Broken pipe (-32)
05-16 13:00:29.113 E/Camera3-Device( 1666): RequestThread: Can't get output buffer, skipping request: Broken pipe (-32)
05-16 13:00:29.113 E/Camera3-OutputStream( 1666): getBufferLockedCommon: Stream 0: Can't dequeue next output buffer: Broken pipe (-32)
05-16 13:00:29.113 E/Camera3-Device( 1666): RequestThread: Can't get output buffer, skipping request: Broken pipe (-32)
05-16 13:00:29.113 E/Camera3-OutputStream( 1666): getBufferLockedCommon: Stream 0: Can't dequeue next output buffer: Broken pipe (-32)
05-16 13:00:29.113 E/Camera3-Device( 1666): RequestThread: Can't get output buffer, skipping request: Broken pipe (-32)
05-16 13:00:29.113 E/Camera3-OutputStream( 1666): getBufferLockedCommon: Stream 0: Can't dequeue next output buffer: Broken pipe (-32)
05-16 13:00:29.113 E/Camera3-Device( 1666): RequestThread: Can't get output buffer, skipping request: Broken pipe (-32)
05-16 13:00:29.113 E/Camera3-OutputStream( 1666): getBufferLockedCommon: Stream 0: Can't dequeue next output buffer: Broken pipe (-32)
05-16 13:00:29.113 E/Camera3-Device( 1666): RequestThread: Can't get output buffer, skipping request: Broken pipe (-32)
05-16 13:00:29.113 E/Camera3-OutputStream( 1666): getBufferLockedCommon: Stream 0: Can't dequeue next output buffer: Broken pipe (-32)
05-16 13:00:29.113 E/Camera3-Device( 1666): RequestThread: Can't get output buffer, skipping request: Broken pipe (-32)
05-16 13:00:29.113 E/Camera3-OutputStream( 1666): getBufferLockedCommon: Stream 0: Can't dequeue next output buffer: Broken pipe (-32)
05-16 13:00:29.113 E/Camera3-Device( 1666): RequestThread: Can't get output buffer, skipping request: Broken pipe (-32)
05-16 13:00:29.113 E/Camera3-OutputStream( 1666): getBufferLockedCommon: Stream 0: Can't dequeue next output buffer: Broken pipe (-32)
05-16 13:00:29.113 E/Camera3-Device( 1666): RequestThread: Can't get output buffer, skipping request: Broken pipe (-32)
05-16 13:00:29.113 E/Camera3-OutputStream( 1666): getBufferLockedCommon: Stream 0: Can't dequeue next output buffer: Broken pipe (-32)
05-16 13:00:29.113 E/Camera3-Device( 1666): RequestThread: Can't get output buffer, skipping request: Broken pipe (-32)
05-16 13:00:29.113 E/Camera3-OutputStream( 1666): getBufferLockedCommon: Stream 0: Can't dequeue next output buffer: Broken pipe (-32)
05-16 13:00:29.113 E/Camera3-Device( 1666): RequestThread: Can't get output buffer, skipping request: Broken pipe (-32)
05-16 13:00:29.113 E/Camera3-OutputStream( 1666): getBufferLockedCommon: Stream 0: Can't dequeue next output buffer: Broken pipe (-32)
05-16 13:00:29.113 E/Camera3-Device( 1666): RequestThread: Can't get output buffer, skipping request: Broken pipe (-32)
05-16 13:00:29.113 E/Camera3-OutputStream( 1666): getBufferLockedCommon: Stream 0: Can't dequeue next output buffer: Broken pipe (-32)
05-16 13:00:29.113 E/Camera3-Device( 1666): RequestThread: Can't get output buffer, skipping request: Broken pipe (-32)
05-16 13:00:29.113 E/Camera3-OutputStream( 1666): getBufferLockedCommon: Stream 0: Can't dequeue next output buffer: Broken pipe (-32)
05-16 13:00:29.113 E/Camera3-Device( 1666): RequestThread: Can't get output buffer, skipping request: Broken pipe (-32)
05-16 13:00:29.113 E/Camera3-OutputStream( 1666): getBufferLockedCommon: Stream 0: Can't dequeue next output buffer: Broken pipe (-32)
05-16 13:00:29.114 E/Camera3-Device( 1666): RequestThread: Can't get output buffer, skipping request: Broken pipe (-32)
05-16 13:00:29.114 E/Camera3-OutputStream( 1666): getBufferLockedCommon: Stream 0: Can't dequeue next output buffer: Broken pipe (-32)
05-16 13:00:29.114 E/Camera3-Device( 1666): RequestThread: Can't get output buffer, skipping request: Broken pipe (-32)
05-16 13:00:29.114 E/Camera3-OutputStream( 1666): getBufferLockedCommon: Stream 0: Can't dequeue next output buffer: Broken pipe (-32)
05-16 13:00:29.114 E/Camera3-Device( 1666): RequestThread: Can't get output buffer, skipping request: Broken pipe (-32)
05-16 13:00:29.114 E/Camera3-OutputStream( 1666): getBufferLockedCommon: Stream 0: Can't dequeue next output buffer: Broken pipe (-32)
05-16 13:00:29.114 E/Camera3-Device( 1666): RequestThread: Can't get output buffer, skipping request: Broken pipe (-32)
05-16 13:00:29.114 E/Camera3-OutputStream( 1666): getBufferLockedCommon: Stream 0: Can't dequeue next output buffer: Broken pipe (-32)
05-16 13:00:29.114 E/Camera3-Device( 1666): RequestThread: Can't get output buffer, skipping request: Broken pipe (-32)
05-16 13:00:29.114 E/Camera3-OutputStream( 1666): getBufferLockedCommon: Stream 0: Can't dequeue next output buffer: Broken pipe (-32)
05-16 13:00:29.114 E/Camera3-Device( 1666): RequestThread: Can't get output buffer, skipping request: Broken pipe (-32)
05-16 13:00:29.114 E/Camera3-OutputStream( 1666): getBufferLockedCommon: Stream 0: Can't dequeue next output buffer: Broken pipe (-32)
05-16 13:00:29.114 E/Camera3-Device( 1666): RequestThread: Can't get output buffer, skipping request: Broken pipe (-32)
05-16 13:00:29.114 E/Camera3-OutputStream( 1666): getBufferLockedCommon: Stream 0: Can't dequeue next output buffer: Broken pipe (-32)
05-16 13:00:29.114 E/Camera3-Device( 1666): RequestThread: Can't get output buffer, skipping request: Broken pipe (-32)
05-16 13:00:29.114 E/Camera3-OutputStream( 1666): getBufferLockedCommon: Stream 0: Can't dequeue next output buffer: Broken pipe (-32)
05-16 13:00:29.114 E/Camera3-Device( 1666): RequestThread: Can't get output buffer, skipping request: Broken pipe (-32)
05-16 13:00:29.114 E/Camera3-OutputStream( 1666): getBufferLockedCommon: Stream 0: Can't dequeue next output buffer: Broken pipe (-32)
05-16 13:00:29.114 E/Camera3-Device( 1666): RequestThread: Can't get output buffer, skipping request: Broken pipe (-32)
05-16 13:00:29.114 E/Camera3-OutputStream( 1666): getBufferLockedCommon: Stream 0: Can't dequeue next output buffer: Broken pipe (-32)
05-16 13:00:29.114 E/Camera3-Device( 1666): RequestThread: Can't get output buffer, skipping request: Broken pipe (-32)
05-16 13:00:29.114 E/Camera3-OutputStream( 1666): getBufferLockedCommon: Stream 0: Can't dequeue next output buffer: Broken pipe (-32)
05-16 13:00:29.114 E/Camera3-Device( 1666): RequestThread: Can't get output buffer, skipping request: Broken pipe (-32)
05-16 13:00:29.114 E/Camera3-OutputStream( 1666): getBufferLockedCommon: Stream 0: Can't dequeue next output buffer: Broken pipe (-32)
05-16 13:00:29.114 E/Camera3-Device( 1666): RequestThread: Can't get output buffer, skipping request: Broken pipe (-32)
05-16 13:00:29.114 E/Camera3-OutputStream( 1666): getBufferLockedCommon: Stream 0: Can't dequeue next output buffer: Broken pipe (-32)
05-16 13:00:29.114 E/Camera3-Device( 1666): RequestThread: Can't get output buffer, skipping request: Broken pipe (-32)
05-16 13:00:29.114 E/Camera3-OutputStream( 1666): getBufferLockedCommon: Stream 0: Can't dequeue next output buffer: Broken pipe (-32)
05-16 13:00:29.114 E/Camera3-Device( 1666): RequestThread: Can't get output buffer, skipping request: Broken pipe (-32)
05-16 13:00:29.114 E/Camera3-OutputStream( 1666): getBufferLockedCommon: Stream 0: Can't dequeue next output buffer: Broken pipe (-32)
05-16 13:00:29.114 E/Camera3-Device( 1666): RequestThread: Can't get output buffer, skipping request: Broken pipe (-32)
05-16 13:00:29.114 E/Camera3-OutputStream( 1666): getBufferLockedCommon: Stream 0: Can't dequeue next output buffer: Broken pipe (-32)
05-16 13:00:29.114 E/Camera3-Device( 1666): RequestThread: Can't get output buffer, skipping request: Broken pipe (-32)
05-16 13:00:29.114 E/Camera3-OutputStream( 1666): getBufferLockedCommon: Stream 0: Can't dequeue next output buffer: Broken pipe (-32)
05-16 13:00:29.114 E/Camera3-Device( 1666): RequestThread: Can't get output buffer, skipping request: Broken pipe (-32)
05-16 13:00:29.115 E/Camera3-OutputStream( 1666): getBufferLockedCommon: Stream 0: Can't dequeue next output buffer: Broken pipe (-32)
05-16 13:00:29.115 E/Camera3-Device( 1666): RequestThread: Can't get output buffer, skipping request: Broken pipe (-32)
05-16 13:00:29.115 E/Camera3-OutputStream( 1666): getBufferLockedCommon: Stream 0: Can't dequeue next output buffer: Broken pipe (-32)
05-16 13:00:29.115 E/Camera3-Device( 1666): RequestThread: Can't get output buffer, skipping request: Broken pipe (-32)
05-16 13:00:29.115 E/Camera3-OutputStream( 1666): getBufferLockedCommon: Stream 0: Can't dequeue next output buffer: Broken pipe (-32)
05-16 13:00:29.115 E/Camera3-Device( 1666): RequestThread: Can't get output buffer, skipping request: Broken pipe (-32)
05-16 13:00:29.115 E/Camera3-OutputStream( 1666): getBufferLockedCommon: Stream 0: Can't dequeue next output buffer: Broken pipe (-32)
05-16 13:00:29.115 E/Camera3-Device( 1666): RequestThread: Can't get output buffer, skipping request: Broken pipe (-32)
05-16 13:00:29.115 E/Camera3-OutputStream( 1666): getBufferLockedCommon: Stream 0: Can't dequeue next output buffer: Broken pipe (-32)
05-16 13:00:29.115 E/Camera3-Device( 1666): RequestThread: Can't get output buffer, skipping request: Broken pipe (-32)
05-16 13:00:29.115 E/Camera3-OutputStream( 1666): getBufferLockedCommon: Stream 0: Can't dequeue next output buffer: Broken pipe (-32)
05-16 13:00:29.115 E/Camera3-Device( 1666): RequestThread: Can't get output buffer, skipping request: Broken pipe (-32)
05-16 13:00:29.115 E/Camera3-OutputStream( 1666): getBufferLockedCommon: Stream 0: Can't dequeue next output buffer: Broken pipe (-32)
05-16 13:00:29.115 E/Camera3-Device( 1666): RequestThread: Can't get output buffer, skipping request: Broken pipe (-32)
05-16 13:00:29.115 E/Camera3-OutputStream( 1666): getBufferLockedCommon: Stream 0: Can't dequeue next output buffer: Broken pipe (-32)
05-16 13:00:29.115 E/Camera3-Device( 1666): RequestThread: Can't get output buffer, skipping request: Broken pipe (-32)
05-16 13:00:29.115 E/Camera3-OutputStream( 1666): getBufferLockedCommon: Stream 0: Can't dequeue next output buffer: Broken pipe (-32)
05-16 13:00:29.115 E/Camera3-Device( 1666): RequestThread: Can't get output buffer, skipping request: Broken pipe (-32)
05-16 13:00:29.115 E/Camera3-OutputStream( 1666): getBufferLockedCommon: Stream 0: Can't dequeue next output buffer: Broken pipe (-32)
05-16 13:00:29.115 E/Camera3-Device( 1666): RequestThread: Can't get output buffer, skipping request: Broken pipe (-32)
05-16 13:00:29.115 E/Camera3-OutputStream( 1666): getBufferLockedCommon: Stream 0: Can't dequeue next output buffer: Broken pipe (-32)
05-16 13:00:29.115 E/Camera3-Device( 1666): RequestThread: Can't get output buffer, skipping request: Broken pipe (-32)
05-16 13:00:29.115 E/Camera3-OutputStream( 1666): getBufferLockedCommon: Stream 0: Can't dequeue next output buffer: Broken pipe (-32)
05-16 13:00:29.115 E/Camera3-Device( 1666): RequestThread: Can't get output buffer, skipping request: Broken pipe (-32)
05-16 13:00:29.115 E/Camera3-OutputStream( 1666): getBufferLockedCommon: Stream 0: Can't dequeue next output buffer: Broken pipe (-32)
05-16 13:00:29.115 E/Camera3-Device( 1666): RequestThread: Can't get output buffer, skipping request: Broken pipe (-32)
05-16 13:00:29.115 E/Camera3-OutputStream( 1666): getBufferLockedCommon: Stream 0: Can't dequeue next output buffer: Broken pipe (-32)
05-16 13:00:29.115 E/Camera3-Device( 1666): RequestThread: Can't get output buffer, skipping request: Broken pipe (-32)
05-16 13:00:29.115 E/Camera3-OutputStream( 1666): getBufferLockedCommon: Stream 0: Can't dequeue next output buffer: Broken pipe (-32)
05-16 13:00:29.115 E/Camera3-Device( 1666): RequestThread: Can't get output buffer, skipping request: Broken pipe (-32)
05-16 13:00:29.116 E/Camera3-OutputStream( 1666): getBufferLockedCommon: Stream 0: Can't dequeue next output buffer: Broken pipe (-32)
05-16 13:00:29.116 E/Camera3-Device( 1666): RequestThread: Can't get output buffer, skipping request: Broken pipe (-32)
05-16 13:00:29.116 E/Camera3-OutputStream( 1666): getBufferLockedCommon: Stream 0: Can't dequeue next output buffer: Broken pipe (-32)
05-16 13:00:29.116 E/Camera3-Device( 1666): RequestThread: Can't get output buffer, skipping request: Broken pipe (-32)
05-16 13:00:29.116 E/Camera3-OutputStream( 1666): getBufferLockedCommon: Stream 0: Can't dequeue next output buffer: Broken pipe (-32)
05-16 13:00:29.116 E/Camera3-Device( 1666): RequestThread: Can't get output buffer, skipping request: Broken pipe (-32)
05-16 13:00:29.116 E/Camera3-OutputStream( 1666): getBufferLockedCommon: Stream 0: Can't dequeue next output buffer: Broken pipe (-32)
05-16 13:00:29.116 E/Camera3-Device( 1666): RequestThread: Can't get output buffer, skipping request: Broken pipe (-32)
05-16 13:00:29.116 E/Camera3-OutputStream( 1666): getBufferLockedCommon: Stream 0: Can't dequeue next output buffer: Broken pipe (-32)
05-16 13:00:29.116 E/Camera3-Device( 1666): RequestThread: Can't get output buffer, skipping request: Broken pipe (-32)
05-16 13:00:29.116 E/Camera3-OutputStream( 1666): getBufferLockedCommon: Stream 0: Can't dequeue next output buffer: Broken pipe (-32)
05-16 13:00:29.116 E/Camera3-Device( 1666): RequestThread: Can't get output buffer, skipping request: Broken pipe (-32)
05-16 13:00:29.116 E/Camera3-OutputStream( 1666): getBufferLockedCommon: Stream 0: Can't dequeue next output buffer: Broken pipe (-32)
05-16 13:00:29.116 E/Camera3-Device( 1666): RequestThread: Can't get output buffer, skipping request: Broken pipe (-32)
05-16 13:00:29.116 E/Camera3-OutputStream( 1666): getBufferLockedCommon: Stream 0: Can't dequeue next output buffer: Broken pipe (-32)
05-16 13:00:29.116 E/Camera3-Device( 1666): RequestThread: Can't get output buffer, skipping request: Broken pipe (-32)
05-16 13:00:29.116 E/Camera3-OutputStream( 1666): getBufferLockedCommon: Stream 0: Can't dequeue next output buffer: Broken pipe (-32)
05-16 13:00:29.116 E/Camera3-Device( 1666): RequestThread: Can't get output buffer, skipping request: Broken pipe (-32)
05-16 13:00:29.116 E/Camera3-OutputStream( 1666): getBufferLockedCommon: Stream 0: Can't dequeue next output buffer: Broken pipe (-32)
05-16 13:00:29.116 E/Camera3-Device( 1666): RequestThread: Can't get output buffer, skipping request: Broken pipe (-32)
05-16 13:00:29.116 E/Camera3-OutputStream( 1666): getBufferLockedCommon: Stream 0: Can't dequeue next output buffer: Broken pipe (-32)
05-16 13:00:29.116 E/Camera3-Device( 1666): RequestThread: Can't get output buffer, skipping request: Broken pipe (-32)
05-16 13:00:29.116 E/Camera3-OutputStream( 1666): getBufferLockedCommon: Stream 0: Can't dequeue next output buffer: Broken pipe (-32)
05-16 13:00:29.116 E/Camera3-Device( 1666): RequestThread: Can't get output buffer, skipping request: Broken pipe (-32)
05-16 13:00:29.116 E/Camera3-OutputStream( 1666): getBufferLockedCommon: Stream 0: Can't dequeue next output buffer: Broken pipe (-32)
05-16 13:00:29.116 E/Camera3-Device( 1666): RequestThread: Can't get output buffer, skipping request: Broken pipe (-32)
05-16 13:00:29.116 E/Camera3-OutputStream( 1666): getBufferLockedCommon: Stream 0: Can't dequeue next output buffer: Broken pipe (-32)
05-16 13:00:29.116 E/Camera3-Device( 1666): RequestThread: Can't get output buffer, skipping request: Broken pipe (-32)
05-16 13:00:29.116 E/Camera3-OutputStream( 1666): getBufferLockedCommon: Stream 0: Can't dequeue next output buffer: Broken pipe (-32)
05-16 13:00:29.116 E/Camera3-Device( 1666): RequestThread: Can't get output buffer, skipping request: Broken pipe (-32)
05-16 13:00:29.116 E/Camera3-OutputStream( 1666): getBufferLockedCommon: Stream 0: Can't dequeue next output buffer: Broken pipe (-32)
05-16 13:00:29.116 E/Camera3-Device( 1666): RequestThread: Can't get output buffer, skipping request: Broken pipe (-32)
05-16 13:00:29.116 E/Camera3-OutputStream( 1666): getBufferLockedCommon: Stream 0: Can't dequeue next output buffer: Broken pipe (-32)
05-16 13:00:29.116 E/Camera3-Device( 1666): RequestThread: Can't get output buffer, skipping request: Broken pipe (-32)
05-16 13:00:29.116 E/Camera3-OutputStream( 1666): getBufferLockedCommon: Stream 0: Can't dequeue next output buffer: Broken pipe (-32)
05-16 13:00:29.116 E/Camera3-Device( 1666): RequestThread: Can't get output buffer, skipping request: Broken pipe (-32)
05-16 13:00:29.117 E/Camera3-OutputStream( 1666): getBufferLockedCommon: Stream 0: Can't dequeue next output buffer: Broken pipe (-32)
05-16 13:00:29.117 E/Camera3-Device( 1666): RequestThread: Can't get output buffer, skipping request: Broken pipe (-32)
05-16 13:00:29.117 E/Camera3-OutputStream( 1666): getBufferLockedCommon: Stream 0: Can't dequeue next output buffer: Broken pipe (-32)
05-16 13:00:29.117 E/Camera3-Device( 1666): RequestThread: Can't get output buffer, skipping request: Broken pipe (-32)
05-16 13:00:29.117 E/Camera3-OutputStream( 1666): getBufferLockedCommon: Stream 0: Can't dequeue next output buffer: Broken pipe (-32)
05-16 13:00:29.117 E/Camera3-Device( 1666): RequestThread: Can't get output buffer, skipping request: Broken pipe (-32)
05-16 13:00:29.117 E/Camera3-OutputStream( 1666): getBufferLockedCommon: Stream 0: Can't dequeue next output buffer: Broken pipe (-32)
05-16 13:00:29.117 E/Camera3-Device( 1666): RequestThread: Can't get output buffer, skipping request: Broken pipe (-32)
05-16 13:00:29.117 E/Camera3-OutputStream( 1666): getBufferLockedCommon: Stream 0: Can't dequeue next output buffer: Broken pipe (-32)
05-16 13:00:29.117 E/Camera3-Device( 1666): RequestThread: Can't get output buffer, skipping request: Broken pipe (-32)
05-16 13:00:29.117 E/Camera3-OutputStream( 1666): getBufferLockedCommon: Stream 0: Can't dequeue next output buffer: Broken pipe (-32)
05-16 13:00:29.117 E/Camera3-Device( 1666): RequestThread: Can't get output buffer, skipping request: Broken pipe (-32)
05-16 13:00:29.117 E/Camera3-OutputStream( 1666): getBufferLockedCommon: Stream 0: Can't dequeue next output buffer: Broken pipe (-32)
05-16 13:00:29.117 E/Camera3-Device( 1666): RequestThread: Can't get output buffer, skipping request: Broken pipe (-32)
05-16 13:00:29.117 E/Camera3-OutputStream( 1666): getBufferLockedCommon: Stream 0: Can't dequeue next output buffer: Broken pipe (-32)
05-16 13:00:29.117 E/Camera3-Device( 1666): RequestThread: Can't get output buffer, skipping request: Broken pipe (-32)
05-16 13:00:29.117 E/Camera3-OutputStream( 1666): getBufferLockedCommon: Stream 0: Can't dequeue next output buffer: Broken pipe (-32)
05-16 13:00:29.117 E/Camera3-Device( 1666): RequestThread: Can't get output buffer, skipping request: Broken pipe (-32)
05-16 13:00:29.117 E/Camera3-OutputStream( 1666): getBufferLockedCommon: Stream 0: Can't dequeue next output buffer: Broken pipe (-32)
05-16 13:00:29.117 E/Camera3-Device( 1666): RequestThread: Can't get output buffer, skipping request: Broken pipe (-32)
05-16 13:00:29.117 E/Camera3-OutputStream( 1666): getBufferLockedCommon: Stream 0: Can't dequeue next output buffer: Broken pipe (-32)
05-16 13:00:29.117 E/Camera3-Device( 1666): RequestThread: Can't get output buffer, skipping request: Broken pipe (-32)
05-16 13:00:29.117 E/Camera3-OutputStream( 1666): getBufferLockedCommon: Stream 0: Can't dequeue next output buffer: Broken pipe (-32)
05-16 13:00:29.117 E/Camera3-Device( 1666): RequestThread: Can't get output buffer, skipping request: Broken pipe (-32)
05-16 13:00:29.117 E/Camera3-OutputStream( 1666): getBufferLockedCommon: Stream 0: Can't dequeue next output buffer: Broken pipe (-32)
05-16 13:00:29.117 E/Camera3-Device( 1666): RequestThread: Can't get output buffer, skipping request: Broken pipe (-32)
05-16 13:00:29.117 E/Camera3-OutputStream( 1666): getBufferLockedCommon: Stream 0: Can't dequeue next output buffer: Broken pipe (-32)
05-16 13:00:29.117 E/Camera3-Device( 1666): RequestThread: Can't get output buffer, skipping request: Broken pipe (-32)
05-16 13:00:29.117 E/Camera3-OutputStream( 1666): getBufferLockedCommon: Stream 0: Can't dequeue next output buffer: Broken pipe (-32)
05-16 13:00:29.117 E/Camera3-Device( 1666): RequestThread: Can't get output buffer, skipping request: Broken pipe (-32)
05-16 13:00:29.117 E/Camera3-OutputStream( 1666): getBufferLockedCommon: Stream 0: Can't dequeue next output buffer: Broken pipe (-32)
05-16 13:00:29.117 E/Camera3-Device( 1666): RequestThread: Can't get output buffer, skipping request: Broken pipe (-32)
05-16 13:00:29.117 E/Camera3-OutputStream( 1666): getBufferLockedCommon: Stream 0: Can't dequeue next output buffer: Broken pipe (-32)
05-16 13:00:29.117 E/Camera3-Device( 1666): RequestThread: Can't get output buffer, skipping request: Broken pipe (-32)
05-16 13:00:29.118 E/Camera3-OutputStream( 1666): getBufferLockedCommon: Stream 0: Can't dequeue next output buffer: Broken pipe (-32)
05-16 13:00:29.118 E/Camera3-Device( 1666): RequestThread: Can't get output buffer, skipping request: Broken pipe (-32)
05-16 13:00:29.118 E/Camera3-OutputStream( 1666): getBufferLockedCommon: Stream 0: Can't dequeue next output buffer: Broken pipe (-32)
05-16 13:00:29.118 E/Camera3-Device( 1666): RequestThread: Can't get output buffer, skipping request: Broken pipe (-32)
05-16 13:00:29.118 E/Camera3-OutputStream( 1666): getBufferLockedCommon: Stream 0: Can't dequeue next output buffer: Broken pipe (-32)
05-16 13:00:29.118 E/Camera3-Device( 1666): RequestThread: Can't get output buffer, skipping request: Broken pipe (-32)
05-16 13:00:29.118 E/Camera3-OutputStream( 1666): getBufferLockedCommon: Stream 0: Can't dequeue next output buffer: Broken pipe (-32)
05-16 13:00:29.118 E/Camera3-Device( 1666): RequestThread: Can't get output buffer, skipping request: Broken pipe (-32)
05-16 13:00:29.118 E/Camera3-OutputStream( 1666): getBufferLockedCommon: Stream 0: Can't dequeue next output buffer: Broken pipe (-32)
05-16 13:00:29.118 E/Camera3-Device( 1666): RequestThread: Can't get output buffer, skipping request: Broken pipe (-32)
05-16 13:00:29.118 E/Camera3-OutputStream( 1666): getBufferLockedCommon: Stream 0: Can't dequeue next output buffer: Broken pipe (-32)
05-16 13:00:29.118 E/Camera3-Device( 1666): RequestThread: Can't get output buffer, skipping request: Broken pipe (-32)
05-16 13:00:29.118 E/Camera3-OutputStream( 1666): getBufferLockedCommon: Stream 0: Can't dequeue next output buffer: Broken pipe (-32)
05-16 13:00:29.118 E/Camera3-Device( 1666): RequestThread: Can't get output buffer, skipping request: Broken pipe (-32)
05-16 13:00:29.118 E/Camera3-OutputStream( 1666): getBufferLockedCommon: Stream 0: Can't dequeue next output buffer: Broken pipe (-32)
05-16 13:00:29.118 E/Camera3-Device( 1666): RequestThread: Can't get output buffer, skipping request: Broken pipe (-32)
05-16 13:00:29.118 E/Camera3-OutputStream( 1666): getBufferLockedCommon: Stream 0: Can't dequeue next output buffer: Broken pipe (-32)
05-16 13:00:29.118 E/Camera3-Device( 1666): RequestThread: Can't get output buffer, skipping request: Broken pipe (-32)
05-16 13:00:29.118 E/Camera3-OutputStream( 1666): getBufferLockedCommon: Stream 0: Can't dequeue next output buffer: Broken pipe (-32)
05-16 13:00:29.118 E/Camera3-Device( 1666): RequestThread: Can't get output buffer, skipping request: Broken pipe (-32)
05-16 13:00:29.118 E/Camera3-OutputStream( 1666): getBufferLockedCommon: Stream 0: Can't dequeue next output buffer: Broken pipe (-32)
05-16 13:00:29.118 E/Camera3-Device( 1666): RequestThread: Can't get output buffer, skipping request: Broken pipe (-32)
05-16 13:00:29.118 E/Camera3-OutputStream( 1666): getBufferLockedCommon: Stream 0: Can't dequeue next output buffer: Broken pipe (-32)
05-16 13:00:29.118 E/Camera3-Device( 1666): RequestThread: Can't get output buffer, skipping request: Broken pipe (-32)
05-16 13:00:29.118 E/Camera3-OutputStream( 1666): getBufferLockedCommon: Stream 0: Can't dequeue next output buffer: Broken pipe (-32)
05-16 13:00:29.118 E/Camera3-Device( 1666): RequestThread: Can't get output buffer, skipping request: Broken pipe (-32)
05-16 13:00:29.118 E/Camera3-OutputStream( 1666): getBufferLockedCommon: Stream 0: Can't dequeue next output buffer: Broken pipe (-32)
05-16 13:00:29.118 E/Camera3-Device( 1666): RequestThread: Can't get output buffer, skipping request: Broken pipe (-32)
05-16 13:00:29.118 E/Camera3-OutputStream( 1666): getBufferLockedCommon: Stream 0: Can't dequeue next output buffer: Broken pipe (-32)
05-16 13:00:29.118 E/Camera3-Device( 1666): RequestThread: Can't get output buffer, skipping request: Broken pipe (-32)
05-16 13:00:29.118 E/Camera3-OutputStream( 1666): getBufferLockedCommon: Stream 0: Can't dequeue next output buffer: Broken pipe (-32)
05-16 13:00:29.118 E/Camera3-Device( 1666): RequestThread: Can't get output buffer, skipping request: Broken pipe (-32)
05-16 13:00:29.118 E/Camera3-OutputStream( 1666): getBufferLockedCommon: Stream 0: Can't dequeue next output buffer: Broken pipe (-32)
05-16 13:00:29.118 E/Camera3-Device( 1666): RequestThread: Can't get output buffer, skipping request: Broken pipe (-32)
05-16 13:00:29.118 E/Camera3-OutputStream( 1666): getBufferLockedCommon: Stream 0: Can't dequeue next output buffer: Broken pipe (-32)
05-16 13:00:29.118 E/Camera3-Device( 1666): RequestThread: Can't get output buffer, skipping request: Broken pipe (-32)
05-16 13:00:29.119 E/Camera3-OutputStream( 1666): getBufferLockedCommon: Stream 0: Can't dequeue next output buffer: Broken pipe (-32)
05-16 13:00:29.119 E/Camera3-Device( 1666): RequestThread: Can't get output buffer, skipping request: Broken pipe (-32)
05-16 13:00:29.119 E/Camera3-OutputStream( 1666): getBufferLockedCommon: Stream 0: Can't dequeue next output buffer: Broken pipe (-32)
05-16 13:00:29.119 E/Camera3-Device( 1666): RequestThread: Can't get output buffer, skipping request: Broken pipe (-32)
05-16 13:00:29.119 E/Camera3-OutputStream( 1666): getBufferLockedCommon: Stream 0: Can't dequeue next output buffer: Broken pipe (-32)
05-16 13:00:29.119 E/Camera3-Device( 1666): RequestThread: Can't get output buffer, skipping request: Broken pipe (-32)
05-16 13:00:29.119 E/Camera3-OutputStream( 1666): getBufferLockedCommon: Stream 0: Can't dequeue next output buffer: Broken pipe (-32)
05-16 13:00:29.119 E/Camera3-Device( 1666): RequestThread: Can't get output buffer, skipping request: Broken pipe (-32)
05-16 13:00:29.119 E/Camera3-OutputStream( 1666): getBufferLockedCommon: Stream 0: Can't dequeue next output buffer: Broken pipe (-32)
05-16 13:00:29.119 E/Camera3-Device( 1666): RequestThread: Can't get output buffer, skipping request: Broken pipe (-32)
05-16 13:00:29.119 E/Camera3-OutputStream( 1666): getBufferLockedCommon: Stream 0: Can't dequeue next output buffer: Broken pipe (-32)
05-16 13:00:29.119 E/Camera3-Device( 1666): RequestThread: Can't get output buffer, skipping request: Broken pipe (-32)
05-16 13:00:29.119 E/Camera3-OutputStream( 1666): getBufferLockedCommon: Stream 0: Can't dequeue next output buffer: Broken pipe (-32)
05-16 13:00:29.119 E/Camera3-Device( 1666): RequestThread: Can't get output buffer, skipping request: Broken pipe (-32)
05-16 13:00:29.119 E/Camera3-OutputStream( 1666): getBufferLockedCommon: Stream 0: Can't dequeue next output buffer: Broken pipe (-32)
05-16 13:00:29.179 W/audio_hw_generic( 1595): Hardware backing HAL too slow, could only write 0 of 720 frames
05-16 13:00:29.214 I/WindowManager( 1843): WIN DEATH: Window{cd9111d u0 com.myapp/com.myapp.MainActivity}
05-16 13:00:29.195 I/chatty  ( 1595): uid=1041(audioserver) writer identical 1 line
05-16 13:00:29.210 W/audio_hw_generic( 1595): Hardware backing HAL too slow, could only write 0 of 720 frames
05-16 13:00:29.215 W/InputDispatcher( 1843): Attempted to unregister already unregistered input channel 'cd9111d com.myapp/com.myapp.MainActivity (server)'
05-16 13:00:29.219 E/Surface ( 1666): queueBuffer: error queuing buffer to SurfaceTexture, -32
05-16 13:00:29.219 E/Camera3-OutputStream( 1666): returnBufferCheckedLocked: Stream 0: Error queueing buffer to native window: Broken pipe (-32)
05-16 13:00:29.219 E/Camera3-Device( 1666): Can't return buffer to its stream: Broken pipe (-32)
05-16 13:00:29.220 E/Surface ( 1666): queueBuffer: error queuing buffer to SurfaceTexture, -32
05-16 13:00:29.220 E/Camera3-OutputStream( 1666): returnBufferCheckedLocked: Stream 0: Error queueing buffer to native window: Broken pipe (-32)
05-16 13:00:29.221 E/Camera3-Device( 1666): Can't return buffer to its stream: Broken pipe (-32)
05-16 13:00:29.223 I/WindowManager( 1843): WIN DEATH: Window{b898d63 u0 com.myapp/com.myapp.MainActivity}
05-16 13:00:29.224 W/InputDispatcher( 1843): Attempted to unregister already unregistered input channel 'b898d63 com.myapp/com.myapp.MainActivity (server)'
05-16 13:00:29.228 I/WindowManager( 1843): WIN DEATH: Window{ab81fa8 u0 com.myapp/com.myapp.MainActivity EXITING}
05-16 13:00:29.229 I/WindowManager( 1843): WIN DEATH: Window{6da316a u0 com.myapp/com.myapp.MainActivity}
05-16 13:00:29.229 W/InputDispatcher( 1843): Attempted to unregister already unregistered input channel '6da316a com.myapp/com.myapp.MainActivity (server)'
05-16 13:00:29.230 W/SurfaceFlinger( 1664): Attempting to set client state on removed layer: com.myapp/com.myapp.MainActivity#4
05-16 13:00:29.230 W/SurfaceFlinger( 1664): Attempting to destroy on removed layer: com.myapp/com.myapp.MainActivity#4
05-16 13:00:29.233 W/SurfaceFlinger( 1664): Attempting to set client state on removed layer: com.myapp/com.myapp.MainActivity#0
05-16 13:00:29.233 W/SurfaceFlinger( 1664): Attempting to destroy on removed layer: com.myapp/com.myapp.MainActivity#0
05-16 13:00:29.245 W/Looper  ( 1843): Slow dispatch took 139ms android.ui h=com.android.server.am.ActivityManagerService$UiHandler c=null m=53
05-16 13:00:29.248 V/Bugle   (12747): Reclaiming memory.
05-16 13:00:29.259 I/Camera3-Device( 1666): disconnect: E
05-16 13:00:29.260 I/CameraLatencyHistogram( 1666): ProcessCaptureRequest latency histogram (78) samples:
05-16 13:00:29.260 I/CameraLatencyHistogram( 1666):        40     80    120    160    200    240    280    320    360    inf (max ms)
05-16 13:00:29.260 I/CameraLatencyHistogram( 1666):      97.44   1.28   0.00   0.00   0.00   0.00   1.28   0.00   0.00   0.00 (%)
05-16 13:00:29.260 D/gralloc_ranchu( 1605): gralloc_alloc: Creating ashmem region of size 9334784
05-16 13:00:29.281 D/HostConnection( 1843): HostConnection::get() New Host Connection established 0xe04a2300, tid 6205
05-16 13:00:29.281 D/gralloc_ranchu( 1605): gralloc_alloc: Creating ashmem region of size 9334784
05-16 13:00:29.282 D/HostConnection( 1843): HostComposition ext ANDROID_EMU_CHECKSUM_HELPER_v1 ANDROID_EMU_native_sync_v2 ANDROID_EMU_native_sync_v3 ANDROID_EMU_native_sync_v4 ANDROID_EMU_dma_v1 ANDROID_EMU_YUV420_888_to_NV21 ANDROID_EMU_YUV_Cache ANDROID_EMU_async_unmap_buffer GL_OES_EGL_image_external_essl3 GL_OES_vertex_array_object GL_KHR_texture_compression_astc_ldr ANDROID_EMU_gles_max_version_3_0 
05-16 13:00:29.286 I/ConfigStore( 1843): android::hardware::configstore::V1_0::ISurfaceFlingerConfigs::hasWideColorDisplay retrieved: 0
05-16 13:00:29.286 I/ConfigStore( 1843): android::hardware::configstore::V1_0::ISurfaceFlingerConfigs::hasHDRDisplay retrieved: 0
05-16 13:00:29.286 I/OpenGLRenderer( 1843): Initialized EGL, version 1.4
05-16 13:00:29.286 D/OpenGLRenderer( 1843): Swap behavior 1
05-16 13:00:29.290 W/Camera3-OutputStream( 1666): disconnectLocked: While disconnecting stream 0 from native window, the native window died from under us
05-16 13:00:29.290 I/CameraLatencyHistogram( 1666): Stream 0 dequeueBuffer latency histogram (1380) samples:
05-16 13:00:29.290 I/CameraLatencyHistogram( 1666):         5     10     15     20     25     30     35     40     45    inf (max ms)
05-16 13:00:29.290 I/CameraLatencyHistogram( 1666):      99.64   0.29   0.00   0.07   0.00   0.00   0.00   0.00   0.00   0.00 (%)
05-16 13:00:29.290 I/Camera3-Device( 1666): disconnect: X
05-16 13:00:29.295 I/Camera3-Device( 1666): disconnect: E
05-16 13:00:29.296 W/OpenGLRenderer( 1843): Failed to choose config with EGL_SWAP_BEHAVIOR_PRESERVED, retrying without...
05-16 13:00:29.296 D/OpenGLRenderer( 1843): Swap behavior 0
05-16 13:00:29.296 I/CameraService( 1666): disconnect: Disconnected client for camera 0 for PID 14513
05-16 13:00:29.297 I/Camera2ClientBase( 1666): Closed Camera 0. Client was: com.myapp (PID 14513, UID 10093)
05-16 13:00:29.297 E/CameraService( 1666): binderDied: Java client's binder died, removing it from the list of active clients
05-16 13:00:29.298 D/gralloc_ranchu( 1605): gralloc_alloc: Creating ashmem region of size 9334784
05-16 13:00:29.300 D/eglCodecCommon( 1843): setVertexArrayObject: set vao to 0 (0) 0 0
05-16 13:00:29.300 D/EGL_emulation( 1843): eglCreateContext: 0xc6867fe0: maj 3 min 0 rcv 3
05-16 13:00:29.323 I/MemoryTrimmer( 8026): Trimming objects from memory, since app is in the background.
05-16 13:00:29.329 D/EGL_emulation( 1843): eglMakeCurrent: 0xc6867fe0: ver 3 0 (tinfo 0xcbcb5780)
05-16 13:00:29.346 D/HostConnection( 8026): HostConnection::get() New Host Connection established 0xe1da34b0, tid 8314
05-16 13:00:29.346 D/HostConnection( 8026): HostComposition ext ANDROID_EMU_CHECKSUM_HELPER_v1 ANDROID_EMU_native_sync_v2 ANDROID_EMU_native_sync_v3 ANDROID_EMU_native_sync_v4 ANDROID_EMU_dma_v1 ANDROID_EMU_YUV420_888_to_NV21 ANDROID_EMU_YUV_Cache ANDROID_EMU_async_unmap_buffer GL_OES_EGL_image_external_essl3 GL_OES_vertex_array_object GL_KHR_texture_compression_astc_ldr ANDROID_EMU_gles_max_version_3_0 
05-16 13:00:29.346 D/gralloc_ranchu( 1605): gralloc_alloc: Creating ashmem region of size 2334720
05-16 13:00:29.351 I/ConfigStore( 8026): android::hardware::configstore::V1_0::ISurfaceFlingerConfigs::hasWideColorDisplay retrieved: 0
05-16 13:00:29.351 I/ConfigStore( 8026): android::hardware::configstore::V1_0::ISurfaceFlingerConfigs::hasHDRDisplay retrieved: 0
05-16 13:00:29.351 I/OpenGLRenderer( 8026): Initialized EGL, version 1.4
05-16 13:00:29.351 D/OpenGLRenderer( 8026): Swap behavior 1
05-16 13:00:29.351 W/OpenGLRenderer( 8026): Failed to choose config with EGL_SWAP_BEHAVIOR_PRESERVED, retrying without...
05-16 13:00:29.351 D/OpenGLRenderer( 8026): Swap behavior 0
05-16 13:00:29.356 D/eglCodecCommon( 8026): setVertexArrayObject: set vao to 0 (0) 0 0
05-16 13:00:29.356 D/EGL_emulation( 8026): eglCreateContext: 0xe1d85540: maj 3 min 0 rcv 3
05-16 13:00:29.368 D/EGL_emulation( 8026): eglMakeCurrent: 0xe1d85540: ver 3 0 (tinfo 0xe1d836a0)
05-16 13:00:29.373 V/Bugle   (12747): Reclaiming memory.
05-16 13:00:29.384 W/SurfaceFlinger( 1664): Attempting to set client state on removed layer: com.myapp/com.myapp.MainActivity#1
05-16 13:00:29.384 W/SurfaceFlinger( 1664): Attempting to destroy on removed layer: com.myapp/com.myapp.MainActivity#1
05-16 13:00:29.388 D/SurfaceFlinger( 1664): duplicate layer name: changing com.google.android.apps.nexuslauncher/com.google.android.apps.nexuslauncher.NexusLauncherActivity to com.google.android.apps.nexuslauncher/com.google.android.apps.nexuslauncher.NexusLauncherActivity#1
05-16 13:00:29.388 D/gralloc_ranchu( 1605): gralloc_alloc: Creating ashmem region of size 9334784
05-16 13:00:29.391 D/gralloc_ranchu( 1605): gralloc_alloc: Creating ashmem region of size 9334784
05-16 13:00:29.406 W/SurfaceFlinger( 1664): Attempting to set client state on removed layer: com.myapp/com.myapp.MainActivity#2
05-16 13:00:29.406 W/SurfaceFlinger( 1664): Attempting to set client state on removed layer: Dim Layer for - Task=127#0
05-16 13:00:29.406 W/SurfaceFlinger( 1664): Attempting to destroy on removed layer: com.myapp/com.myapp.MainActivity#2
05-16 13:00:29.406 W/SurfaceFlinger( 1664): Attempting to destroy on removed layer: Dim Layer for - Task=127#0
05-16 13:00:29.407 D/gralloc_ranchu( 1605): gralloc_alloc: Creating ashmem region of size 9334784
05-16 13:00:29.407 W/SurfaceFlinger( 1664): Attempting to set client state on removed layer: com.myapp/com.myapp.MainActivity#3
05-16 13:00:29.407 W/SurfaceFlinger( 1664): Attempting to destroy on removed layer: com.myapp/com.myapp.MainActivity#3
05-16 13:00:29.410 W/ActivityManager( 1843): setHasOverlayUi called on unknown pid: 14513
05-16 13:00:29.420 D/gralloc_ranchu( 1605): gralloc_alloc: Creating ashmem region of size 9334784
05-16 13:00:29.431 D/EGL_emulation( 8026): eglMakeCurrent: 0xe1d85540: ver 3 0 (tinfo 0xe1d836a0)
05-16 13:00:29.436 D/EGL_emulation( 2514): eglMakeCurrent: 0xe1d85900: ver 3 0 (tinfo 0xe1d83440)
05-16 13:00:29.479 W/SurfaceFlinger( 1664): Attempting to destroy on removed layer: AppWindowToken{90b3eb0 token=Token{da2f1f3 ActivityRecord{4762c62 u0 com.myapp/.MainActivity t127}}}#0
05-16 13:00:29.479 W/SurfaceFlinger( 1664): Attempting to destroy on removed layer: Task=127#0
05-16 13:00:29.483 I/GoogleInputMethod(12328): onFinishInput() : Dummy InputConnection bound
05-16 13:00:29.483 I/GoogleInputMethod(12328): onStartInput() : Dummy InputConnection bound
05-16 13:00:29.485 D/gralloc_ranchu( 1605): gralloc_alloc: Creating ashmem region of size 9334784
05-16 13:00:29.524 W/SessionLifecycleManager( 8026): Handover failed. Creating new session controller.
05-16 13:00:29.541 D/EGL_emulation( 1965): eglMakeCurrent: 0xe04b0e20: ver 3 0 (tinfo 0xcb109320)
05-16 13:00:29.574 W/LocationOracle( 8026): No location history returned by ContextManager
05-16 13:00:29.643 D/gralloc_ranchu( 1605): gralloc_alloc: Creating ashmem region of size 9334784
05-16 13:00:29.665 I/MicroDetectionWorker( 8026): #startMicroDetector [speakerMode: 0]
05-16 13:00:29.666 I/AudioController( 8026): Using mInputStreamFactoryBuilder
05-16 13:00:29.666 I/AudioController( 8026): Created new AudioSource
05-16 13:00:29.679 D/EGL_emulation( 1965): eglMakeCurrent: 0xe04b0e20: ver 3 0 (tinfo 0xcb109320)
05-16 13:00:29.681 I/MicroDetectionWorker( 8026): onReady
05-16 13:00:29.679 W/ctxmgr  (13052): [AclManager] No 3 for (accnt=account#-517948760#, com.google.android.gms(10013):UserVelocityProducer, vrsn=201516031, 0, 3pPkg = null ,  3pMdlId = null ,  pid = 13052). Was: 3 for 1, account#-517948760# [CONTEXT service_id=47 ]
05-16 13:00:29.691 I/GnssLocationProvider( 1843): WakeLock acquired by sendMessage(SET_REQUEST, 0, com.android.server.location.GnssLocationProvider$GpsRequest@25ed0f3)
05-16 13:00:29.694 I/GnssLocationProvider( 1843): WakeLock acquired by sendMessage(REPORT_SV_STATUS, 0, com.android.server.location.GnssLocationProvider$SvStatusInfo@4fb31b0)
05-16 13:00:29.695 I/GnssLocationProvider( 1843): WakeLock acquired by sendMessage(REPORT_LOCATION, 1, Location[gps 37.421998,-122.084000 hAcc=20 et=?!? alt=5.0 vel=0.0 bear=0.0 vAcc=??? sAcc=??? bAcc=???])
05-16 13:00:29.695 D/EGL_emulation( 1965): eglMakeCurrent: 0xe04b0e20: ver 3 0 (tinfo 0xcb109320)
05-16 13:00:29.696 I/GnssLocationProvider( 1843): WakeLock released by handleMessage(SET_REQUEST, 0, com.android.server.location.GnssLocationProvider$GpsRequest@25ed0f3)
05-16 13:00:29.696 I/GnssLocationProvider( 1843): WakeLock released by handleMessage(REPORT_SV_STATUS, 0, com.android.server.location.GnssLocationProvider$SvStatusInfo@4fb31b0)
05-16 13:00:29.699 I/GnssLocationProvider( 1843): WakeLock released by handleMessage(REPORT_LOCATION, 1, Location[gps 37.421998,-122.084000 hAcc=20 et=+1d15h14m25s613ms alt=5.0 vel=0.0 bear=0.0 vAcc=??? sAcc=??? bAcc=??? {Bundle[{satellites=0, maxCn0=0, meanCn0=0}]}])
05-16 13:00:29.701 I/GnssLocationProvider( 1843): WakeLock acquired by sendMessage(REPORT_SV_STATUS, 0, com.android.server.location.GnssLocationProvider$SvStatusInfo@637f829)
05-16 13:00:29.702 D/EGL_emulation( 1965): eglMakeCurrent: 0xe04b0e20: ver 3 0 (tinfo 0xcb109320)
05-16 13:00:29.705 D/EGL_emulation( 1965): eglMakeCurrent: 0xe04b0e20: ver 3 0 (tinfo 0xcb109320)
05-16 13:00:29.730 I/Places  (13052): Converted 0 out of 1 WiFi scans
05-16 13:00:29.733 I/GnssLocationProvider( 1843): WakeLock released by handleMessage(REPORT_SV_STATUS, 0, com.android.server.location.GnssLocationProvider$SvStatusInfo@637f829)
05-16 13:00:29.749 I/GnssLocationProvider( 1843): WakeLock acquired by sendMessage(REPORT_SV_STATUS, 0, com.android.server.location.GnssLocationProvider$SvStatusInfo@2d9b8dc)
05-16 13:00:29.752 I/GnssLocationProvider( 1843): WakeLock released by handleMessage(REPORT_SV_STATUS, 0, com.android.server.location.GnssLocationProvider$SvStatusInfo@2d9b8dc)
05-16 13:00:29.808 I/PlaceInferenceEngine(13052): No beacon scan available - ignoring candidates.
05-16 13:00:29.817 I/MicroRecognitionRunner( 8026): Starting detection.
05-16 13:00:29.818 I/MicrophoneInputStream( 8026): mic_starting  SR : 16000 CC : 16 SO : 6
05-16 13:00:29.820 E/        ( 1613): Request requires android.permission.RECORD_AUDIO
05-16 13:00:29.820 E/AudioPolicyIntefaceImpl( 1613): getInputForAttr permission denied: recording not allowed for uid 10041 pid 8026
05-16 13:00:29.820 E/AudioFlinger( 1613): createRecord() checkRecordThread_l failed
05-16 13:00:29.820 E/IAudioFlinger( 8026): createRecord returned error -22
05-16 13:00:29.820 E/AudioRecord( 8026): AudioFlinger could not create record track, status: -22
05-16 13:00:29.821 E/AudioRecord-JNI( 8026): Error creating AudioRecord instance: initialization check failed with status -22.
05-16 13:00:29.824 E/android.media.AudioRecord( 8026): Error code -20 when initializing native AudioRecord object.
05-16 13:00:29.824 I/MicrophoneInputStream( 8026): mic_started  SR : 16000 CC : 16 SO : 6
05-16 13:00:29.824 E/ActivityThread( 8026): Failed to find provider info for com.google.android.apps.gsa.testing.ui.audio.recorded
05-16 13:00:29.824 W/SpeechLevelGenerator( 8026): Really low audio levels detected. The audio input may have issues.
05-16 13:00:29.825 I/MicroDetectionWorker( 8026): onReady
05-16 13:00:29.826 I/MicrophoneInputStream( 8026): mic_close  SR : 16000 CC : 16 SO : 6
05-16 13:00:29.827 I/MicroRecognitionRunner( 8026): Detection finished
05-16 13:00:29.827 W/ErrorReporter( 8026): reportError [type: 211, code: 524300]: Error reading from input stream
05-16 13:00:29.828 I/earchbox:searc( 8026): Background concurrent copying GC freed 14504(820KB) AllocSpace objects, 1(92KB) LOS objects, 46% free, 6MB/12MB, paused 6.612ms total 140.408ms
05-16 13:00:29.830 I/MicroRecognitionRunner( 8026): Stopping hotword detection.
05-16 13:00:29.830 W/ErrorProcessor( 8026): onFatalError, processing error from engine(4)
05-16 13:00:29.830 W/ErrorProcessor( 8026): com.google.android.apps.gsa.shared.speech.b.g: Error reading from input stream
05-16 13:00:29.830 W/ErrorProcessor( 8026): 	at com.google.android.apps.gsa.staticplugins.microdetection.d.k.a(SourceFile:91)
05-16 13:00:29.830 W/ErrorProcessor( 8026): 	at com.google.android.apps.gsa.staticplugins.microdetection.d.l.run(Unknown Source:14)
05-16 13:00:29.830 W/ErrorProcessor( 8026): 	at com.google.android.libraries.gsa.runner.a.a.b(SourceFile:32)
05-16 13:00:29.830 W/ErrorProcessor( 8026): 	at com.google.android.libraries.gsa.runner.a.c.call(Unknown Source:4)
05-16 13:00:29.830 W/ErrorProcessor( 8026): 	at java.util.concurrent.FutureTask.run(FutureTask.java:266)
05-16 13:00:29.830 W/ErrorProcessor( 8026): 	at java.util.concurrent.Executors$RunnableAdapter.call(Executors.java:458)
05-16 13:00:29.830 W/ErrorProcessor( 8026): 	at java.util.concurrent.FutureTask.run(FutureTask.java:266)
05-16 13:00:29.830 W/ErrorProcessor( 8026): 	at com.google.android.apps.gsa.shared.util.concurrent.b.g.run(Unknown Source:4)
05-16 13:00:29.830 W/ErrorProcessor( 8026): 	at com.google.android.apps.gsa.shared.util.concurrent.b.aw.run(SourceFile:4)
