--------- beginning of main
05-16 13:00:06.743 I/GnssLocationProvider( 1843): WakeLock acquired by sendMessage(REPORT_SV_STATUS, 0, com.android.server.location.GnssLocationProvider$SvStatusInfo@d0bc282)
05-16 13:00:06.743 I/GnssLocationProvider( 1843): WakeLock released by handleMessage(REPORT_SV_STATUS, 0, com.android.server.location.GnssLocationProvider$SvStatusInfo@d0bc282)
05-16 13:00:07.744 I/GnssLocationProvider( 1843): WakeLock acquired by sendMessage(REPORT_SV_STATUS, 0, com.android.server.location.GnssLocationProvider$SvStatusInfo@5d19d93)
05-16 13:00:07.745 I/GnssLocationProvider( 1843): WakeLock released by handleMessage(REPORT_SV_STATUS, 0, com.android.server.location.GnssLocationProvider$SvStatusInfo@5d19d93)
05-16 13:00:08.742 I/GnssLocationProvider( 1843): WakeLock acquired by sendMessage(REPORT_SV_STATUS, 0, com.android.server.location.GnssLocationProvider$SvStatusInfo@af511d0)
05-16 13:00:08.743 I/GnssLocationProvider( 1843): WakeLock released by handleMessage(REPORT_SV_STATUS, 0, com.android.server.location.GnssLocationProvider$SvStatusInfo@af511d0)
05-16 13:00:09.742 I/GnssLocationProvider( 1843): WakeLock acquired by sendMessage(REPORT_SV_STATUS, 0, com.android.server.location.GnssLocationProvider$SvStatusInfo@ca625c9)
05-16 13:00:09.742 I/GnssLocationProvider( 1843): WakeLock released by handleMessage(REPORT_SV_STATUS, 0, com.android.server.location.GnssLocationProvider$SvStatusInfo@ca625c9)
05-16 13:00:10.742 I/GnssLocationProvider( 1843): WakeLock acquired by sendMessage(REPORT_SV_STATUS, 0, com.android.server.location.GnssLocationProvider$SvStatusInfo@4b784ce)
05-16 13:00:10.742 I/GnssLocationProvider( 1843): WakeLock released by handleMessage(REPORT_SV_STATUS, 0, com.android.server.location.GnssLocationProvider$SvStatusInfo@4b784ce)
05-16 13:00:11.742 I/GnssLocationProvider( 1843): WakeLock acquired by sendMessage(REPORT_SV_STATUS, 0, com.android.server.location.GnssLocationProvider$SvStatusInfo@1ee7fef)
05-16 13:00:11.743 I/GnssLocationProvider( 1843): WakeLock released by handleMessage(REPORT_SV_STATUS, 0, com.android.server.location.GnssLocationProvider$SvStatusInfo@1ee7fef)
05-16 13:00:12.742 I/GnssLocationProvider( 1843): WakeLock acquired by sendMessage(REPORT_SV_STATUS, 0, com.android.server.location.GnssLocationProvider$SvStatusInfo@f617afc)
05-16 13:00:12.743 I/GnssLocationProvider( 1843): WakeLock released by handleMessage(REPORT_SV_STATUS, 0, com.android.server.location.GnssLocationProvider$SvStatusInfo@f617afc)
05-16 13:00:13.742 I/GnssLocationProvider( 1843): WakeLock acquired by sendMessage(REPORT_SV_STATUS, 0, com.android.server.location.GnssLocationProvider$SvStatusInfo@ae25585)
05-16 13:00:13.743 I/GnssLocationProvider( 1843): WakeLock released by handleMessage(REPORT_SV_STATUS, 0, com.android.server.location.GnssLocationProvider$SvStatusInfo@ae25585)
05-16 13:00:14.729 W/audio_hw_generic( 1595): Not supplying enough data to HAL, expected position 267968237 , only wrote 267968160
05-16 13:00:14.743 I/GnssLocationProvider( 1843): WakeLock acquired by sendMessage(REPORT_SV_STATUS, 0, com.android.server.location.GnssLocationProvider$SvStatusInfo@24b1fda)
05-16 13:00:14.743 I/GnssLocationProvider( 1843): WakeLock released by handleMessage(REPORT_SV_STATUS, 0, com.android.server.location.GnssLocationProvider$SvStatusInfo@24b1fda)
05-16 13:00:14.774 I/ReactNativeJS(14513): { localStream: null, remoteStream: null }
05-16 13:00:14.848 E/com.myapp(14513): No package ID ff found for ID 0xffffffff.
05-16 13:00:14.863 W/com.myapp(14513): Accessing hidden field Landroid/widget/HorizontalScrollView;->mScroller:Landroid/widget/OverScroller; (light greylist, reflection)
05-16 13:00:14.888 E/ReactNativeJS(14513): ReferenceError: Can't find variable: ayylmao
05-16 13:00:14.888 E/ReactNativeJS(14513): 
05-16 13:00:14.888 E/ReactNativeJS(14513): This error is located at:
05-16 13:00:14.888 E/ReactNativeJS(14513):     in VideoDef (created by SceneView)
05-16 13:00:14.888 E/ReactNativeJS(14513):     in SceneView (created by CardContainer)
05-16 13:00:14.888 E/ReactNativeJS(14513):     in RCTView (created by CardContainer)
05-16 13:00:14.888 E/ReactNativeJS(14513):     in RCTView (created by CardContainer)
05-16 13:00:14.888 E/ReactNativeJS(14513):     in RCTView (created by ForwardRef(CardSheet))
05-16 13:00:14.888 E/ReactNativeJS(14513):     in ForwardRef(CardSheet) (created by Card)
05-16 13:00:14.888 E/ReactNativeJS(14513):     in RCTView (at createAnimatedComponent.js:151)
05-16 13:00:14.888 E/ReactNativeJS(14513):     in AnimatedComponent (created by PanGestureHandler)
05-16 13:00:14.888 E/ReactNativeJS(14513):     in PanGestureHandler (created by PanGestureHandler)
05-16 13:00:14.888 E/ReactNativeJS(14513):     in PanGestureHandler (created by Card)
05-16 13:00:14.888 E/ReactNativeJS(14513):     in RCTView (at createAnimatedComponent.js:151)
05-16 13:00:14.888 E/ReactNativeJS(14513):     in AnimatedComponent (created by Card)
05-16 13:00:14.888 E/ReactNativeJS(14513):     in RCTView (created by Card)
05-16 13:00:14.888 E/ReactNativeJS(14513):     in Card (created by CardContainer)
05-16 13:00:14.888 E/ReactNativeJS(14513):     in CardContainer (created by CardStack)
05-16 13:00:14.888 E/ReactNativeJS(14513):     in RCTView (created by MaybeScreen)
05-16 13:00:14.888 E/ReactNativeJS(14513):     in MaybeScreen (created by CardStack)
05-16 13:00:14.888 E/ReactNativeJS(14513):     in RCTView (created by MaybeScreenContainer)
05-16 13:00:14.888 E/ReactNativeJS(14513):     in MaybeScreenContainer (created by CardStack)
05-16 13:00:14.888 E/ReactNativeJS(14513):     in CardStack (created by KeyboardManager)
05-16 13:00:14.888 E/ReactNativeJS(14513):     in KeyboardManager (created by Context.Consumer)
05-16 13:00:14.888 E/ReactNativeJS(14513):     in RNCSafeAreaView (at src/index.tsx:28)
05-16 13:00:14.888 E/ReactNativeJS(14513):     in SafeAreaProvider (created by Context.Consumer)
05-16 13:00:14.888 E/ReactNativeJS(14513):     in SafeAreaProviderCompat (created by StackView)
05-16 13:00:14.888 E/ReactNativeJS(14513):     in GestureHandlerRootView (at GestureHandlerRootView.android.js:31)
05-16 13:00:14.888 E/ReactNativeJS(14513):     in GestureHandlerRootView (created by StackView)
05-16 13:00:14.888 E/ReactNativeJS(14513):     in StackView (created by StackView)
05-16 13:00:14.888 E/ReactNativeJS(14513):     in StackView
05-16 13:00:14.888 E/ReactNativeJS(14513):     in Unknown (created by Navigator)
05-16 13:00:14.888 E/ReactNativeJS(14513):     in Navigator (created by SceneView)
05-16 13:00:14.888 E/ReactNativeJS(14513):     in SceneView (created by SwitchView)
05-16 13:00:14.888 E/ReactNativeJS(14513):     in SwitchView (created by Navigator)
05-16 13:00:14.888 E/ReactNativeJS(14513):     in Navigator (created by NavigationContainer)
05-16 13:00:14.888 E/ReactNativeJS(14513):     in NavigationContainer (at renderApplication.js:40)
05-16 13:00:14.888 E/ReactNativeJS(14513):     in RCTView (at AppContainer.js:101)
05-16 13:00:14.888 E/ReactNativeJS(14513):     in RCTView (at AppContainer.js:119)
05-16 13:00:14.888 E/ReactNativeJS(14513):     in AppContainer (at renderApplication.js:39)
05-16 13:00:14.921 E/ReactNativeJS(14513): ReferenceError: Can't find variable: ayylmao
05-16 13:00:14.921 E/ReactNativeJS(14513): 
05-16 13:00:14.921 E/ReactNativeJS(14513): This error is located at:
05-16 13:00:14.921 E/ReactNativeJS(14513):     in NavigationContainer (at renderApplication.js:40)
05-16 13:00:14.921 E/ReactNativeJS(14513):     in RCTView (at AppContainer.js:101)
05-16 13:00:14.921 E/ReactNativeJS(14513):     in RCTView (at AppContainer.js:119)
05-16 13:00:14.921 E/ReactNativeJS(14513):     in AppContainer (at renderApplication.js:39)
05-16 13:00:14.942 E/ReactNativeJS(14513): ReferenceError: Can't find variable: ayylmao
05-16 13:00:14.942 E/ReactNativeJS(14513): 
05-16 13:00:14.942 E/ReactNativeJS(14513): This error is located at:
05-16 13:00:14.942 E/ReactNativeJS(14513):     in NavigationContainer (at renderApplication.js:40)
05-16 13:00:14.942 E/ReactNativeJS(14513):     in RCTView (at AppContainer.js:101)
05-16 13:00:14.942 E/ReactNativeJS(14513):     in RCTView (at AppContainer.js:119)
05-16 13:00:14.942 E/ReactNativeJS(14513):     in AppContainer (at renderApplication.js:39)
05-16 13:00:14.945 D/SurfaceFlinger( 1664): duplicate layer name: changing com.myapp/com.myapp.MainActivity to com.myapp/com.myapp.MainActivity#1
05-16 13:00:14.948 D/gralloc_ranchu( 1605): gralloc_alloc: Creating ashmem region of size 9334784
05-16 13:00:14.967 D/gralloc_ranchu( 1605): gralloc_alloc: Creating ashmem region of size 9334784
05-16 13:00:14.975 D/gralloc_ranchu( 1605): gralloc_alloc: Creating ashmem region of size 9334784
05-16 13:00:15.013 I/GoogleInputMethod(12328): onFinishInput() : Dummy InputConnection bound
05-16 13:00:15.013 I/GoogleInputMethod(12328): onStartInput() : Dummy InputConnection bound
05-16 13:00:15.057 D/EGL_emulation(14513): eglMakeCurrent: 0xe1d85a80: ver 3 0 (tinfo 0xe1d83520)
05-16 13:00:15.079 I/chatty  (14513): uid=10093(com.myapp) RenderThread identical 1 line
05-16 13:00:15.108 D/EGL_emulation(14513): eglMakeCurrent: 0xe1d85a80: ver 3 0 (tinfo 0xe1d83520)
05-16 13:00:15.743 I/GnssLocationProvider( 1843): WakeLock acquired by sendMessage(REPORT_SV_STATUS, 0, com.android.server.location.GnssLocationProvider$SvStatusInfo@ebdd032)
05-16 13:00:15.743 I/GnssLocationProvider( 1843): WakeLock released by handleMessage(REPORT_SV_STATUS, 0, com.android.server.location.GnssLocationProvider$SvStatusInfo@ebdd032)
--------- beginning of system
05-16 13:00:16.007 W/WindowManager( 1843): removeWindowToken: Attempted to remove non-existing token: android.os.Binder@a7e9c
05-16 13:00:16.745 I/GnssLocationProvider( 1843): WakeLock acquired by sendMessage(REPORT_SV_STATUS, 0, com.android.server.location.GnssLocationProvider$SvStatusInfo@4ed1183)
05-16 13:00:16.746 I/GnssLocationProvider( 1843): WakeLock released by handleMessage(REPORT_SV_STATUS, 0, com.android.server.location.GnssLocationProvider$SvStatusInfo@4ed1183)
05-16 13:00:17.744 I/GnssLocationProvider( 1843): WakeLock acquired by sendMessage(REPORT_SV_STATUS, 0, com.android.server.location.GnssLocationProvider$SvStatusInfo@2988f00)
05-16 13:00:17.744 I/GnssLocationProvider( 1843): WakeLock released by handleMessage(REPORT_SV_STATUS, 0, com.android.server.location.GnssLocationProvider$SvStatusInfo@2988f00)
05-16 13:00:17.774 E/storaged( 1677): getDiskStats failed with result NOT_SUPPORTED and size 0
05-16 13:00:17.941 W/audio_hw_generic( 1595): Not supplying enough data to HAL, expected position 268274515 , only wrote 268122240
05-16 13:00:18.743 I/GnssLocationProvider( 1843): WakeLock acquired by sendMessage(REPORT_SV_STATUS, 0, com.android.server.location.GnssLocationProvider$SvStatusInfo@871339)
05-16 13:00:18.744 I/GnssLocationProvider( 1843): WakeLock released by handleMessage(REPORT_SV_STATUS, 0, com.android.server.location.GnssLocationProvider$SvStatusInfo@871339)
05-16 13:00:19.584 W/unknown:ReactNative(14513): Calling JS function after bridge has been destroyed: RCTDeviceEventEmitter.emit(["websocketMessage",{"data":"{\"type\":\"update-start\",\"body\":{\"isInitialUpdate\":false}}","type":"text","id":1}])
05-16 13:00:19.597 W/unknown:ReactNative(14513): Calling JS function after bridge has been destroyed: RCTDeviceEventEmitter.emit(["websocketMessage",{"data":"{\"type\":\"update\",\"body\":{\"revisionId\":\"ca3c6075a918480b\",\"isInitialUpdate\":false,\"added\":[{\"module\":[1014,\"__d(function (global, _$$_REQUIRE, _$$_IMPORT_DEFAULT, _$$_IMPORT_ALL, module, exports, _dependencyMap) {\\n  var _interopRequireWildcard = _$$_REQUIRE(_dependencyMap[0], \\\"@babel/runtime/helpers/interopRequireWildcard\\\");\\n\\n  var _interopRequireDefault = _$$_REQUIRE(_dependencyMap[1], \\\"@babel/runtime/helpers/interopRequireDefault\\\");\\n\\n  Object.defineProperty(exports, \\\"__esModule\\\", {\\n    value: true\\n  });\\n  exports.default = void 0;\\n\\n  var _classCallCheck2 = _interopRequireDefault(_$$_REQUIRE(_dependencyMap[2], \\\"@babel/runtime/helpers/classCallCheck\\\"));\\n\\n  var _createClass2 = _interopRequireDefault(_$$_REQUIRE(_dependencyMap[3], \\\"@babel/runtime/helpers/createClass\\\"));\\n\\n  var firebase = _interopRequireWildcard(_$$_REQUIRE(_dependencyMap[4], \\\"firebase\\\"));\\n\\n  var db = firebase.database();\\n\\n  var firebaseConn = function () {\\n    function firebaseConn() {\\n      (0, _classCallCheck2.default)(this, firebaseConn);\\n    }\\n\\n    (0, _createClass2.default)(firebaseConn, [{\\n      key: \\\"getCurrentUserId\\\",\\n      value: function getCurrentUserId() {\\n        return firebase.auth().currentUser.uid;\\n      }\\n    }, {\\n      key: \\\"getUserIdByDisplayname\\\",\\n      value: function getUserIdByDisplayname(displayname, callback) {\\n        db.ref(\\\"users\\\").orderByChild(\\\"displayname\\\").equalTo(displayname).once('value').then(function (snapshot) {\\n          var important;\\n\\n          for (var prop in snapshot.val()) {\\n            important = prop;\\n          }\\n\\n          callback(important);\\n        });\\n      }\\n    }, {\\n      key: \\\"hacerLlamadaIndividual\\\",\\n      value: function hacerLlamadaIndividual(llamadoId, payload) {}\\n    }]);\\n    return firebaseConn;\\n  }();\\n\\n  exports.default = firebaseConn;\\n},1014,[9,1,26,27,928],\\\"Services\\\\\\\\firebase.js\\\",{\\\"0\\\":[],\\\"448\\\":[0],\\\"937\\\":[448],\\\"984\\\":[448,937],\\\"1014\\\":[984]});\\n//# sourceMappingURL=http://10.0.2.2:8081/Services\\\\firebase.map?platform=android&dev=true&minify=false&modulesOnly=true&runModule=false&shallow=true\\n//# sourceURL=http://10.0.2.2:8081/Services\\\\firebase.bundle?platform=android&dev=true&minify=false&modulesOnly=true&runModule=false&shallow=true\\n\"],\"sourceMappingURL\":\"http://10.0.2.2:8081/Services\\\\firebase.map?platform=android&dev=true&minify=false&modulesOnly=true&runModule=false&shallow=true\",\"sourceURL\":\"http://10.0.2.2:8081/Services\\\\firebase.bundle?platform=android&dev=true&minify=false&modulesOnly=true&runModule=false&shallow=true\"}],\"modified\":[{\"module\":[984,\"__d(function (global, _$$_REQUIRE, _$$_IMPORT_DEFAULT, _$$_IMPORT_ALL, module, exports, _dependencyMap) {\\n  var _interopRequireDefault = _$$_REQUIRE(_dependencyMap[0], \\\"@babel/runtime/helpers/interopRequireDefault\\\");\\n\\n  var _interopRequireWildcard = _$$_REQUIRE(_dependencyMap[1], \\\"@babel/runtime/helpers/interopRequireWildcard\\\");\\n\\n  Object.defineProperty(exports, \\\"__esModule\\\", {\\n    value: true\\n  });\\n  exports.default = void 0;\\n\\n  var _regenerator = _interopRequireDefault(_$$_REQUIRE(_dependencyMap[2], \\\"@babel/runtime/regenerator\\\"));\\n\\n  var _classCallCheck2 = _interopRequireDefault(_$$_REQUIRE(_dependencyMap[3], \\\"@babel/runtime/helpers/classCallCheck\\\"));\\n\\n  var _createClass2 = _interopRequireDefault(_$$_REQUIRE(_dependencyMap[4], \\\"@babel/runtime/helpers/createClass\\\"));\\n\\n  var _inherits2 = _interopRequireDefault(_$$_REQUIRE(_dependencyMap[5], \\\"@babel/runtime/helpers/inherits\\\"));\\n\\n  var _possibleConstructorReturn2 = _interopRequireDefault(_$$_REQUIRE(_dependencyMap[6], \\\"@babel/runtime/helpers/possibleConstructorReturn\\\"));\\n\\n  var _getPrototypeOf2 = _interopRequ
05-16 13:00:19.599 W/unknown:ReactNative(14513): Calling JS function after bridge has been destroyed: RCTDeviceEventEmitter.emit(["websocketMessage",{"data":"{\"type\":\"update-done\"}","type":"text","id":1}])
05-16 13:00:19.599 E/memtrack( 1843): Couldn't load memtrack module
05-16 13:00:19.599 W/android.os.Debug( 1843): failed to get memory consumption info: -1
05-16 13:00:19.613 D/gralloc_ranchu( 1605): gralloc_alloc: Creating ashmem region of size 192512
05-16 13:00:19.627 I/chatty  ( 1605): uid=1000(system) HwBinder:1605_2 identical 1 line
05-16 13:00:19.629 D/gralloc_ranchu( 1605): gralloc_alloc: Creating ashmem region of size 192512
05-16 13:00:19.636 D/EGL_emulation(14513): eglMakeCurrent: 0xe1d85a80: ver 3 0 (tinfo 0xe1d83520)
05-16 13:00:19.650 I/GoogleInputMethod(12328): onFinishInput() : Dummy InputConnection bound
05-16 13:00:19.650 I/GoogleInputMethod(12328): onStartInput() : Dummy InputConnection bound
05-16 13:00:19.739 I/ReactNativeJS(14513): setting style to icon
05-16 13:00:19.740 I/chatty  (14513): uid=10093(com.myapp) mqt_js identical 2 lines
05-16 13:00:19.740 I/ReactNativeJS(14513): setting style to icon
05-16 13:00:19.744 I/GnssLocationProvider( 1843): WakeLock acquired by sendMessage(REPORT_SV_STATUS, 0, com.android.server.location.GnssLocationProvider$SvStatusInfo@b023c4)
05-16 13:00:19.744 I/GnssLocationProvider( 1843): WakeLock released by handleMessage(REPORT_SV_STATUS, 0, com.android.server.location.GnssLocationProvider$SvStatusInfo@b023c4)
05-16 13:00:19.873 W/SurfaceFlinger( 1664): Attempting to set client state on removed layer: com.myapp/com.myapp.MainActivity#1
05-16 13:00:19.873 W/SurfaceFlinger( 1664): Attempting to destroy on removed layer: com.myapp/com.myapp.MainActivity#1
05-16 13:00:20.415 I/ReactNative(14513): [GESTURE HANDLER] Gesture handler is already enabled for a parent view
05-16 13:00:20.481 D/EGL_emulation(14513): eglMakeCurrent: 0xe1d85a80: ver 3 0 (tinfo 0xe1d83520)
05-16 13:00:20.498 W/unknown:WrappingUtils(14513): Don't know how to round that drawable: com.facebook.fresco.animation.drawable.AnimatedDrawable2@5f4bcc3
05-16 13:00:20.500 W/unknown:WrappingUtils(14513): Don't know how to round that drawable: com.facebook.fresco.animation.drawable.AnimatedDrawable2@c89f940
05-16 13:00:20.505 W/unknown:WrappingUtils(14513): Don't know how to round that drawable: com.facebook.fresco.animation.drawable.AnimatedDrawable2@830d079
05-16 13:00:20.507 W/unknown:WrappingUtils(14513): Don't know how to round that drawable: com.facebook.fresco.animation.drawable.AnimatedDrawable2@2e3d1be
05-16 13:00:20.508 W/unknown:WrappingUtils(14513): Don't know how to round that drawable: com.facebook.fresco.animation.drawable.AnimatedDrawable2@bdc621f
05-16 13:00:20.642 I/com.myapp(14513): NativeAlloc concurrent copying GC freed 32695(1433KB) AllocSpace objects, 14(732KB) LOS objects, 49% free, 4MB/9MB, paused 321us total 114.558ms
05-16 13:00:20.744 I/GnssLocationProvider( 1843): WakeLock acquired by sendMessage(REPORT_SV_STATUS, 0, com.android.server.location.GnssLocationProvider$SvStatusInfo@4856173)
05-16 13:00:20.744 I/GnssLocationProvider( 1843): WakeLock released by handleMessage(REPORT_SV_STATUS, 0, com.android.server.location.GnssLocationProvider$SvStatusInfo@4856173)
05-16 13:00:21.606 W/NotificationService( 1843): Toast already killed. pkg=com.myapp callback=android.app.ITransientNotification$Stub$Proxy@bf63ca9
05-16 13:00:21.746 I/GnssLocationProvider( 1843): WakeLock acquired by sendMessage(REPORT_SV_STATUS, 0, com.android.server.location.GnssLocationProvider$SvStatusInfo@14aa1cf)
05-16 13:00:21.746 I/GnssLocationProvider( 1843): WakeLock released by handleMessage(REPORT_SV_STATUS, 0, com.android.server.location.GnssLocationProvider$SvStatusInfo@14aa1cf)
05-16 13:00:22.134 W/SurfaceFlinger( 1664): Attempting to destroy on removed layer: 33ca9f5 Toast#0
05-16 13:00:22.745 I/GnssLocationProvider( 1843): WakeLock acquired by sendMessage(REPORT_SV_STATUS, 0, com.android.server.location.GnssLocationProvider$SvStatusInfo@3ccfa65)
05-16 13:00:22.746 I/GnssLocationProvider( 1843): WakeLock released by handleMessage(REPORT_SV_STATUS, 0, com.android.server.location.GnssLocationProvider$SvStatusInfo@3ccfa65)
05-16 13:00:22.834 W/GmsLocationProvider( 8026): Error removing location updates: 16
05-16 13:00:23.104 W/WindowManager( 1843): Unable to start animation, surface is null or no children.
05-16 13:00:23.745 I/GnssLocationProvider( 1843): WakeLock acquired by sendMessage(REPORT_SV_STATUS, 0, com.android.server.location.GnssLocationProvider$SvStatusInfo@f798beb)
05-16 13:00:23.746 I/GnssLocationProvider( 1843): WakeLock released by handleMessage(REPORT_SV_STATUS, 0, com.android.server.location.GnssLocationProvider$SvStatusInfo@f798beb)
05-16 13:00:24.759 I/GnssLocationProvider( 1843): WakeLock acquired by sendMessage(REPORT_SV_STATUS, 0, com.android.server.location.GnssLocationProvider$SvStatusInfo@2245d48)
05-16 13:00:24.760 I/GnssLocationProvider( 1843): WakeLock released by handleMessage(REPORT_SV_STATUS, 0, com.android.server.location.GnssLocationProvider$SvStatusInfo@2245d48)
05-16 13:00:25.412 W/audio_hw_generic( 1595): Not supplying enough data to HAL, expected position 268122634 , only wrote 268122240
05-16 13:00:25.431 I/ReactNativeJS(14513): { localStream: null, remoteStream: null }
05-16 13:00:25.514 E/com.myapp(14513): No package ID ff found for ID 0xffffffff.
05-16 13:00:25.573 I/ReactNativeJS(14513): llamador FUERA: undefined
05-16 13:00:25.744 I/ReactNativeJS(14513): [ { kind: 'videoinput',
05-16 13:00:25.744 I/ReactNativeJS(14513):     label: '0',
05-16 13:00:25.744 I/ReactNativeJS(14513):     groupId: '',
05-16 13:00:25.744 I/ReactNativeJS(14513):     deviceId: '0',
05-16 13:00:25.744 I/ReactNativeJS(14513):     facing: 'environment' },
05-16 13:00:25.744 I/ReactNativeJS(14513):   { kind: 'videoinput',
05-16 13:00:25.744 I/ReactNativeJS(14513):     label: '1',
05-16 13:00:25.744 I/ReactNativeJS(14513):     groupId: '',
05-16 13:00:25.744 I/ReactNativeJS(14513):     deviceId: '1',
05-16 13:00:25.744 I/ReactNativeJS(14513):     facing: 'front' },
05-16 13:00:25.744 I/ReactNativeJS(14513):   { kind: 'audioinput',
05-16 13:00:25.744 I/ReactNativeJS(14513):     label: 'Audio',
05-16 13:00:25.744 I/ReactNativeJS(14513):     groupId: '',
05-16 13:00:25.744 I/ReactNativeJS(14513):     deviceId: 'audio-1' } ]
05-16 13:00:25.745 I/GnssLocationProvider( 1843): WakeLock acquired by sendMessage(REPORT_SV_STATUS, 0, com.android.server.location.GnssLocationProvider$SvStatusInfo@b97d7e1)
05-16 13:00:25.746 I/GnssLocationProvider( 1843): WakeLock released by handleMessage(REPORT_SV_STATUS, 0, com.android.server.location.GnssLocationProvider$SvStatusInfo@b97d7e1)
05-16 13:00:25.747 D/com.oney.WebRTCModule.WebRTCModule(14513): peerConnectionSetLocalDescription() start
05-16 13:00:25.751 I/org.webrtc.Logging(14513): EglRenderer: setLayoutAspectRatio: 0.5973451
05-16 13:00:25.766 D/com.oney.WebRTCModule.WebRTCModule(14513): peerConnectionSetLocalDescription() end
05-16 13:00:25.781 I/org.webrtc.Logging(14513): SurfaceEglRenderer: : surfaceChanged: format: 4 size: 270x452
05-16 13:00:25.827 I/ReactNativeJS(14513): llamador: {"ofertaa":{"infoUser":"adriangc24","offer":{"sdp":"v=0\r\no=- 4887434350827882997 2 IN IP4 127.0.0.1\r\ns=-\r\nt=0 0\r\na=msid-semantic: WMS\r\n","type":"offer"}}}
05-16 13:00:25.827 I/ReactNativeJS(14513): ESTOESUNPUTOBUG 1
05-16 13:00:25.836 I/ReactNativeJS(14513): estas respondiendo a: {"ofertaa":{"infoUser":"adriangc24","offer":{"sdp":"v=0\r\no=- 4887434350827882997 2 IN IP4 127.0.0.1\r\ns=-\r\nt=0 0\r\na=msid-semantic: WMS\r\n","type":"offer"}}}
05-16 13:00:25.846 I/ReactNativeJS(14513): llamador: {"ofertaa":{"infoUser":"adriangc24","offer":{"sdp":"v=0\r\no=- 905979290184817607 2 IN IP4 127.0.0.1\r\ns=-\r\nt=0 0\r\na=msid-semantic: WMS\r\n","type":"offer"}}}
05-16 13:00:25.846 I/ReactNativeJS(14513): ESTOESUNPUTOBUG 2
05-16 13:00:25.857 I/ReactNativeJS(14513): estas respondiendo a: {"ofertaa":{"infoUser":"adriangc24","offer":{"sdp":"v=0\r\no=- 905979290184817607 2 IN IP4 127.0.0.1\r\ns=-\r\nt=0 0\r\na=msid-semantic: WMS\r\n","type":"offer"}}}
05-16 13:00:25.867 I/com.myapp(14513): NativeAlloc concurrent copying GC freed 3589(260KB) AllocSpace objects, 0(0B) LOS objects, 49% free, 4MB/8MB, paused 291us total 144.551ms
05-16 13:00:25.880 I/ReactNativeJS(14513): llamador: {"ofertaa":{"infoUser":"adriangc24","offer":{"sdp":"v=0\r\no=- 8421722254162493483 2 IN IP4 127.0.0.1\r\ns=-\r\nt=0 0\r\na=msid-semantic: WMS\r\n","type":"offer"}}}
05-16 13:00:25.880 I/ReactNativeJS(14513): ESTOESUNPUTOBUG 3
05-16 13:00:25.886 I/ReactNativeJS(14513): estas respondiendo a: {"ofertaa":{"infoUser":"adriangc24","offer":{"sdp":"v=0\r\no=- 8421722254162493483 2 IN IP4 127.0.0.1\r\ns=-\r\nt=0 0\r\na=msid-semantic: WMS\r\n","type":"offer"}}}
05-16 13:00:25.915 I/ReactNativeJS(14513): enviando oferta a NrZNsYd2eKXQDBHqwxRPMBoy4Zb2
05-16 13:00:25.944 I/ReactNativeJS(14513): oferta enviada a: adriangc24
05-16 13:00:26.007 D/com.oney.WebRTCModule.WebRTCModule(14513): getUserMedia(audio): { NativeMap: {} }
05-16 13:00:26.009 D/com.oney.WebRTCModule.WebRTCModule(14513): getUserMedia(video): { NativeMap: {"width":500,"height":300,"frameRate":30,"facingMode":"environment"} }
05-16 13:00:26.018 D/VideoCaptureController(14513): Create camera 0 succeeded
05-16 13:00:26.025 D/HostConnection(14513): HostConnection::get() New Host Connection established 0xcccc4a50, tid 14622
05-16 13:00:26.026 D/HostConnection(14513): HostComposition ext ANDROID_EMU_CHECKSUM_HELPER_v1 ANDROID_EMU_native_sync_v2 ANDROID_EMU_native_sync_v3 ANDROID_EMU_native_sync_v4 ANDROID_EMU_dma_v1 ANDROID_EMU_YUV420_888_to_NV21 ANDROID_EMU_YUV_Cache ANDROID_EMU_async_unmap_buffer GL_OES_EGL_image_external_essl3 GL_OES_vertex_array_object GL_KHR_texture_compression_astc_ldr ANDROID_EMU_gles_max_version_3_0 
05-16 13:00:26.030 D/eglCodecCommon(14513): setVertexArrayObject: set vao to 0 (0) 0 0
05-16 13:00:26.030 D/EGL_emulation(14513): eglCreateContext: 0xcc9527c0: maj 3 min 0 rcv 3
05-16 13:00:26.048 D/EGL_emulation(14513): eglMakeCurrent: 0xcc9527c0: ver 3 0 (tinfo 0xc57495b0)
05-16 13:00:26.050 E/EGL_emulation(14513): eglQueryContext 32c0  EGL_BAD_ATTRIBUTE
05-16 13:00:26.050 E/EGL_emulation(14513): tid 14622: eglQueryContext(1902): error 0x3004 (EGL_BAD_ATTRIBUTE)
05-16 13:00:26.057 I/org.webrtc.Logging(14513): CameraCapturer: startCapture: 500x300@30
05-16 13:00:26.064 I/org.webrtc.Logging(14513): Camera2Session: Create new camera2 session on camera 0
05-16 13:00:26.064 I/org.webrtc.Logging(14513): Camera2Session: start
05-16 13:00:26.066 D/com.oney.WebRTCModule.WebRTCModule(14513): MediaStream id: c8668db9-396c-4f38-aa57-0fd20e46655a
05-16 13:00:26.071 I/ReactNativeJS(14513): success{"active":true,"_tracks":[{"_enabled":true,"id":"e2559bab-1c32-4b44-9c78-50bf71880fe7","kind":"audio","label":"e2559bab-1c32-4b44-9c78-50bf71880fe7","muted":false,"readonly":true,"remote":false,"readyState":"live"},{"_enabled":true,"id":"c6d1e7a6-471d-4bf9-ae5d-430a39b69f57","kind":"video","label":"c6d1e7a6-471d-4bf9-ae5d-430a39b69f57","muted":false,"readonly":true,"remote":false,"readyState":"live"}],"id":"c8668db9-396c-4f38-aa57-0fd20e46655a","_reactTag":"c8668db9-396c-4f38-aa57-0fd20e46655a"}
05-16 13:00:26.085 I/org.webrtc.Logging(14513): Camera2Session: Available preview sizes: [640x480, 352x288, 320x240, 176x144, 1280x720, 1280x960]
05-16 13:00:26.089 I/ReactNativeJS(14513): { localStream: 
05-16 13:00:26.089 I/ReactNativeJS(14513):    { active: true,
05-16 13:00:26.089 I/ReactNativeJS(14513):      _tracks: 
05-16 13:00:26.089 I/ReactNativeJS(14513):       [ { _enabled: true,
05-16 13:00:26.089 I/ReactNativeJS(14513):           id: 'e2559bab-1c32-4b44-9c78-50bf71880fe7',
05-16 13:00:26.089 I/ReactNativeJS(14513):           kind: 'audio',
05-16 13:00:26.089 I/ReactNativeJS(14513):           label: 'e2559bab-1c32-4b44-9c78-50bf71880fe7',
05-16 13:00:26.089 I/ReactNativeJS(14513):           muted: false,
05-16 13:00:26.089 I/ReactNativeJS(14513):           readonly: true,
05-16 13:00:26.089 I/ReactNativeJS(14513):           remote: false,
05-16 13:00:26.089 I/ReactNativeJS(14513):           readyState: 'live' },
05-16 13:00:26.089 I/ReactNativeJS(14513):         { _enabled: true,
05-16 13:00:26.089 I/ReactNativeJS(14513):           id: 'c6d1e7a6-471d-4bf9-ae5d-430a39b69f57',
05-16 13:00:26.089 I/ReactNativeJS(14513):           kind: 'video',
05-16 13:00:26.089 I/ReactNativeJS(14513):           label: 'c6d1e7a6-471d-4bf9-ae5d-430a39b69f57',
05-16 13:00:26.089 I/ReactNativeJS(14513):           muted: false,
05-16 13:00:26.089 I/ReactNativeJS(14513):           readonly: true,
05-16 13:00:26.089 I/ReactNativeJS(14513):           remote: false,
05-16 13:00:26.089 I/ReactNativeJS(14513):           readyState: 'live' } ],
05-16 13:00:26.089 I/ReactNativeJS(14513):      id: 'c8668db9-396c-4f38-aa57-0fd20e46655a',
05-16 13:00:26.089 I/ReactNativeJS(14513):      _reactTag: 'c8668db9-396c-4f38-aa57-0fd20e46655a' },
05-16 13:00:26.089 I/ReactNativeJS(14513):   remoteStream: null }
05-16 13:00:26.092 I/org.webrtc.Logging(14513): Camera2Session: Available fps ranges: [[5.0:30.0], [15.0:30.0], [15.0:15.0], [30.0:30.0]]
05-16 13:00:26.092 I/org.webrtc.Logging(14513): Camera2Session: Using capture format: 352x288@[5.0:30.0]
05-16 13:00:26.093 I/org.webrtc.Logging(14513): Camera2Session: Opening camera 0
05-16 13:00:26.093 D/com.oney.WebRTCModule.WebRTCModule(14513): CameraEventsHandler.onCameraOpening: cameraName=0
05-16 13:00:26.097 I/CameraService( 1666): CameraService::connect call (PID -1 "com.myapp", camera ID 0) for HAL version default and Camera API version 2
05-16 13:00:26.098 I/Camera2ClientBase( 1666): Camera 0: Opened. Client: com.myapp (PID 14513, UID 10093)
05-16 13:00:26.099 I/CameraDeviceClient( 1666): CameraDeviceClient 0: Opened
05-16 13:00:26.101 D/SurfaceFlinger( 1664): duplicate layer name: changing com.myapp/com.myapp.MainActivity to com.myapp/com.myapp.MainActivity#1
05-16 13:00:26.106 E/libc    ( 1597): Access denied finding property "ro.camera.req.fmq.size"
05-16 13:00:26.108 E/libc    ( 1597): Access denied finding property "ro.camera.res.fmq.size"
05-16 13:00:26.109 I/org.webrtc.Logging(14513): Camera2Session: Camera opened.
05-16 13:00:26.112 D/gralloc_ranchu( 1605): gralloc_alloc: Creating ashmem region of size 3309568
05-16 13:00:26.114 W/CameraDeviceClient( 1666): createSurfaceFromGbp: Camera 0 with consumer usage flag: 256: Forcing asynchronous mode for stream
05-16 13:00:26.114 W/CameraDeviceClient( 1666): createSurfaceFromGbp: Camera 0: Overriding format 0x1 to IMPLEMENTATION_DEFINED
05-16 13:00:26.117 D/Camera3-Device( 1666): Set real time priority for request queue thread (tid 14626)
05-16 13:00:26.118 D/gralloc_ranchu( 1605): gralloc_alloc: Creating ashmem region of size 3309568
05-16 13:00:26.125 I/org.webrtc.Logging(14513): Camera2Session: Camera capture session configured.
05-16 13:00:26.125 I/org.webrtc.Logging(14513): Camera2Session: Stabilization not available.
05-16 13:00:26.126 I/org.webrtc.Logging(14513): Camera2Session: Auto-focus is not available.
05-16 13:00:26.128 D/gralloc_ranchu( 1605): gralloc_alloc: Creating ashmem region of size 409600
05-16 13:00:26.129 I/org.webrtc.Logging(14513): Camera2Session: Camera device successfully started.
05-16 13:00:26.129 I/org.webrtc.Logging(14513): CameraCapturer: Create session done. Switch state: IDLE
05-16 13:00:26.132 D/gralloc_ranchu( 1605): gralloc_alloc: Creating ashmem region of size 3309568
05-16 13:00:26.135 I/org.webrtc.Logging(14513): SurfaceTextureHelper: Setting listener to org.webrtc.-$$Lambda$Camera2Session$CaptureSessionCallback$UDvzHNj8-cAJE1WNByx98pxD9vA@3282dd9
05-16 13:00:26.137 D/gralloc_ranchu( 1605): gralloc_alloc: Creating ashmem region of size 409600
05-16 13:00:26.089 W/provider@2.4-se( 1597): type=1400 audit(0.0:1274): avc: denied { read } for name="u:object_r:default_prop:s0" dev="tmpfs" ino=5896 scontext=u:r:hal_camera_default:s0 tcontext=u:object_r:default_prop:s0 tclass=file permissive=0
05-16 13:00:26.152 W/StaticLayout(14513): maxLineHeight should not be -1.  maxLines:2 lineCount:2
05-16 13:00:26.154 I/chatty  (14513): uid=10093(com.myapp) identical 3 lines
05-16 13:00:26.154 W/StaticLayout(14513): maxLineHeight should not be -1.  maxLines:2 lineCount:2
05-16 13:00:26.099 W/provider@2.4-se( 1597): type=1400 audit(0.0:1275): avc: denied { read } for name="u:object_r:default_prop:s0" dev="tmpfs" ino=5896 scontext=u:r:hal_camera_default:s0 tcontext=u:object_r:default_prop:s0 tclass=file permissive=0
05-16 13:00:26.155 W/StaticLayout(14513): maxLineHeight should not be -1.  maxLines:2 lineCount:2
05-16 13:00:26.156 W/StaticLayout(14513): maxLineHeight should not be -1.  maxLines:2 lineCount:2
05-16 13:00:26.160 D/SurfaceFlinger( 1664): duplicate layer name: changing com.myapp/com.myapp.MainActivity to com.myapp/com.myapp.MainActivity#2
05-16 13:00:26.163 D/gralloc_ranchu( 1605): gralloc_alloc: Creating ashmem region of size 3588096
05-16 13:00:26.167 D/gralloc_ranchu( 1605): gralloc_alloc: Creating ashmem region of size 3588096
05-16 13:00:26.170 I/EmulatedCamera3_QemuSensor( 1597): captureRGBA: Dimensions for the current request (352x288) differ from the previous request (-1x-1). Restarting camera
05-16 13:00:26.400 W/audio_hw_generic( 1595): Not supplying enough data to HAL, expected position 268169610 , only wrote 268161120
05-16 13:00:26.400 W/audio_hw_generic( 1595): Not supplying enough data to HAL, expected position 268161139 , only wrote 268161120
05-16 13:00:26.404 D/gralloc_ranchu( 1605): gralloc_alloc: Creating ashmem region of size 409600
05-16 13:00:26.406 D/gralloc_ranchu( 1605): gralloc_alloc: Creating ashmem region of size 3588096
05-16 13:00:26.414 W/StaticLayout(14513): maxLineHeight should not be -1.  maxLines:2 lineCount:2
05-16 13:00:26.415 I/chatty  (14513): uid=10093(com.myapp) identical 2 lines
05-16 13:00:26.416 W/StaticLayout(14513): maxLineHeight should not be -1.  maxLines:2 lineCount:2
05-16 13:00:26.416 W/audio_hw_generic( 1595): Not supplying enough data to HAL, expected position 268161897 , only wrote 268161840
05-16 13:00:26.416 W/StaticLayout(14513): maxLineHeight should not be -1.  maxLines:2 lineCount:2
05-16 13:00:26.416 W/StaticLayout(14513): maxLineHeight should not be -1.  maxLines:2 lineCount:2
05-16 13:00:26.429 D/SurfaceFlinger( 1664): duplicate layer name: changing com.myapp/com.myapp.MainActivity to com.myapp/com.myapp.MainActivity#3
05-16 13:00:26.434 D/gralloc_ranchu( 1605): gralloc_alloc: Creating ashmem region of size 3309568
05-16 13:00:26.438 D/gralloc_ranchu( 1605): gralloc_alloc: Creating ashmem region of size 3309568
05-16 13:00:26.456 D/gralloc_ranchu( 1605): gralloc_alloc: Creating ashmem region of size 3309568
05-16 13:00:26.475 D/gralloc_ranchu( 1605): gralloc_alloc: Creating ashmem region of size 409600
05-16 13:00:26.476 D/com.oney.WebRTCModule.WebRTCModule(14513): CameraEventsHandler.onFirstFrameAvailable
05-16 13:00:26.478 W/StaticLayout(14513): maxLineHeight should not be -1.  maxLines:2 lineCount:2
05-16 13:00:26.483 I/chatty  (14513): uid=10093(com.myapp) identical 5 lines
05-16 13:00:26.483 W/StaticLayout(14513): maxLineHeight should not be -1.  maxLines:2 lineCount:2
05-16 13:00:26.488 D/SurfaceFlinger( 1664): duplicate layer name: changing com.myapp/com.myapp.MainActivity to com.myapp/com.myapp.MainActivity#4
05-16 13:00:26.492 D/gralloc_ranchu( 1605): gralloc_alloc: Creating ashmem region of size 3588096
05-16 13:00:26.501 D/gralloc_ranchu( 1605): gralloc_alloc: Creating ashmem region of size 3588096
05-16 13:00:26.502 D/gralloc_ranchu( 1605): gralloc_alloc: Creating ashmem region of size 409600
05-16 13:00:26.507 D/gralloc_ranchu( 1605): gralloc_alloc: Creating ashmem region of size 3588096
05-16 13:00:26.513 W/StaticLayout(14513): maxLineHeight should not be -1.  maxLines:2 lineCount:2
05-16 13:00:26.516 I/chatty  (14513): uid=10093(com.myapp) identical 4 lines
05-16 13:00:26.516 W/StaticLayout(14513): maxLineHeight should not be -1.  maxLines:2 lineCount:2
05-16 13:00:26.628 I/OpenGLRenderer(14513): Davey! duration=742ms; Flags=1, IntendedVsync=141261801600881, Vsync=141261984934207, OldestInputEvent=9223372036854775807, NewestInputEvent=0, HandleInputStart=141261997827900, AnimationStart=141261997860400, PerformTraversalsStart=141262005019400, DrawStart=141262435730700, SyncQueued=141262539763400, SyncStart=141262540706200, IssueDrawCommandsStart=141262541795100, SwapBuffers=141262543773700, FrameCompleted=141262544583200, DequeueBufferDuration=43000, QueueBufferDuration=184000, 
05-16 13:00:26.645 I/Choreographer(14513): Skipped 32 frames!  The application may be doing too much work on its main thread.
05-16 13:00:26.647 I/org.webrtc.Logging(14513): EglRenderer: Initializing EglRenderer
05-16 13:00:26.648 I/org.webrtc.Logging(14513): EglRenderer: EglBase.create shared context
05-16 13:00:26.648 D/HostConnection(14513): HostConnection::get() New Host Connection established 0xe1db7f30, tid 14629
05-16 13:00:26.651 D/HostConnection(14513): HostComposition ext ANDROID_EMU_CHECKSUM_HELPER_v1 ANDROID_EMU_native_sync_v2 ANDROID_EMU_native_sync_v3 ANDROID_EMU_native_sync_v4 ANDROID_EMU_dma_v1 ANDROID_EMU_YUV420_888_to_NV21 ANDROID_EMU_YUV_Cache ANDROID_EMU_async_unmap_buffer GL_OES_EGL_image_external_essl3 GL_OES_vertex_array_object GL_KHR_texture_compression_astc_ldr ANDROID_EMU_gles_max_version_3_0 
05-16 13:00:26.656 D/eglCodecCommon(14513): setVertexArrayObject: set vao to 0 (0) 0 0
05-16 13:00:26.656 D/EGL_emulation(14513): eglCreateContext: 0xc27f0500: maj 3 min 0 rcv 3
05-16 13:00:26.665 D/EGL_emulation(14513): eglMakeCurrent: 0xe1d85a80: ver 3 0 (tinfo 0xe1d83520)
05-16 13:00:26.667 D/gralloc_ranchu( 1605): gralloc_alloc: Creating ashmem region of size 491520
05-16 13:00:26.690 D/EGL_emulation(14513): eglMakeCurrent: 0xe1d85a80: ver 3 0 (tinfo 0xe1d83520)
05-16 13:00:26.701 I/org.webrtc.Logging(14513): SurfaceEglRenderer: : Reporting first rendered frame.
05-16 13:00:26.702 I/org.webrtc.Logging(14513): SurfaceEglRenderer: : Reporting frame resolution changed to 352x288 with rotation 90
05-16 13:00:26.703 D/EGL_emulation(14513): eglMakeCurrent: 0xe1d85a80: ver 3 0 (tinfo 0xe1d83520)
05-16 13:00:26.720 D/EGL_emulation(14513): eglMakeCurrent: 0xe1d85a80: ver 3 0 (tinfo 0xe1d83520)
05-16 13:00:26.748 I/GnssLocationProvider( 1843): WakeLock acquired by sendMessage(REPORT_SV_STATUS, 0, com.android.server.location.GnssLocationProvider$SvStatusInfo@7057b8d)
05-16 13:00:26.749 I/GnssLocationProvider( 1843): WakeLock released by handleMessage(REPORT_SV_STATUS, 0, com.android.server.location.GnssLocationProvider$SvStatusInfo@7057b8d)
05-16 13:00:26.756 D/EGL_emulation(14513): eglMakeCurrent: 0xc27f0500: ver 3 0 (tinfo 0xc68d8a70)
05-16 13:00:26.759 I/org.webrtc.Logging(14513): EglRenderer: clearSurface
05-16 13:00:26.769 D/gralloc_ranchu( 1605): gralloc_alloc: Creating ashmem region of size 491520
05-16 13:00:26.792 D/gralloc_ranchu( 1605): gralloc_alloc: Creating ashmem region of size 491520
05-16 13:00:26.851 D/EGL_emulation(14513): eglMakeCurrent: 0xe1d85a80: ver 3 0 (tinfo 0xe1d83520)
05-16 13:00:26.869 W/StaticLayout(14513): maxLineHeight should not be -1.  maxLines:2 lineCount:2
05-16 13:00:26.869 W/StaticLayout(14513): maxLineHeight should not be -1.  maxLines:2 lineCount:2
05-16 13:00:26.874 D/EGL_emulation(14513): eglMakeCurrent: 0xe1d85a80: ver 3 0 (tinfo 0xe1d83520)
05-16 13:00:26.893 D/EGL_emulation(14513): eglMakeCurrent: 0xe1d85a80: ver 3 0 (tinfo 0xe1d83520)
05-16 13:00:26.922 D/SurfaceFlinger( 1664): duplicate layer name: changing com.myapp/com.myapp.MainActivity to com.myapp/com.myapp.MainActivity#4
05-16 13:00:26.929 D/gralloc_ranchu( 1605): gralloc_alloc: Creating ashmem region of size 3309568
05-16 13:00:26.932 I/com.myapp(14513): NativeAlloc concurrent copying GC freed 5603(342KB) AllocSpace objects, 0(0B) LOS objects, 50% free, 4MB/9MB, paused 3.929ms total 108.514ms
05-16 13:00:26.935 D/gralloc_ranchu( 1605): gralloc_alloc: Creating ashmem region of size 3309568
05-16 13:00:26.939 D/gralloc_ranchu( 1605): gralloc_alloc: Creating ashmem region of size 3309568
05-16 13:00:26.955 W/StaticLayout(14513): maxLineHeight should not be -1.  maxLines:2 lineCount:2
05-16 13:00:26.956 I/chatty  (14513): uid=10093(com.myapp) identical 5 lines
05-16 13:00:26.957 W/StaticLayout(14513): maxLineHeight should not be -1.  maxLines:2 lineCount:2
05-16 13:00:26.959 D/SurfaceFlinger( 1664): duplicate layer name: changing com.myapp/com.myapp.MainActivity to com.myapp/com.myapp.MainActivity#5
05-16 13:00:26.964 D/gralloc_ranchu( 1605): gralloc_alloc: Creating ashmem region of size 3588096
05-16 13:00:26.968 D/gralloc_ranchu( 1605): gralloc_alloc: Creating ashmem region of size 3588096
05-16 13:00:26.972 D/gralloc_ranchu( 1605): gralloc_alloc: Creating ashmem region of size 3588096
05-16 13:00:26.978 W/StaticLayout(14513): maxLineHeight should not be -1.  maxLines:2 lineCount:2
05-16 13:00:26.979 I/chatty  (14513): uid=10093(com.myapp) identical 4 lines
05-16 13:00:26.979 W/StaticLayout(14513): maxLineHeight should not be -1.  maxLines:2 lineCount:2
05-16 13:00:27.023 D/EGL_emulation(14513): eglMakeCurrent: 0xe1d85a80: ver 3 0 (tinfo 0xe1d83520)
05-16 13:00:27.029 D/com.oney.WebRTCModule.WebRTCModule(14513): First frame rendered.
05-16 13:00:27.047 D/EGL_emulation(14513): eglMakeCurrent: 0xe1d85a80: ver 3 0 (tinfo 0xe1d83520)
05-16 13:00:27.144 I/chatty  (14513): uid=10093(com.myapp) RenderThread identical 6 lines
05-16 13:00:27.159 D/EGL_emulation(14513): eglMakeCurrent: 0xe1d85a80: ver 3 0 (tinfo 0xe1d83520)
05-16 13:00:27.166 W/StaticLayout(14513): maxLineHeight should not be -1.  maxLines:2 lineCount:2
05-16 13:00:27.167 W/StaticLayout(14513): maxLineHeight should not be -1.  maxLines:2 lineCount:2
05-16 13:00:27.168 D/EGL_emulation(14513): eglMakeCurrent: 0xe1d85a80: ver 3 0 (tinfo 0xe1d83520)
05-16 13:00:27.738 I/chatty  (14513): uid=10093(com.myapp) RenderThread identical 14 lines
05-16 13:00:27.741 D/EGL_emulation(14513): eglMakeCurrent: 0xe1d85a80: ver 3 0 (tinfo 0xe1d83520)
05-16 13:00:27.746 I/GnssLocationProvider( 1843): WakeLock acquired by sendMessage(REPORT_SV_STATUS, 0, com.android.server.location.GnssLocationProvider$SvStatusInfo@e06c2d8)
05-16 13:00:27.747 I/GnssLocationProvider( 1843): WakeLock released by handleMessage(REPORT_SV_STATUS, 0, com.android.server.location.GnssLocationProvider$SvStatusInfo@e06c2d8)
05-16 13:00:27.747 D/EGL_emulation(14513): eglMakeCurrent: 0xe1d85a80: ver 3 0 (tinfo 0xe1d83520)
05-16 13:00:27.958 I/chatty  (14513): uid=10093(com.myapp) RenderThread identical 39 lines
05-16 13:00:27.985 D/EGL_emulation(14513): eglMakeCurrent: 0xe1d85a80: ver 3 0 (tinfo 0xe1d83520)
05-16 13:00:28.136 I/org.webrtc.Logging(14513): CameraStatistics: Camera fps: 24.
05-16 13:00:28.146 D/EGL_emulation(14513): eglMakeCurrent: 0xe1d85a80: ver 3 0 (tinfo 0xe1d83520)
05-16 13:00:28.152 D/EGL_emulation(14513): eglMakeCurrent: 0xe1d85a80: ver 3 0 (tinfo 0xe1d83520)
05-16 13:00:28.153 D/OpenGLRenderer(14513): endAllActiveAnimators on 0xbb876880 (RippleDrawable) with handle 0xc56a4390
05-16 13:00:28.180 D/EGL_emulation(14513): eglMakeCurrent: 0xe1d85a80: ver 3 0 (tinfo 0xe1d83520)
05-16 13:00:28.185 D/EGL_emulation(14513): eglMakeCurrent: 0xe1d85a80: ver 3 0 (tinfo 0xe1d83520)
05-16 13:00:28.344 W/SurfaceFlinger( 1664): Attempting to set client state on removed layer: com.myapp/com.myapp.MainActivity#5
05-16 13:00:28.344 W/SurfaceFlinger( 1664): Attempting to destroy on removed layer: com.myapp/com.myapp.MainActivity#5
05-16 13:00:28.450 D/EGL_emulation(14513): eglMakeCurrent: 0xe1d85a80: ver 3 0 (tinfo 0xe1d83520)
05-16 13:00:28.720 I/chatty  (14513): uid=10093(com.myapp) RenderThread identical 16 lines
05-16 13:00:28.724 D/EGL_emulation(14513): eglMakeCurrent: 0xe1d85a80: ver 3 0 (tinfo 0xe1d83520)
05-16 13:00:28.746 I/GnssLocationProvider( 1843): WakeLock acquired by sendMessage(REPORT_SV_STATUS, 0, com.android.server.location.GnssLocationProvider$SvStatusInfo@913484)
05-16 13:00:28.746 I/GnssLocationProvider( 1843): WakeLock released by handleMessage(REPORT_SV_STATUS, 0, com.android.server.location.GnssLocationProvider$SvStatusInfo@913484)
05-16 13:00:28.989 D/EGL_emulation(14513): eglMakeCurrent: 0xe1d85a80: ver 3 0 (tinfo 0xe1d83520)
05-16 13:00:28.992 I/chatty  (14513): uid=10093(com.myapp) RenderThread identical 1 line
05-16 13:00:29.004 D/EGL_emulation(14513): eglMakeCurrent: 0xe1d85a80: ver 3 0 (tinfo 0xe1d83520)
05-16 13:00:29.008 D/com.oney.WebRTCModule.WebRTCModule(14513): peerConnectionSetRemoteDescription() start
--------- beginning of crash
05-16 13:00:29.008 E/AndroidRuntime(14513): FATAL EXCEPTION: pool-3-thread-1
05-16 13:00:29.008 E/AndroidRuntime(14513): Process: com.myapp, PID: 14513
05-16 13:00:29.008 E/AndroidRuntime(14513): java.lang.IllegalArgumentException: No enum constant org.webrtc.SessionDescription.Type.ROLLBACK
05-16 13:00:29.008 E/AndroidRuntime(14513): 	at java.lang.Enum.valueOf(Enum.java:258)
05-16 13:00:29.008 E/AndroidRuntime(14513): 	at org.webrtc.SessionDescription$Type.fromCanonicalForm(SessionDescription.java:33)
05-16 13:00:29.008 E/AndroidRuntime(14513): 	at com.oney.WebRTCModule.WebRTCModule.peerConnectionSetRemoteDescriptionAsync(WebRTCModule.java:827)
05-16 13:00:29.008 E/AndroidRuntime(14513): 	at com.oney.WebRTCModule.WebRTCModule.lambda$peerConnectionSetRemoteDescription$16$WebRTCModule(WebRTCModule.java:816)
05-16 13:00:29.008 E/AndroidRuntime(14513): 	at com.oney.WebRTCModule.-$$Lambda$WebRTCModule$ArX_JS0v-p0Lp4e4uaqe6JsDNSE.run(Unknown Source:8)
05-16 13:00:29.008 E/AndroidRuntime(14513): 	at java.util.concurrent.ThreadPoolExecutor.runWorker(ThreadPoolExecutor.java:1167)
05-16 13:00:29.008 E/AndroidRuntime(14513): 	at java.util.concurrent.ThreadPoolExecutor$Worker.run(ThreadPoolExecutor.java:641)
05-16 13:00:29.008 E/AndroidRuntime(14513): 	at java.lang.Thread.run(Thread.java:764)
05-16 13:00:29.010 D/EGL_emulation(14513): eglMakeCurrent: 0xe1d85a80: ver 3 0 (tinfo 0xe1d83520)
05-16 13:00:29.013 D/OpenGLRenderer(14513): endAllActiveAnimators on 0xbb875e00 (RippleDrawable) with handle 0xc56a41c0
05-16 13:00:29.013 W/ActivityManager( 1843):   Force finishing activity com.myapp/.MainActivity
05-16 13:00:29.027 I/Process (14513): Sending signal. PID: 14513 SIG: 9
05-16 13:00:29.030 W/BroadcastQueue( 1843): Background execution not allowed: receiving Intent { act=android.intent.action.DROPBOX_ENTRY_ADDED flg=0x10 (has extras) } to com.google.android.gms/.stats.service.DropBoxEntryAddedReceiver
05-16 13:00:29.030 W/BroadcastQueue( 1843): Background execution not allowed: receiving Intent { act=android.intent.action.DROPBOX_ENTRY_ADDED flg=0x10 (has extras) } to com.google.android.gms/.chimera.GmsIntentOperationService$PersistentTrustedReceiver
05-16 13:00:29.030 E/lowmemorykiller( 1614): Error writing /proc/14513/oom_score_adj; errno=22
05-16 13:00:29.094 W/InputDispatcher( 1843): channel 'b898d63 com.myapp/com.myapp.MainActivity (server)' ~ Consumer closed input channel or an error occurred.  events=0x9
05-16 13:00:29.094 E/InputDispatcher( 1843): channel 'b898d63 com.myapp/com.myapp.MainActivity (server)' ~ Channel is unrecoverably broken and will be disposed!
05-16 13:00:29.095 W/InputDispatcher( 1843): channel 'cd9111d com.myapp/com.myapp.MainActivity (server)' ~ Consumer closed input channel or an error occurred.  events=0x9
05-16 13:00:29.095 E/InputDispatcher( 1843): channel 'cd9111d com.myapp/com.myapp.MainActivity (server)' ~ Channel is unrecoverably broken and will be disposed!
05-16 13:00:29.097 I/Zygote  ( 1665): Process 14513 exited due to signal (9)
05-16 13:00:29.099 W/InputDispatcher( 1843): channel 'b62fbc7 com.myapp/com.myapp.MainActivity (server)' ~ Consumer closed input channel or an error occurred.  events=0x9
05-16 13:00:29.099 E/InputDispatcher( 1843): channel 'b62fbc7 com.myapp/com.myapp.MainActivity (server)' ~ Channel is unrecoverably broken and will be disposed!
05-16 13:00:29.099 W/InputDispatcher( 1843): channel '6da316a com.myapp/com.myapp.MainActivity (server)' ~ Consumer closed input channel or an error occurred.  events=0x9
05-16 13:00:29.099 E/InputDispatcher( 1843): channel '6da316a com.myapp/com.myapp.MainActivity (server)' ~ Channel is unrecoverably broken and will be disposed!
05-16 13:00:29.103 I/WindowManager( 1843): WIN DEATH: Window{b62fbc7 u0 com.myapp/com.myapp.MainActivity}
05-16 13:00:29.104 W/InputDispatcher( 1843): Attempted to unregister already unregistered input channel 'b62fbc7 com.myapp/com.myapp.MainActivity (server)'
05-16 13:00:29.105 I/ActivityManager( 1843): Process com.myapp (pid 14513) has died: vis  +99TOP 
05-16 13:00:29.105 W/libprocessgroup( 1843): kill(-14513, 9) failed: No such process
05-16 13:00:29.105 I/libprocessgroup( 1843): Successfully killed process cgroup uid 10093 pid 14513 in 0ms
05-16 13:00:29.109 E/Surface ( 1666): queueBuffer: error queuing buffer to SurfaceTexture, -32
05-16 13:00:29.109 E/Camera3-OutputStream( 1666): returnBufferCheckedLocked: Stream 0: Error queueing buffer to native window: Broken pipe (-32)
05-16 13:00:29.109 E/Camera3-OutputStream( 1666): getBufferLockedCommon: Stream 0: Can't dequeue next output buffer: Broken pipe (-32)
05-16 13:00:29.109 E/Camera3-Device( 1666): RequestThread: Can't get output buffer, skipping request: Broken pipe (-32)
05-16 13:00:29.111 E/Camera3-Device( 1666): Can't return buffer to its stream: Broken pipe (-32)
05-16 13:00:29.111 E/Camera3-OutputStream( 1666): getBufferLockedCommon: Stream 0: Can't dequeue next output buffer: Broken pipe (-32)
05-16 13:00:29.111 E/Camera3-Device( 1666): RequestThread: Can't get output buffer, skipping request: Broken pipe (-32)
05-16 13:00:29.111 E/Camera3-OutputStream( 1666): getBufferLockedCommon: Stream 0: Can't dequeue next output buffer: Broken pipe (-32)
05-16 13:00:29.111 E/Camera3-Device( 1666): RequestThread: Can't get output buffer, skipping request: Broken pipe (-32)
05-16 13:00:29.111 E/Camera3-OutputStream( 1666): getBufferLockedCommon: Stream 0: Can't dequeue next output buffer: Broken pipe (-32)
05-16 13:00:29.111 E/Camera3-Device( 1666): RequestThread: Can't get output buffer, skipping request: Broken pipe (-32)
05-16 13:00:29.111 E/Camera3-OutputStream( 1666): getBufferLockedCommon: Stream 0: Can't dequeue next output buffer: Broken pipe (-32)
05-16 13:00:29.111 E/Camera3-Device( 1666): RequestThread: Can't get output buffer, skipping request: Broken pipe (-32)
05-16 13:00:29.111 E/Camera3-OutputStream( 1666): getBufferLockedCommon: Stream 0: Can't dequeue next output buffer: Broken pipe (-32)
