05-09 14:56:12.880  2312  2312 D CellBroadcastReceiver: onReceive Intent { act=android.telephony.action.DEFAULT_SMS_SUBSCRIPTION_CHANGED flg=0x21000010 cmp=com.android.cellbroadcastreceiver/.CellBroadcastReceiver (has extras) }
05-09 14:56:12.881  2312  2312 D CellBroadcastReceiver: Start Cell Broadcast configuration.
05-09 14:56:13.067  2312  2312 D CellBroadcastReceiver: Default interval 0 did not change.
05-09 14:56:13.069  2088  2088 I VvmSimStateTracker: android.intent.action.SIM_STATE_CHANGED
05-09 14:56:13.077  2312  2408 D CellBroadcastConfigService: Enable CellBroadcast on sub 1
05-09 14:56:13.083  2088  2354 D IccSmsInterfaceManager: [IccSmsInterfaceManager] Calling setGsmBroadcastConfig with 1 configurations
05-09 14:56:13.086  2088  2354 D IccSmsInterfaceManager: [IccSmsInterfaceManager] Failed to add GSM cell broadcast subscription for MID range 4370 to 4370 from client com.android.cellbroadcastreceiver
05-09 14:56:13.094  1843  2150 W BroadcastQueue: Background execution not allowed: receiving Intent { act=android.intent.action.USER_PRESENT flg=0x24200010 } to com.google.android.gms/.chimera.GmsIntentOperationService$PersistentTrustedReceiver
05-09 14:56:13.118  1843  1860 I ActivityManager: Start proc 2410:com.google.android.gms/u0a13 for service com.google.android.gms/.chimera.GmsIntentOperationService
05-09 14:56:13.121  2410  2410 W gle.android.gm: Unexpected CPU variant for X86 using defaults: x86
05-09 14:56:13.122  2410  2410 E gle.android.gm: Not starting debugger since process cannot load the jdwp agent.
05-09 14:56:13.173  2088  2354 D IccSmsInterfaceManager: [IccSmsInterfaceManager] Calling setCdmaBroadcastConfig with 1 configurations
05-09 14:56:13.190  2088  2354 D IccSmsInterfaceManager: [IccSmsInterfaceManager] Failed to add cdma broadcast subscription for MID range 4096 to 4096 from client com.android.cellbroadcastreceiver
05-09 14:56:13.195  2410  2410 I gle.android.gm: The ClassLoaderContext is a special shared library.
05-09 14:56:13.206  1843  1860 W ActivityManager: Slow operation: 94ms so far, now at startProcess: returned from zygote!
05-09 14:56:13.208  1843  1860 W ActivityManager: Slow operation: 96ms so far, now at startProcess: done updating battery stats
05-09 14:56:13.208  1843  1860 W ActivityManager: Slow operation: 96ms so far, now at startProcess: building log message
05-09 14:56:13.208  1843  1860 I ActivityManager: Start proc 2423:com.google.process.gservices/u0a13 for content provider com.google.android.gsf/.gservices.GservicesProvider
05-09 14:56:13.208  1843  1860 W ActivityManager: Slow operation: 96ms so far, now at startProcess: starting to update pids map
05-09 14:56:13.208  1843  1860 W ActivityManager: Slow operation: 96ms so far, now at startProcess: done updating pids map
05-09 14:56:13.196  2410  2410 I chatty  : uid=10013(com.google.android.gms) identical 2 lines
05-09 14:56:13.219  2423  2423 I chatty  : uid=10013(com.google.android.gms) com.google.process.gservices expire 5 lines
05-09 14:56:13.262  2088  2354 D IccSmsInterfaceManager: [IccSmsInterfaceManager] Calling setGsmBroadcastConfig with 1 configurations
05-09 14:56:13.264  2088  2354 D IccSmsInterfaceManager: [IccSmsInterfaceManager] Failed to add GSM cell broadcast subscription for MID range 4383 to 4383 from client com.android.cellbroadcastreceiver
05-09 14:56:13.266  2088  2354 D IccSmsInterfaceManager: [IccSmsInterfaceManager] Calling setGsmBroadcastConfig with 1 configurations
05-09 14:56:13.267  2088  2354 D IccSmsInterfaceManager: [IccSmsInterfaceManager] Failed to add GSM cell broadcast subscription for MID range 4371 to 4372 from client com.android.cellbroadcastreceiver
05-09 14:56:13.269  2088  2354 D IccSmsInterfaceManager: [IccSmsInterfaceManager] Calling setCdmaBroadcastConfig with 1 configurations
05-09 14:56:13.270  2088  2354 D IccSmsInterfaceManager: [IccSmsInterfaceManager] Failed to add cdma broadcast subscription for MID range 4097 to 4097 from client com.android.cellbroadcastreceiver
05-09 14:56:13.273  2088  2354 D IccSmsInterfaceManager: [IccSmsInterfaceManager] Calling setGsmBroadcastConfig with 1 configurations
05-09 14:56:13.276  2088  2354 D IccSmsInterfaceManager: [IccSmsInterfaceManager] Failed to add GSM cell broadcast subscription for MID range 4384 to 4385 from client com.android.cellbroadcastreceiver
05-09 14:56:13.278  2088  2354 D IccSmsInterfaceManager: [IccSmsInterfaceManager] Calling setGsmBroadcastConfig with 1 configurations
05-09 14:56:13.280  2088  2354 D IccSmsInterfaceManager: [IccSmsInterfaceManager] Failed to add GSM cell broadcast subscription for MID range 4373 to 4378 from client com.android.cellbroadcastreceiver
05-09 14:56:13.282  2088  2250 D IccSmsInterfaceManager: [IccSmsInterfaceManager] Calling setCdmaBroadcastConfig with 1 configurations
05-09 14:56:13.283  2088  2250 D IccSmsInterfaceManager: [IccSmsInterfaceManager] Failed to add cdma broadcast subscription for MID range 4098 to 4098 from client com.android.cellbroadcastreceiver
05-09 14:56:13.293  2088  2250 D IccSmsInterfaceManager: [IccSmsInterfaceManager] Calling setGsmBroadcastConfig with 1 configurations
05-09 14:56:13.295  2088  2250 D IccSmsInterfaceManager: [IccSmsInterfaceManager] Failed to add GSM cell broadcast subscription for MID range 4386 to 4391 from client com.android.cellbroadcastreceiver
05-09 14:56:13.307  2088  2250 D IccSmsInterfaceManager: [IccSmsInterfaceManager] Calling setGsmBroadcastConfig with 1 configurations
05-09 14:56:13.308  2088  2250 D IccSmsInterfaceManager: [IccSmsInterfaceManager] Failed to add GSM cell broadcast subscription for MID range 4379 to 4379 from client com.android.cellbroadcastreceiver
05-09 14:56:13.309  2088  2250 D IccSmsInterfaceManager: [IccSmsInterfaceManager] Calling setCdmaBroadcastConfig with 1 configurations
05-09 14:56:13.311  2088  2250 D IccSmsInterfaceManager: [IccSmsInterfaceManager] Failed to add cdma broadcast subscription for MID range 4099 to 4099 from client com.android.cellbroadcastreceiver
05-09 14:56:13.312  2088  2250 D IccSmsInterfaceManager: [IccSmsInterfaceManager] Calling setGsmBroadcastConfig with 1 configurations
05-09 14:56:13.315  2088  2250 D IccSmsInterfaceManager: [IccSmsInterfaceManager] Failed to add GSM cell broadcast subscription for MID range 4392 to 4392 from client com.android.cellbroadcastreceiver
05-09 14:56:13.316  2088  2354 D IccSmsInterfaceManager: [IccSmsInterfaceManager] Failed to remove GSM cell broadcast subscription for MID range 4380 to 4380 from client com.android.cellbroadcastreceiver
05-09 14:56:13.318  2088  2354 D IccSmsInterfaceManager: [IccSmsInterfaceManager] Failed to remove cdma broadcast subscription for MID range 4100 to 4100 from client com.android.cellbroadcastreceiver
05-09 14:56:13.327  2088  2354 D IccSmsInterfaceManager: [IccSmsInterfaceManager] Failed to remove GSM cell broadcast subscription for MID range 4393 to 4393 from client com.android.cellbroadcastreceiver
05-09 14:56:13.328  2088  2250 D IccSmsInterfaceManager: [IccSmsInterfaceManager] Failed to remove GSM cell broadcast subscription for MID range 4381 to 4381 from client com.android.cellbroadcastreceiver
05-09 14:56:13.330  2088  2250 D IccSmsInterfaceManager: [IccSmsInterfaceManager] Failed to remove GSM cell broadcast subscription for MID range 4394 to 4394 from client com.android.cellbroadcastreceiver
05-09 14:56:13.337  2088  2250 D IccSmsInterfaceManager: [IccSmsInterfaceManager] Failed to remove GSM cell broadcast subscription for MID range 4382 to 4382 from client com.android.cellbroadcastreceiver
05-09 14:56:13.338  2088  2250 D IccSmsInterfaceManager: [IccSmsInterfaceManager] Failed to remove GSM cell broadcast subscription for MID range 4395 to 4395 from client com.android.cellbroadcastreceiver
05-09 14:56:13.340  2088  2250 D IccSmsInterfaceManager: [IccSmsInterfaceManager] Calling setGsmBroadcastConfig with 1 configurations
05-09 14:56:13.344  2088  2250 D IccSmsInterfaceManager: [IccSmsInterfaceManager] Failed to add GSM cell broadcast subscription for MID range 4352 to 4354 from client com.android.cellbroadcastreceiver
05-09 14:56:13.346  2088  2103 D IccSmsInterfaceManager: [IccSmsInterfaceManager] Calling setGsmBroadcastConfig with 1 configurations
05-09 14:56:13.347  2088  2103 D IccSmsInterfaceManager: [IccSmsInterfaceManager] Failed to add GSM cell broadcast subscription for MID range 4356 to 4356 from client com.android.cellbroadcastreceiver
05-09 14:56:13.349  2088  2103 D IccSmsInterfaceManager: [IccSmsInterfaceManager] Failed to remove GSM cell broadcast subscription for MID range 4355 to 4355 from client com.android.cellbroadcastreceiver
05-09 14:56:13.781  1612  1612 I qemu-props: tell the host boot completed
05-09 14:56:14.968  1843  1858 W SystemServiceManager: Service com.android.server.autofill.AutofillManagerService took 3885 ms in onUnlockUser 
05-09 14:56:14.968  1843  1858 I ActivityManager: User 0 state changed from RUNNING_UNLOCKING to RUNNING_UNLOCKED
05-09 14:56:14.968  1843  1858 D SystemServerTiming: SystemUserUnlock took to complete: 4841ms
05-09 14:56:14.970  1843  1858 I chatty  : uid=1000(system) ActivityManager expire 53 lines
05-09 14:56:14.993  1843  2372 I chatty  : uid=1000 system_server expire 2 lines
05-09 14:56:15.002  1843  1843 W InputMethodManagerService: Illegal subtype state: old subtype = null, new subtype = android.view.inputmethod.InputMethodSubtype@70bfcd7e
05-09 14:56:15.003  1843  1843 W Looper  : Slow dispatch took 2652ms main h=android.os.Handler c=null m=5000
05-09 14:56:15.026  1955  1955 I InputContentProvider: Created InputContentProvider: exported=[false]
05-09 14:56:15.034  1843  1858 I ActivityManager: Sending BOOT_COMPLETE user #0
05-09 14:56:15.037  1843  1843 W Looper  : Drained
05-09 14:56:15.038  1843  1843 I TransportClient: LocalTransportService#0: Notifying [TransportManager.registerTransport()] transport = IBackupTransport
05-09 14:56:15.051  2312  2312 D CellBroadcastReceiver: onReceive Intent { act=android.telephony.action.CARRIER_CONFIG_CHANGED flg=0x5000010 cmp=com.android.cellbroadcastreceiver/.CellBroadcastReceiver (has extras) }
05-09 14:56:15.053  1843  2371 D BackupTransportManager: Transport android/com.android.internal.backup.LocalTransportService registered
05-09 14:56:15.053  1843  2371 D BackupManagerService: Transport android/com.android.internal.backup.LocalTransport registered 4171ms after first request (delay = 3000ms)
05-09 14:56:15.054  1843  1860 W ActivityManager: Slow operation: 85ms so far, now at startProcess: asking zygote to start proc
05-09 14:56:15.068  1843  1843 V SettingsProvider: Notifying for 0: content://settings/global/network_recommendations_enabled
05-09 14:56:15.069  1843  1843 W NotificationListeners: Not binding notification listener service ComponentInfo{com.google.android.apps.restore/com.google.android.apps.pixelmigrate.component.NotificationConsolidatorService}: service not found
05-09 14:56:15.069  1843  1843 V NotificationAssistants: disabling notification assistant for user 0: ComponentInfo{com.google.android.ext.services/android.ext.services.notification.Assistant}
05-09 14:56:15.070  1843  1843 D NotificationListeners: Removing active service ComponentInfo{com.google.android.ext.services/android.ext.services.notification.Assistant}
05-09 14:56:15.072  1843  1843 V NotificationAssistants: enabling notification assistant for 0: ComponentInfo{com.google.android.ext.services/android.ext.services.notification.Assistant}
05-09 14:56:15.072  1843  1843 V NotificationAssistants: binding: Intent { act=android.service.notification.NotificationAssistantService cmp=com.google.android.ext.services/android.ext.services.notification.Assistant (has extras) }
05-09 14:56:15.077  2312  2312 D CellBroadcastReceiver: Start Cell Broadcast configuration.
05-09 14:56:15.081  2312  2312 D CellBroadcastReceiver: Default interval 0 did not change.
05-09 14:56:15.083  2104  2104 D FallbackHome: User unlocked and real home found; let's go!
05-09 14:56:15.110  1843  2150 I ActivityManager: START u0 {act=android.intent.action.MAIN cat=[android.intent.category.HOME] flg=0x10000100 cmp=com.google.android.apps.nexuslauncher/.NexusLauncherActivity} from uid 0
05-09 14:56:15.134  1843  1860 W ActivityManager: Slow operation: 165ms so far, now at startProcess: returned from zygote!
05-09 14:56:15.158  2466  2466 W com.android.se: Unexpected CPU variant for X86 using defaults: x86
05-09 14:56:15.178  2466  2466 E com.android.se: Not starting debugger since process cannot load the jdwp agent.
05-09 14:56:15.182  2088  2088 D CarrierSvcBindHelper: Received android.intent.action.USER_UNLOCKED
05-09 14:56:15.197  2088  2088 D CarrierSvcBindHelper: No carrier app for: 0
05-09 14:56:15.204  2088  2088 D IntentBroadcaster: Rebroadcasting intent android.intent.action.SIM_STATE_CHANGED LOADED for slotId 0
05-09 14:56:15.206  2312  2460 D CellBroadcastConfigService: Enable CellBroadcast on sub 1
05-09 14:56:15.214  2088  2354 D IccSmsInterfaceManager: [IccSmsInterfaceManager] Calling setGsmBroadcastConfig with 1 configurations
05-09 14:56:15.225  1955  1955 I TransientFileCleaner: Deleting 0 files
05-09 14:56:15.713  1843  1860 W ActivityManager: Slow operation: 744ms so far, now at startProcess: done updating battery stats
05-09 14:56:15.713  1843  1860 W ActivityManager: Slow operation: 744ms so far, now at startProcess: building log message
05-09 14:56:15.713  1843  1860 I ActivityManager: Start proc 2466:com.android.se/1068 for added application com.android.se
05-09 14:56:15.713  1843  1860 W ActivityManager: Slow operation: 744ms so far, now at startProcess: starting to update pids map
05-09 14:56:15.713  1843  1860 W ActivityManager: Slow operation: 744ms so far, now at startProcess: done updating pids map
05-09 14:56:15.713  1843  1860 W ActivityManager: Slow operation: 671ms so far, now at startProcess: asking zygote to start proc
05-09 14:56:15.728  1843  1843 W Looper  : Slow dispatch took 653ms main h=android.app.ActivityThread$H c=android.app.-$$Lambda$LoadedApk$ReceiverDispatcher$Args$_BumDX2UKsnxLVrE6UJsJZkotuA@33ba023 m=0
05-09 14:56:15.741  1843  1860 W ActivityManager: Slow operation: 699ms so far, now at startProcess: returned from zygote!
05-09 14:56:15.745  1955  1955 I LauncherIconVisibility: doUpdate() : Visible = false
05-09 14:56:15.750  1843  1843 W Looper  : Slow delivery took 661ms main h=com.android.server.job.JobSchedulerService$JobHandler c=null m=6
05-09 14:56:15.753  1843  1843 W Looper  : Drained
05-09 14:56:15.755  1843  1860 W ActivityManager: Slow operation: 713ms so far, now at startProcess: done updating battery stats
05-09 14:56:15.755  1843  1860 W ActivityManager: Slow operation: 713ms so far, now at startProcess: building log message
05-09 14:56:15.755  1843  1860 I ActivityManager: Start proc 2495:com.google.android.googlequicksearchbox:search/u0a41 for service com.google.android.googlequicksearchbox/com.google.android.hotword.service.HotwordService
05-09 14:56:15.756  1843  1860 W ActivityManager: Slow operation: 714ms so far, now at startProcess: starting to update pids map
05-09 14:56:15.756  1843  1860 W ActivityManager: Slow operation: 714ms so far, now at startProcess: done updating pids map
05-09 14:56:15.756  1843  1860 W ActivityManager: Slow operation: 668ms so far, now at startProcess: asking zygote to start proc
05-09 14:56:15.768  2180  2501 D ExtAssistant: File doesn't exist or isn't readable yet
05-09 14:56:15.782  2088  2088 D OtaspSimStateReceiver: Received intent: android.telephony.action.CARRIER_CONFIG_CHANGED
05-09 14:56:15.783  2088  2088 D OtaspSimStateReceiver: otasp activation not needed: no supported carrier
05-09 14:56:15.785  2495  2495 I chatty  : uid=10041 com.google.android.googlequicksearchbox:search expire 10 lines
05-09 14:56:15.824  2088  2354 D IccSmsInterfaceManager: [IccSmsInterfaceManager] Failed to add GSM cell broadcast subscription for MID range 4370 to 4370 from client com.android.cellbroadcastreceiver
05-09 14:56:15.831  1843  1860 W ActivityManager: Slow operation: 743ms so far, now at startProcess: returned from zygote!
05-09 14:56:15.831  1843  1860 W ActivityManager: Slow operation: 743ms so far, now at startProcess: done updating battery stats
05-09 14:56:15.831  1843  1860 W ActivityManager: Slow operation: 743ms so far, now at startProcess: building log message
05-09 14:56:15.831  1843  1860 I ActivityManager: Start proc 2514:com.google.android.apps.nexuslauncher/u0a7 for service com.google.android.apps.nexuslauncher/com.android.quickstep.TouchInteractionService
05-09 14:56:15.831  1843  1860 W ActivityManager: Slow operation: 743ms so far, now at startProcess: starting to update pids map
05-09 14:56:15.831  1843  1860 W ActivityManager: Slow operation: 743ms so far, now at startProcess: done updating pids map
05-09 14:56:15.831  1843  1860 W ActivityManager: Slow operation: 99ms so far, now at startProcess: asking zygote to start proc
05-09 14:56:15.836  2514  2514 W s.nexuslaunche: Unexpected CPU variant for X86 using defaults: x86
05-09 14:56:15.838  2088  2354 D IccSmsInterfaceManager: [IccSmsInterfaceManager] Calling setCdmaBroadcastConfig with 1 configurations
05-09 14:56:15.844  2088  2088 I VvmSimStateTracker: android.telephony.action.CARRIER_CONFIG_CHANGED
05-09 14:56:15.855  1843  1860 W ActivityManager: Slow operation: 123ms so far, now at startProcess: returned from zygote!
05-09 14:56:15.855  2296  2296 I Dialer  : GoogleDialerApplication.onCreate - enter
05-09 14:56:15.858  1843  1860 W ActivityManager: Slow operation: 126ms so far, now at startProcess: done updating battery stats
05-09 14:56:15.858  1843  1860 W ActivityManager: Slow operation: 126ms so far, now at startProcess: building log message
05-09 14:56:15.858  1843  1860 I ActivityManager: Start proc 2521:com.android.smspush/u0a61 for service com.android.smspush/.WapPushManager
05-09 14:56:15.858  1843  1860 W ActivityManager: Slow operation: 126ms so far, now at startProcess: starting to update pids map
05-09 14:56:15.858  1843  1860 W ActivityManager: Slow operation: 126ms so far, now at startProcess: done updating pids map
05-09 14:56:15.867  2331  2331 I ContactsPerf: VoicemailContentProvider.onCreate start
05-09 14:56:15.874  2514  2514 E s.nexuslaunche: Not starting debugger since process cannot load the jdwp agent.
05-09 14:56:15.875  2088  2088 I VvmSimStateTracker: Service connected on ComponentInfo{com.android.phone/com.android.services.telephony.TelephonyConnectionService}, ***, UserHandle{0}
05-09 14:56:15.884  2521  2521 W android.smspus: Unexpected CPU variant for X86 using defaults: x86
05-09 14:56:15.891  2258  2258 I chatty  : uid=10013 com.google.android.gms.persistent expire 4 lines
05-09 14:56:15.906  2088  2354 D IccSmsInterfaceManager: [IccSmsInterfaceManager] Failed to add cdma broadcast subscription for MID range 4096 to 4096 from client com.android.cellbroadcastreceiver
05-09 14:56:15.951  2521  2521 E android.smspus: Not starting debugger since process cannot load the jdwp agent.
05-09 14:56:15.979  2088  2288 D IccSmsInterfaceManager: [IccSmsInterfaceManager] Calling setGsmBroadcastConfig with 1 configurations
05-09 14:56:15.995  1843  2482 W ActivityManager: Slow operation: 95ms so far, now at attachApplicationLocked: after mServices.attachApplicationLocked
05-09 14:56:16.027  2227  2227 I AlarmClock: AlarmInitReceiver android.intent.action.LOCKED_BOOT_COMPLETED
05-09 14:56:16.066  1843  1933 D ConnectivityService: Got NetworkFactory Messenger for WIFI
05-09 14:56:16.066  1843  1933 D ConnectivityService: Got NetworkFactory Messenger for WIFI_UT
05-09 14:56:16.074  2088  2088 I RemoteVvmTaskManager: Binding to ComponentInfo{com.google.android.dialer/com.android.voicemail.impl.OmtpService}
05-09 14:56:16.075  2331  2504 D ContactsDatabaseHelper: WAL enabled for contacts2.db: true
05-09 14:56:16.089  2088  2288 D IccSmsInterfaceManager: [IccSmsInterfaceManager] Failed to add GSM cell broadcast subscription for MID range 4383 to 4383 from client com.android.cellbroadcastreceiver
05-09 14:56:16.108  2088  2288 D IccSmsInterfaceManager: [IccSmsInterfaceManager] Calling setGsmBroadcastConfig with 1 configurations
05-09 14:56:16.112  2088  2288 D IccSmsInterfaceManager: [IccSmsInterfaceManager] Failed to add GSM cell broadcast subscription for MID range 4371 to 4372 from client com.android.cellbroadcastreceiver
05-09 14:56:16.115  2331  2331 I ContactsPerf: VoicemailContentProvider.onCreate finish
05-09 14:56:16.124  1843  1932 E WifiP2pService: Unhandled message { when=0 what=131203 target=com.android.internal.util.StateMachine$SmHandler }
05-09 14:56:16.135  2296  2296 I Dialer  : DialerExecutorModule.newThread - creating low priority thread
05-09 14:56:16.139  2088  2288 D IccSmsInterfaceManager: [IccSmsInterfaceManager] Calling setCdmaBroadcastConfig with 1 configurations
05-09 14:56:16.142  2088  2288 D IccSmsInterfaceManager: [IccSmsInterfaceManager] Failed to add cdma broadcast subscription for MID range 4097 to 4097 from client com.android.cellbroadcastreceiver
05-09 14:56:16.160  2088  2288 D IccSmsInterfaceManager: [IccSmsInterfaceManager] Calling setGsmBroadcastConfig with 1 configurations
05-09 14:56:16.171  2088  2288 D IccSmsInterfaceManager: [IccSmsInterfaceManager] Failed to add GSM cell broadcast subscription for MID range 4384 to 4385 from client com.android.cellbroadcastreceiver
05-09 14:56:16.179  2088  2288 D IccSmsInterfaceManager: [IccSmsInterfaceManager] Calling setGsmBroadcastConfig with 1 configurations
05-09 14:56:16.208  2088  2288 D IccSmsInterfaceManager: [IccSmsInterfaceManager] Failed to add GSM cell broadcast subscription for MID range 4373 to 4378 from client com.android.cellbroadcastreceiver
05-09 14:56:16.226  2088  2288 D IccSmsInterfaceManager: [IccSmsInterfaceManager] Calling setCdmaBroadcastConfig with 1 configurations
05-09 14:56:16.230  2088  2288 D IccSmsInterfaceManager: [IccSmsInterfaceManager] Failed to add cdma broadcast subscription for MID range 4098 to 4098 from client com.android.cellbroadcastreceiver
05-09 14:56:16.242  2088  2288 D IccSmsInterfaceManager: [IccSmsInterfaceManager] Calling setGsmBroadcastConfig with 1 configurations
05-09 14:56:16.247  2088  2288 D IccSmsInterfaceManager: [IccSmsInterfaceManager] Failed to add GSM cell broadcast subscription for MID range 4386 to 4391 from client com.android.cellbroadcastreceiver
05-09 14:56:16.256  2088  2288 D IccSmsInterfaceManager: [IccSmsInterfaceManager] Calling setGsmBroadcastConfig with 1 configurations
05-09 14:56:16.267  2088  2288 D IccSmsInterfaceManager: [IccSmsInterfaceManager] Failed to add GSM cell broadcast subscription for MID range 4379 to 4379 from client com.android.cellbroadcastreceiver
05-09 14:56:16.272  2088  2288 D IccSmsInterfaceManager: [IccSmsInterfaceManager] Calling setCdmaBroadcastConfig with 1 configurations
05-09 14:56:16.281  2088  2288 D IccSmsInterfaceManager: [IccSmsInterfaceManager] Failed to add cdma broadcast subscription for MID range 4099 to 4099 from client com.android.cellbroadcastreceiver
05-09 14:56:16.283  2088  2354 D IccSmsInterfaceManager: [IccSmsInterfaceManager] Calling setGsmBroadcastConfig with 1 configurations
05-09 14:56:16.285  2088  2354 D IccSmsInterfaceManager: [IccSmsInterfaceManager] Failed to add GSM cell broadcast subscription for MID range 4392 to 4392 from client com.android.cellbroadcastreceiver
05-09 14:56:16.290  2088  2354 D IccSmsInterfaceManager: [IccSmsInterfaceManager] Failed to remove GSM cell broadcast subscription for MID range 4380 to 4380 from client com.android.cellbroadcastreceiver
05-09 14:56:16.305  2088  2354 D IccSmsInterfaceManager: [IccSmsInterfaceManager] Failed to remove cdma broadcast subscription for MID range 4100 to 4100 from client com.android.cellbroadcastreceiver
05-09 14:56:16.313  2088  2354 D IccSmsInterfaceManager: [IccSmsInterfaceManager] Failed to remove GSM cell broadcast subscription for MID range 4393 to 4393 from client com.android.cellbroadcastreceiver
05-09 14:56:16.354  2088  2354 D IccSmsInterfaceManager: [IccSmsInterfaceManager] Failed to remove GSM cell broadcast subscription for MID range 4381 to 4381 from client com.android.cellbroadcastreceiver
05-09 14:56:16.377  2088  2354 D IccSmsInterfaceManager: [IccSmsInterfaceManager] Failed to remove GSM cell broadcast subscription for MID range 4394 to 4394 from client com.android.cellbroadcastreceiver
05-09 14:56:16.391  2088  2354 D IccSmsInterfaceManager: [IccSmsInterfaceManager] Failed to remove GSM cell broadcast subscription for MID range 4382 to 4382 from client com.android.cellbroadcastreceiver
05-09 14:56:16.394  2088  2288 D IccSmsInterfaceManager: [IccSmsInterfaceManager] Failed to remove GSM cell broadcast subscription for MID range 4395 to 4395 from client com.android.cellbroadcastreceiver
05-09 14:56:16.397  2088  2288 D IccSmsInterfaceManager: [IccSmsInterfaceManager] Calling setGsmBroadcastConfig with 1 configurations
05-09 14:56:16.402  2088  2288 D IccSmsInterfaceManager: [IccSmsInterfaceManager] Failed to add GSM cell broadcast subscription for MID range 4352 to 4354 from client com.android.cellbroadcastreceiver
05-09 14:56:16.408  2088  2288 D IccSmsInterfaceManager: [IccSmsInterfaceManager] Calling setGsmBroadcastConfig with 1 configurations
05-09 14:56:16.408  2466  2466 I com.android.se: The ClassLoaderContext is a special shared library.
05-09 14:56:16.412  2088  2288 D IccSmsInterfaceManager: [IccSmsInterfaceManager] Failed to add GSM cell broadcast subscription for MID range 4356 to 4356 from client com.android.cellbroadcastreceiver
05-09 14:56:16.430  2088  2354 D IccSmsInterfaceManager: [IccSmsInterfaceManager] Failed to remove GSM cell broadcast subscription for MID range 4355 to 4355 from client com.android.cellbroadcastreceiver
05-09 14:56:16.462  2258  2269 I chatty  : uid=10013(com.google.android.gms) HeapTaskDaemon expire 1 line
05-09 14:56:16.468  2410  2410 I chatty  : uid=10013(com.google.android.gms) expire 10 lines
05-09 14:56:16.645  2296  2296 I Dialer  : SpamModule.provideSpam - using in-app spam
05-09 14:56:16.656  2296  2296 I Dialer  : SpamModule.provideSpam - using in-app spam
05-09 14:56:16.657  2296  2296 I Dialer  : CallLogConfigImpl.schedulePollingJob - scheduling
05-09 14:56:16.662  2296  2296 I Dialer  : DialerApplication.initializeAnnotatedCallLog - framework not enabled
05-09 14:56:16.693  2466  2466 I SecureElementService: main onCreate
05-09 14:56:16.696  1540  1540 W hwservicemanager: getTransport: Cannot find entry android.hardware.secure_element@1.0::ISecureElement/eSE1 in either framework or device manifest.
05-09 14:56:16.696  2466  2466 I SecureElementService: No HAL implementation for eSE1
05-09 14:56:16.697  1540  1540 W hwservicemanager: getTransport: Cannot find entry android.hardware.secure_element@1.0::ISecureElement/SIM1 in either framework or device manifest.
05-09 14:56:16.698  2466  2466 I SecureElementService: No HAL implementation for SIM1
05-09 14:56:16.728  2521  2521 I android.smspus: The ClassLoaderContext is a special shared library.
05-09 14:56:16.748  1955  1955 I UrgentSignal: getInstance(): Creating UrgentSignalsProcessor instance
05-09 14:56:16.822  1955  1955 I PhenotypeExpConfig: refreshConfiguration() : Force = true : UpdateAvailable = false : Age = 2563 minutes : MaxAge = 720 minutes
05-09 14:56:16.832  1955  1955 I FirebaseJobDispatcher: Schedule task: fetch_configuration. Success.
05-09 14:56:16.853  1955  1955 E putmethod.lati: The String#value field is not present on Android versions >= 6.0
05-09 14:56:16.859  1955  1955 I FirebaseJobDispatcher: Schedule task: register. Success.
05-09 14:56:16.919  2495  2581 I chatty  : uid=10041(com.google.android.googlequicksearchbox) StartupSettings expire 1 line
05-09 14:56:16.941  1955  2549 E LatinCountersUtils: Unhandled flavor name: preload
05-09 14:56:17.023  2410  2585 I chatty  : uid=10013(com.google.android.gms) expire 1 line
05-09 14:56:17.087  1843  1843 I TransportClient: D2dTransportService#1: Notifying [TransportManager.registerTransport()] transport = IBackupTransport
05-09 14:56:17.095  1955  2549 E LatinCountersUtils: Unhandled flavor name: preload
05-09 14:56:17.163  1955  2549 E LatinCountersUtils: Unhandled flavor name: preload
05-09 14:56:17.196  1843  2371 D BackupTransportManager: Transport com.google.android.gms/.backup.component.D2dTransportService registered
05-09 14:56:17.197  1843  2371 D BackupManagerService: Transport com.google.android.gms/.backup.migrate.service.D2dTransport registered 6315ms after first request (delay = 3000ms)
05-09 14:56:17.181  1955  2549 I chatty  : uid=10069(com.google.android.inputmethod.latin) MetricsManager identical 2 lines
05-09 14:56:17.184  1955  2549 E LatinCountersUtils: Unhandled flavor name: preload
05-09 14:56:17.223  2514  2514 I s.nexuslaunche: The ClassLoaderContext is a special shared library.
05-09 14:56:17.266  2296  2296 E .android.diale: The String#value field is not present on Android versions >= 6.0
05-09 14:56:17.270  2296  2296 I Dialer  : NonUiTaskBuilder.newThread - creating serial thread
05-09 14:56:17.271  2296  2296 I Dialer  : DialerExecutorModule.newThread - creating low priority thread
05-09 14:56:17.274  2296  2296 I Dialer  : ShortcutsJobScheduler.scheduleAllJobs - enter
05-09 14:56:17.341  2296  2296 I Dialer  : ShortcutsJobScheduler.scheduleAllJobs - enabling shortcuts
05-09 14:56:17.341  2296  2296 I Dialer  : PeriodicJobService.schedulePeriodicJob - enter
05-09 14:56:17.342  2296  2296 I Dialer  : PeriodicJobService.schedulePeriodicJob - job already scheduled.
05-09 14:56:17.343  2296  2296 I Dialer  : ClearcutMetricsInitializer - Initializing
05-09 14:56:17.345  2296  2296 I Dialer  : ClearcutMetricsInitializer - Primes Metrics Monitoring started
05-09 14:56:17.345  2296  2296 I Dialer  : GoogleDialerApplication.onCreate - register new client
05-09 14:56:17.378  2296  2594 I Dialer  : SpamJobScheduler.scheduleJob - scheduling job with id: SPAM_JOB_WIFI
05-09 14:56:17.398  2296  2594 I Dialer  : SpamJobScheduler.scheduleJob - scheduling job with id: SPAM_JOB_ANY_NETWORK
05-09 14:56:17.520  2296  2296 I Dialer  : GoogleDialerApplication.onCreate - registered new client
05-09 14:56:17.533  1843  1843 I TransportClient: BackupTransportService#2: Notifying [TransportManager.registerTransport()] transport = IBackupTransport
05-09 14:56:17.558  2296  2296 I Dialer  : LegacyVoicemailNotificationReceiver.onReceive - received legacy voicemail notification
05-09 14:56:17.558  2296  2296 I Dialer  : LegacyVoicemailNotificationReceiver.onReceive - isRefresh: false
05-09 14:56:17.583  2296  2296 I Dialer  : LegacyVoicemailNotificationReceiver.onReceive - clearing notification
05-09 14:56:17.583  2296  2296 I Dialer  : LegacyVoicemailNotifier.cancelNotification - enter
05-09 14:56:17.600  2410  2589 I chatty  : uid=10013(com.google.android.gms) Binder:2410_4 expire 1 line
05-09 14:56:17.649  2258  2269 I chatty  : uid=10013(com.google.android.gms) HeapTaskDaemon expire 1 line
05-09 14:56:17.661  1843  2371 D BackupTransportManager: Transport com.google.android.gms/.backup.BackupTransportService registered
05-09 14:56:17.661  1843  2371 D BackupManagerService: Transport com.google.android.gms/.backup.BackupTransportService registered 6779ms after first request (delay = 3000ms)
05-09 14:56:17.691  2258  2302 I chatty  : uid=10013 com.google.android.gms.persistent expire 2 lines
05-09 14:56:17.744  1843  2371 I BackupManagerService: Found stale backup journal, scheduling
05-09 14:56:17.775  2296  2296 I Dialer  : LegacyVoicemailNotificationReceiver.onReceive - received legacy voicemail notification
05-09 14:56:17.775  2296  2296 I Dialer  : LegacyVoicemailNotificationReceiver.onReceive - isRefresh: true
05-09 14:56:17.775  2296  2296 I Dialer  : LegacyVoicemailNotificationReceiver.onReceive - clearing notification
05-09 14:56:17.775  2296  2296 I Dialer  : LegacyVoicemailNotifier.cancelNotification - enter
05-09 14:56:17.796  2296  2296 I Dialer  : VvmOmtpService - onCellServiceConnected
05-09 14:56:17.798  2296  2296 I Dialer  : VoicemailModule.provideVoicemailClient - providing VoicemailClientImpl
05-09 14:56:17.864  2495  2605 I chatty  : uid=10041 com.google.android.googlequicksearchbox:search expire 9 lines
05-09 14:56:17.865  2495  2535 I chatty  : uid=10041(com.google.android.googlequicksearchbox) Binder:2495_2 expire 1 line
05-09 14:56:17.797  1843  2371 I chatty  : uid=1000(system) backup identical 28 lines
05-09 14:56:17.797  1843  2371 I BackupManagerService: Found stale backup journal, scheduling
05-09 14:56:17.881  2373  2373 W KeyphraseEnrollmentInfo: No enrollment application supports the given keyphrase/locale: 'Ok Google'/en_US
05-09 14:56:17.881  2373  2373 W KeyphraseEnrollmentInfo: No enrollment application supports the given keyphrase/locale: 'Ok Google'/en_US
05-09 14:56:17.896  2373  2373 W KeyphraseEnrollmentInfo: No enrollment application supports the given keyphrase/locale: 'X Google'/en_US
05-09 14:56:17.917  2410  2611 I chatty  : uid=10013(com.google.android.gms) Binder:2410_5 expire 3 lines
05-09 14:56:18.023  1843  1860 I ActivityManager: Start proc 2621:com.google.process.gapps/u0a13 for content provider com.google.android.gsf/.settings.GoogleSettingsProvider
05-09 14:56:18.041  2331  2504 I ContactLocale: AddressBook Labels [[en_US]]: [, A, B, C, D, E, F, G, H, I, J, K, L, M, N, O, P, Q, R, S, T, U, V, W, X, Y, Z, , , , , , , , , , , , , , , , , , , , , , , , , , , , , , , , , , , , , , , , , , , , , , , , , , , , , , , , , , , , , , , , , , , , , , , , , , , , , , , , , , , , , , , , , , , , , , , , , , , , , , , , , , , , , , , , , , , , , , , , , , , , , , , , , , , , , , , , , , , , , , , , , , , , , , , , , , , , , , , , , , , , , , , , , , , , , , , , , , , , , , , , , , , #, ]
05-09 14:56:18.049  2621  2621 I chatty  : uid=10013(com.google.android.gms) expire 4 lines
05-09 14:56:18.109  2331  2504 D ContactsDatabaseHelper: WAL enabled for profile.db: false
05-09 14:56:18.203  2296  2296 I Dialer  : SpamJobScheduler.scheduleJob - job with id SPAM_JOB_ANY_NETWORK is already scheduled
05-09 14:56:18.206  2296  2296 I Dialer  : DialerExecutorModule.newThread - creating low priority thread
05-09 14:56:18.228  2296  2296 I Dialer  : LegacyVoicemailNotificationReceiver.onReceive - received legacy voicemail notification
05-09 14:56:18.229  2296  2296 I Dialer  : LegacyVoicemailNotificationReceiver.onReceive - isRefresh: true
05-09 14:56:18.230  2296  2296 I Dialer  : LegacyVoicemailNotificationReceiver.onReceive - clearing notification
05-09 14:56:18.230  2296  2296 I Dialer  : LegacyVoicemailNotifier.cancelNotification - enter
05-09 14:56:18.369  2410  2512 I chatty  : uid=10013(com.google.android.gms) Binder:2410_3 expire 1 line
05-09 14:56:18.407  1843  1860 I ActivityManager: Start proc 2646:com.google.android.partnersetup/u0a8 for content provider com.google.android.partnersetup/.RlzAppProvider
05-09 14:56:18.418  2495  2619 I chatty  : uid=10041(com.google.android.googlequicksearchbox) Binder:2495_5 expire 1 line
05-09 14:56:18.439  2646  2646 W id.partnersetu: Unexpected CPU variant for X86 using defaults: x86
05-09 14:56:18.443  2646  2646 E id.partnersetu: Not starting debugger since process cannot load the jdwp agent.
05-09 14:56:18.476  2646  2646 I id.partnersetu: The ClassLoaderContext is a special shared library.
05-09 14:56:18.551  2296  2639 D NetworkSecurityConfig: No Network Security Config specified, using platform default
05-09 14:56:18.566  2296  2296 I Dialer  : Flags.register - phenotype register status: true
05-09 14:56:18.602  2495  2661 I chatty  : uid=10041 com.google.android.googlequicksearchbox:search expire 1 line
05-09 14:56:18.702  2296  2639 I Dialer  : SpamAsyncTaskUtil.getAndUpdateServerSpamList - request:a: "us"
05-09 14:56:18.702  2296  2639 I Dialer  : b: 231341
05-09 14:56:18.702  2296  2639 I Dialer  : c: 231341
05-09 14:56:18.702  2296  2639 I Dialer  : d: 1588778262000
05-09 14:56:18.702  2296  2639 I Dialer  : e: "us"
05-09 14:56:18.702  2296  2639 I Dialer  : f: ""
05-09 14:56:18.702  2296  2639 I Dialer  : p: -1
05-09 14:56:18.853  2227  2255 I AlarmClock: Removing AlarmClockInfo
05-09 14:56:18.886  2296  2593 I Dialer  : DialerExecutorModule.newThread - creating low priority thread
05-09 14:56:18.902  2296  2296 I Dialer  : Flags.register - commit succeeded: true
05-09 14:56:18.912  1843  1860 I ActivityManager: Start proc 2672:android.process.media/u0a15 for broadcast com.android.providers.downloads/.DownloadReceiver
05-09 14:56:18.919  2672  2672 W d.process.medi: Unexpected CPU variant for X86 using defaults: x86
05-09 14:56:18.924  2672  2672 E d.process.medi: Not starting debugger since process cannot load the jdwp agent.
05-09 14:56:18.997  2296  2685 I Dialer  : DialerExecutorModule.newThread - creating low priority thread
05-09 14:56:19.004  2410  2585 I chatty  : uid=10013(com.google.android.gms) expire 2 lines
05-09 14:56:19.068  2621  2621 I chatty  : uid=10013(com.google.android.gms) expire 2 lines
05-09 14:56:19.108  2410  2585 I chatty  : uid=10013(com.google.android.gms) expire 2 lines
05-09 14:56:19.440  2646  2646 I id.partnersetu: The ClassLoaderContext is a special shared library.
05-09 14:56:19.526  2296  2639 I Dialer  : SpamAsyncTaskUtil.onNext - gRPC data received from server
05-09 14:56:19.526  2296  2639 I Dialer  : SpamAsyncTaskUtil.onNext - updated spam list for countryIso: us  blacklist version: 1589026655000
05-09 14:56:19.662  2672  2672 I d.process.medi: The ClassLoaderContext is a special shared library.
05-09 14:56:19.717  1843  2488 I chatty  : uid=1000(system) Binder:1843_F expire 1 line
05-09 14:56:19.727  1678  1678 W wificond: Scan is not started. Ignore abort request
05-09 14:56:19.866  1970  1970 I wpa_supplicant: wlan0: SME: Trying to authenticate with 02:15:b2:00:01:00 (SSID='AndroidWifi' freq=2447 MHz)
05-09 14:56:19.895  1781  1781 I hostapd : wlan1: STA 02:15:b2:00:00:00 IEEE 802.11: authenticated
05-09 14:56:19.895  1781  1781 I hostapd : wlan1: STA 02:15:b2:00:00:00 IEEE 802.11: authenticated
05-09 14:56:19.897  1970  1970 I wpa_supplicant: wlan0: Trying to associate with 02:15:b2:00:01:00 (SSID='AndroidWifi' freq=2447 MHz)
05-09 14:56:19.919  1781  1781 I hostapd : wlan1: STA 02:15:b2:00:00:00 IEEE 802.11: associated (aid 1)
05-09 14:56:19.919  1781  1781 I hostapd : wlan1: STA 02:15:b2:00:00:00 IEEE 802.11: associated (aid 1)
05-09 14:56:19.919  1781  1781 I hostapd : wlan1: AP-STA-CONNECTED 02:15:b2:00:00:00
05-09 14:56:19.920  1970  1970 I wpa_supplicant: wlan0: Associated with 02:15:b2:00:01:00
05-09 14:56:19.920  1970  1970 I wpa_supplicant: wlan0: CTRL-EVENT-CONNECTED - Connection to 02:15:b2:00:01:00 completed [id=0 id_str=%7B%22configKey%22%3A%22%5C%22AndroidWifi%5C%22NONE%22%2C%22creatorUid%22%3A%221000%22%7D]
05-09 14:56:19.920  1970  1970 I wpa_supplicant: wlan0: CTRL-EVENT-SUBNET-STATUS-UPDATE status=0
05-09 14:56:19.933  2672  2672 I d.process.medi: The ClassLoaderContext is a special shared library.
05-09 14:56:19.937  1843  1930 D ConnectivityService: registerNetworkAgent NetworkAgentInfo{ ni{[type: WIFI[], state: CONNECTING/CONNECTING, reason: (unspecified), extra: (none), failover: false, available: true, roaming: false]}  network{101}  nethandle{437197393933}  lp{{LinkAddresses: []  Routes: [] DnsAddresses: [] UsePrivateDns: false PrivateDnsServerName: null Domains: null MTU: 0}}  nc{[ Transports: WIFI Capabilities: NOT_METERED&INTERNET&NOT_RESTRICTED&TRUSTED&NOT_VPN&NOT_ROAMING&FOREGROUND&NOT_CONGESTED&NOT_SUSPENDED Unwanted:  LinkUpBandwidth>=1048576Kbps LinkDnBandwidth>=1048576Kbps SSID: "AndroidWifi"]}  Score{20}  everValidated{false}  lastValidated{false}  created{false} lingering{false} explicitlySelected{false} acceptUnvalidated{false} everCaptivePortalDetected{false} lastCaptivePortalDetected{false} clat{null} }
05-09 14:56:19.938  1843  1933 D ConnectivityService: NetworkAgentInfo [WIFI () - 101] EVENT_NETWORK_INFO_CHANGED, going from null to CONNECTING
05-09 14:56:19.957  1843  1933 D ConnectivityService: NetworkAgentInfo [WIFI () - 101] EVENT_NETWORK_INFO_CHANGED, going from CONNECTING to CONNECTING
05-09 14:56:20.117  1843  2698 I chatty  : uid=1000(system) Thread-16 expire 3 lines
05-09 14:56:20.125  1965  1965 W OverviewProxyService: Binder supposed established connection but actual connection to service timed out, trying again
05-09 14:56:20.127  1843  2095 I chatty  : uid=1000(system) IpClient.wlan0 expire 7 lines
05-09 14:56:20.148  1843  1902 I chatty  : uid=1000(system) HwBinder:1843_1 expire 16 lines
05-09 14:56:20.152  1675  1806 D CommandListener: Setting iface cfg
05-09 14:56:20.658  2672  2672 D MediaScannerReceiver: action: android.intent.action.MEDIA_MOUNTED path: /storage/1808-3B06
05-09 14:56:20.674  2704  2704 W oid.apps.photo: Unexpected CPU variant for X86 using defaults: x86
05-09 14:56:20.675  2704  2704 E oid.apps.photo: Not starting debugger since process cannot load the jdwp agent.
05-09 14:56:20.689  1843  1860 I ActivityManager: Start proc 2704:com.google.android.apps.photos/u0a58 for broadcast com.google.android.apps.photos/.sdcard.envcache.ExternalStorageStateChangeBroadcastReceiver
05-09 14:56:20.982  2672  2703 V MediaProvider: pruneThumbnails 
05-09 14:56:20.995  2672  2703 V MediaProvider: /pruneDeadThumbnailFiles... 
05-09 14:56:21.064  2104  2162 D EGL_emulation: eglMakeCurrent: 0xe3edcc00: ver 3 0 (tinfo 0xe0515980)
05-09 14:56:21.079  1965  2177 D EGL_emulation: eglMakeCurrent: 0xe04b0e20: ver 3 0 (tinfo 0xcb109320)
05-09 14:56:21.095  1965  2177 D EGL_emulation: eglMakeCurrent: 0xe04b0e20: ver 3 0 (tinfo 0xcb109320)
05-09 14:56:21.360  2514  2514 V Launcher: LauncherAppState initiated
05-09 14:56:21.374  2514  2514 D OpenGLRenderer: Skia GL Pipeline
05-09 14:56:21.755  1843  2486 W WallpaperManagerService: Cannot extract colors because wallpaper could not be read.
05-09 14:56:21.756  1843  2486 W WallpaperManagerService: Cannot get theme colors because WallpaperColors is null.
05-09 14:56:22.739  2296  2639 I Dialer  : SpamDatabaseHelper.bulkInsertNumbersToServerTable - inserted 13866 numbers into the server spam list.
05-09 14:56:23.113  2258  2258 I chatty  : uid=10013 com.google.android.gms.persistent expire 2 lines
05-09 14:56:23.139  2410  2728 I chatty  : uid=10013(com.google.android.gms) highpool[0] expire 16 lines
05-09 14:56:23.140  2704  2704 I oid.apps.photo: The ClassLoaderContext is a special shared library.
05-09 14:56:23.477  2258  2258 I chatty  : uid=10013 com.google.android.gms.persistent expire 1 line
05-09 14:56:23.542  2258  2745 I chatty  : uid=10013 com.google.android.gms.persistent expire 4 lines
05-09 14:56:23.557  2410  2728 I chatty  : uid=10013(com.google.android.gms) highpool[0] expire 13 lines
05-09 14:56:23.836  1955  1955 W native  : commandlineflags.cc:1503 Ignoring RegisterValidateFunction() for flag pointer 0xcba7b5a4: no flag found at that address
05-09 14:56:23.909  2410  2729 I chatty  : uid=10013(com.google.android.gms) expire 8 lines
05-09 14:56:24.076  1955  1955 I ShortcutsDataManager: onContentChanged()
05-09 14:56:24.076  1955  1955 I ContactsDataManager: onContentChanged()
05-09 14:56:24.076  1955  1955 I EmailDataManager: onContentChanged()
05-09 14:56:24.103  1955  1955 I ContextualPredictionExt: onCreateApp(): registering factories
05-09 14:56:24.108  1955  1955 I ContextualPredictionExt: onCreateApp(): Finished in 5 ms
05-09 14:56:24.108  1955  1955 I NotificationSmartReply: onCreateApp false
05-09 14:56:24.108  1955  1955 I LstmExtension: onCreateApp()
05-09 14:56:24.109  1955  1955 I LstmExtension: onCreateApp(): Finished in 1 ms
05-09 14:56:24.114  1955  1955 I ModuleManager: Module object of interface com.google.android.apps.inputmethod.libs.voiceime.VoiceImeExtension loaded.
05-09 14:56:24.116  1955  1955 I ModuleManager: com.google.android.apps.inputmethod.libs.voiceime.IVoiceImeExtension changed to available
05-09 14:56:24.118  1955  1955 I GoogleInputMethod: performUserUnlock() : isUserInitiallyUnlocked = false
05-09 14:56:24.121  1955  1955 I IcingNotification: IcingNotificationReceiver registered
05-09 14:56:24.122  1955  1955 I LstmExtension: onCreateService()
05-09 14:56:24.231  1955  1955 I LstmTrainingCache: getCacheConfig()
05-09 14:56:24.243  1955  1955 I LstmExtension: onCreateService(): Finished in 121 ms
05-09 14:56:24.243  1955  1955 I EntryActivation: Entry activation content observer disabled.
05-09 14:56:24.253  1955  1955 I FirebaseJobDispatcher: Schedule task: PeriodicStats. Success.
05-09 14:56:24.256  1955  1955 I FirebaseJobDispatcher: Schedule task: PeriodicTasks. Success.
05-09 14:56:24.455  1843  1857 W Looper  : Slow dispatch took 13836ms android.bg h=android.os.Handler c=com.android.server.search.SearchManagerService$Lifecycle$1@49568c8 m=0
05-09 14:56:24.457  2410  2739 I chatty  : uid=10013(com.google.android.gms) Binder:2410_6 expire 4 lines
05-09 14:56:24.473  2410  2421 I chatty  : uid=10013(com.google.android.gms) Binder:2410_1 expire 2 lines
05-09 14:56:24.512  1955  1955 I ModuleManager: com.google.android.apps.inputmethod.libs.search.IFeatureCardNoticeExtension changed to available
05-09 14:56:24.513  1955  1955 I ModuleManager: Module object of interface com.google.android.apps.inputmethod.libs.search.nativecard.FeatureCardNoticeExtension loaded.
05-09 14:56:24.513  1955  1955 I ModuleManager: com.google.android.apps.inputmethod.libs.search.IDefaultStickerExtension changed to available
05-09 14:56:24.513  1955  1955 I ModuleManager: Module object of interface com.google.android.apps.inputmethod.libs.search.sticker.DefaultStickerExtension loaded.
05-09 14:56:24.526  1955  1955 I FirebaseJobDispatcher: Schedule task: DefaultStickerUpdate. Success.
05-09 14:56:24.526  1955  1955 I DefaultStickerUpdate: Scheduled update for locale=en_US, data=DefaultStickerTaskData{enabled=true, metadataUriPrefix=https://www.gstatic.com/android/keyboard/stickers/configs/v5/, supportedLanguage=en}, and reason=CREATE
05-09 14:56:24.527  1955  1955 I ModuleManager: com.google.android.apps.inputmethod.libs.textediting.ITextEditingExtension changed to available
05-09 14:56:24.527  1955  1955 I ModuleManager: com.google.android.apps.inputmethod.libs.translate.ITranslateUIExtension changed to available
05-09 14:56:24.531  1955  1955 I ModuleManager: com.google.android.apps.inputmethod.libs.search.IUniversalMediaExtension changed to available
05-09 14:56:24.532  1955  1955 I ModuleManager: com.google.android.apps.inputmethod.libs.search.IEmojiSearchExtension changed to available
05-09 14:56:24.532  1955  1955 I ModuleManager: Module object of interface com.google.android.apps.inputmethod.libs.search.emoji.EmojiSearchExtension loaded.
05-09 14:56:24.547  1955  1955 I ModuleManager: com.google.android.apps.inputmethod.libs.search.sense.IConversationToQueryExtension changed to available
05-09 14:56:24.547  1955  1955 I ModuleManager: Module object of interface com.google.android.apps.inputmethod.libs.search.sense.ConversationToQueryExtension loaded.
05-09 14:56:24.633  1955  1955 I Conv2QueryExtension: onCreate()
05-09 14:56:24.825  2769  2769 W id.printspoole: Unexpected CPU variant for X86 using defaults: x86
05-09 14:56:24.826  2769  2769 E id.printspoole: Not starting debugger since process cannot load the jdwp agent.
05-09 14:56:24.829  1843  1860 I ActivityManager: Start proc 2769:com.android.printspooler/u0a77 for service com.android.printspooler/.model.PrintSpoolerService
05-09 14:56:25.103  1843  1858 W ActivityManager: Launch timeout has expired, giving up wake lock!
05-09 14:56:25.136  1965  1965 W OverviewProxyService: Binder supposed established connection but actual connection to service timed out, trying again
05-09 14:56:25.249  2769  2769 I id.printspoole: The ClassLoaderContext is a special shared library.
05-09 14:56:25.425  1843  1864 I AppWidgetServiceImpl: Async processing of onUserUnlocked u0 took 14803 ms
05-09 14:56:25.425  1843  1864 W Looper  : Slow dispatch took 14803ms android.fg h=android.os.Handler c=com.android.server.appwidget.-$$Lambda$AppWidgetService$HIwvoPMyKqEhLVIiysgUKH8QJg8@31cc0d1 m=0
05-09 14:56:25.425  1843  1864 W Looper  : Slow delivery took 14298ms android.fg h=com.android.server.AppStateTracker$MyHandler c=null m=12
05-09 14:56:25.426  1843  1864 I ActivityManager: Loading recents for user 0 into memory.
05-09 14:56:25.432  1843  1864 E NetdConnector: NDC event {600 Iface linkstate wlan0 up} processed too late: 5512ms
05-09 14:56:25.432  1843  1864 E NetdConnector: NDC event {600 Iface linkstate wlan0 up} processed too late: 5511ms
05-09 14:56:25.432  1843  1864 E NetdConnector: NDC event {616 Route updated fe80::/64 dev wlan0} processed too late: 5478ms
05-09 14:56:25.433  1843  1864 E NetdConnector: NDC event {614 Address updated fe80::15:b2ff:fe00:0/64 wlan0 196 253} processed too late: 5479ms
05-09 14:56:25.433  1843  1864 E NetdConnector: NDC event {614 Address updated 192.168.232.2/21 wlan0 128 0} processed too late: 5279ms
05-09 14:56:25.434  1843  1864 E NetdConnector: NDC event {614 Address updated fe80::15:b2ff:fe00:0/64 wlan0 128 253} processed too late: 4485ms
05-09 14:56:25.434  1843  1864 E NetdConnector: NDC event {616 Route updated ::/0 via fe80::15:b2ff:fe00:100 dev wlan0} processed too late: 4486ms
05-09 14:56:25.434  1843  1864 E NetdConnector: NDC event {616 Route updated fec0::/64 dev wlan0} processed too late: 4486ms
05-09 14:56:25.434  1843  1864 E NetdConnector: NDC event {614 Address updated fec0::fcbe:70ff:fe59:d072/64 radio0 0 200} processed too late: 4485ms
05-09 14:56:25.434  1843  1864 E NetdConnector: NDC event {614 Address updated fec0::94e8:e0d4:a635:9205/64 radio0 1 200} processed too late: 4485ms
05-09 14:56:25.435  1843  1864 E NetdConnector: NDC event {614 Address updated fec0::15:b2ff:fe00:0/64 wlan0 68 200} processed too late: 4485ms
